KVSTORE_LOG_V1
PUT 0 0|409835558
PUT 1 100|3119437592
PUT 2 200|4228387729
PUT 3 300|3232387094
PUT 4 400|2009438851
PUT 5 500|1265096964
PUT 6 600|243342733
PUT 7 700|841178634
PUT 8 800|3140456166
PUT 9 900|2274217313
PUT 10 1000|3288377772
PUT 11 1100|245239870
PUT 12 1200|2320293065
PUT 13 1300|1087530331
PUT 14 1400|1486373734
PUT 15 1500|2449930996
PUT 16 1600|383006211
PUT 17 1700|3695873937
PUT 18 1800|641759865
PUT 19 1900|3974022123
PUT 20 2000|3881639135
PUT 21 2100|767796557
PUT 22 2200|2836490682
PUT 23 2300|1670369320
PUT 24 2400|2076571157
PUT 25 2500|2975551367
PUT 26 2600|898204528
PUT 27 2700|4279712482
PUT 28 2800|85839626
PUT 29 2900|3481499288
PUT 30 3000|4187385870
PUT 31 3100|856213916
PUT 32 3200|3084518763
PUT 33 3300|2101656825
PUT 34 3400|1695455940
PUT 35 3500|2945459030
PUT 36 3600|725807009
PUT 37 3700|3789313587
PUT 38 3800|467051483
PUT 39 3900|3511163465
PUT 40 4000|2716235321
PUT 41 4100|1803079595
PUT 42 4200|4020896604
PUT 43 4300|624212686
PUT 44 4400|1031707891
PUT 45 4500|4158661985
PUT 46 4600|1932716438
PUT 47 4700|3115077636
PUT 48 4800|1134994924
PUT 49 4900|2302155902
PUT 50 5000|3207404264
PUT 51 5100|1974707066
PUT 52 5200|4049694605
PUT 53 5300|1006622239
PUT 54 5400|599126050
PUT 55 5500|3911928240
PUT 56 5600|1845069127
PUT 57 5700|2808560853
PUT 58 5800|1567476029
PUT 59 5900|2549313711
PUT 60 6000|2624630683
PUT 61 6100|1458443785
PUT 62 6200|3527203582
PUT 63 6300|413295468
PUT 64 6400|15222097
PUT 65 6500|3396795587
PUT 66 6600|1319383092
PUT 67 6700|2218428838
PUT 68 6800|2117106766
PUT 69 6900|3031352796
PUT 70 7000|2193343306
PUT 71 7100|1210415832
PUT 72 7200|3438786095
PUT 73 7300|107548605
PUT 74 7400|505620864
PUT 75 7500|3569192978
PUT 76 7600|1349475557
PUT 77 7700|2599544183
PUT 78 7800|1627066527
PUT 79 7900|2858789133
PUT 80 8000|747676661
PUT 81 8100|3859683943
PUT 82 8200|1658640016
PUT 83 8300|2822926082
PUT 84 8400|2953333055
PUT 85 8500|2056712365
PUT 86 8600|4265884762
PUT 87 8700|886736328
PUT 88 8800|3469766688
PUT 89 8900|72272306
PUT 90 9000|844877604
PUT 91 9100|4173690550
PUT 92 9200|2081929793
PUT 93 9300|3062432723
PUT 94 9400|2932024814
PUT 95 9500|1683856508
PUT 96 9600|3767488651
PUT 97 9700|705816857
PUT 98 9800|3491437809
PUT 99 9900|444966243
PUT 100 10000|2278186057
PUT 101 10100|545209802
PUT 102 10200|332503310
PUT 103 10300|3026516109
PUT 104 10400|1955385478
PUT 105 10500|3543773445
PUT 106 10600|3767997889
PUT 107 10700|1193440322
PUT 108 10800|3124118422
PUT 109 10900|495133205
PUT 110 11000|4091296690
PUT 111 11100|1416190513
PUT 112 11200|1741160181
PUT 113 11300|3228737398
PUT 114 11400|10139517
PUT 115 11500|2804930302
PUT 116 11600|2491511354
PUT 117 11700|859050937
PUT 118 11800|3458212973
PUT 119 11900|1771390446
PUT 120 12000|1877382079
PUT 121 12100|3360944700
PUT 122 12200|4227684088
PUT 123 12300|1548236667
PUT 124 12400|2627739504
PUT 125 12500|991264499
PUT 126 12600|146528823
PUT 127 12700|2936978356
PUT 128 12800|1377471584
PUT 129 12900|4121947619
PUT 130 13000|468776004
PUT 131 13100|3158676935
PUT 132 13200|2414555395
PUT 133 13300|677269632
PUT 134 13400|3904272523
PUT 135 13500|1325603080
PUT 136 13600|2091761100
PUT 137 13700|3675839567
PUT 138 13800|638380955
PUT 139 13900|2176420376
PUT 140 14000|2363672036
PUT 141 14100|727164007
PUT 142 14200|418971811
PUT 143 14300|3209453856
PUT 144 14400|2141473067
PUT 145 14500|3625003176
PUT 146 14600|3955199084
PUT 147 14700|1275784687
PUT 148 14800|2971589179
PUT 149 14900|380353464
PUT 150 15000|4176781855
PUT 151 15100|1598145436
PUT 152 15200|1827628888
PUT 153 15300|3411674843
PUT 154 15400|196226768
PUT 155 15500|2886160211
PUT 156 15600|2678713239
PUT 157 15700|941394452
PUT 158 15800|3305684416
PUT 159 15900|1656609859
PUT 160 16000|1691224594
PUT 161 16100|3279645585
PUT 162 16200|4040544085
PUT 163 16300|1465954006
PUT 164 16400|2542307037
PUT 165 16500|809363294
PUT 166 16600|59982746
PUT 167 16700|2753962521
PUT 168 16800|1496454605
PUT 169 16900|4270289998
PUT 170 17000|282619369
PUT 171 17100|3077377130
PUT 172 17200|2227415214
PUT 173 17300|594987309
PUT 174 17400|3818840358
PUT 175 17500|1143701669
PUT 176 17600|2005214305
PUT 177 17700|3492824546
PUT 178 17800|757363254
PUT 179 17900|2324763573
PUT 180 18000|2442882835
PUT 181 18100|908988048
PUT 182 18200|92318292
PUT 183 18300|2721434583
PUT 184 18400|1658708956
PUT 185 18500|3311960671
PUT 186 18600|4140181147
PUT 187 18700|1366509336
PUT 188 18800|2892460236
PUT 189 18900|198316367
PUT 190 19000|3851225320
PUT 191 19100|1110993259
PUT 192 19200|1905708463
PUT 193 19300|3592662060
PUT 194 19400|382436391
PUT 195 19500|2977883556
PUT 196 19600|2194686304
PUT 197 19700|627384547
PUT 198 19800|3631290167
PUT 199 19900|2143581876
PUT 200 20000|4192672348
PUT 201 20100|1582463967
PUT 202 20200|1845288731
PUT 203 20300|3393830552
PUT 204 20400|178362003
PUT 205 20500|2903832336
PUT 206 20600|2663011284
PUT 207 20700|957297239
PUT 208 20800|3290105219
PUT 209 20900|1672373248
PUT 210 21000|2381413799
PUT 211 21100|709106724
PUT 212 21200|434813152
PUT 213 21300|3193952611
PUT 214 21400|2125984104
PUT 215 21500|3640824043
PUT 216 21600|3937154095
PUT 217 21700|1293505964
PUT 218 21800|2953667192
PUT 219 21900|397935611
PUT 220 22000|298571178
PUT 221 22100|3061756969
PUT 222 22200|2245005549
PUT 223 22300|577073518
PUT 224 22400|3800914277
PUT 225 22500|1161312486
PUT 226 22600|1989581858
PUT 227 22700|3508796833
PUT 228 22800|741853813
PUT 229 22900|2340596726
PUT 230 23000|1709027921
PUT 231 23100|3261649874
PUT 232 23200|4056315670
PUT 233 23300|1450382997
PUT 234 23400|2526756510
PUT 235 23500|825122589
PUT 236 23600|42007513
PUT 237 23700|2771753562
PUT 238 23800|1478602126
PUT 239 23900|4287941645
PUT 240 24000|4073686001
PUT 241 24100|1434116722
PUT 242 24200|1725187766
PUT 243 24300|3244369717
PUT 244 24400|25759550
PUT 245 24500|2788978365
PUT 246 24600|2509425273
PUT 247 24700|841460730
PUT 248 24800|3476266030
PUT 249 24900|1753677229
PUT 250 25000|2262426634
PUT 251 25100|560760201
PUT 252 25200|314712397
PUT 253 25300|3044491470
PUT 254 25400|1973381317
PUT 255 25500|3525970246
PUT 256 25600|3783568770
PUT 257 25700|1177668609
PUT 258 25800|3139828693
PUT 259 25900|479238742
PUT 260 26000|451103751
PUT 261 26100|3176541572
PUT 262 26200|2398652736
PUT 263 26300|692971715
PUT 264 26400|3919954120
PUT 265 26500|1309712715
PUT 266 26600|2109605263
PUT 267 26700|3658179596
PUT 268 26800|656364504
PUT 269 26900|2158637659
PUT 270 27000|1861561340
PUT 271 27100|3376433791
PUT 272 27200|4209962683
PUT 273 27300|1566281528
PUT 274 27400|2645796659
PUT 275 27500|973522608
PUT 276 27600|162030196
PUT 277 27700|2921137143
PUT 278 27800|1393112099
PUT 279 27900|4105983392
PUT 280 28000|4021692678
PUT 281 28100|1208174725
PUT 282 28200|2074995777
PUT 283 28300|3692596674
PUT 284 28400|485533129
PUT 285 28500|3141911626
PUT 286 28600|2297127054
PUT 287 28700|794689805
PUT 288 28800|3528079065
PUT 289 28900|1979668314
PUT 290 29000|2610974461
PUT 291 29100|1008021374
PUT 292 29200|263949242
PUT 293 29300|2819549753
PUT 294 29400|1759953458
PUT 295 29500|3478365105
PUT 296 29600|4244440949
PUT 297 29700|1531471606
PUT 298 29800|2791067938
PUT 299 29900|32059553
PUT 300 30000|3556517807
PUT 301 30100|1950959148
PUT 302 30200|1206379240
PUT 303 30300|3763503979
PUT 304 30400|549104480
PUT 305 30500|2265959139
PUT 306 30600|3030478375
PUT 307 30700|320081828
PUT 308 30800|3992991856
PUT 309 30900|1236621811
PUT 310 31000|2817146964
PUT 311 31100|6234583
PUT 312 31200|871466259
PUT 313 31300|2487542928
PUT 314 31400|1420610715
PUT 315 31500|4078546200
PUT 316 31600|3233221084
PUT 317 31700|1728211039
PUT 318 31800|2585157515
PUT 319 31900|1034108424
PUT 320 32000|1003546713
PUT 321 32100|2623900122
PUT 322 32200|2949328158
PUT 323 32300|142494877
PUT 324 32400|3365299350
PUT 325 32500|1864566037
PUT 326 32600|1552785873
PUT 327 32700|4214800466
PUT 328 32800|103610246
PUT 329 32900|2711197189
PUT 330 33000|1338412962
PUT 331 33100|3899911713
PUT 332 33200|3688712933
PUT 333 33300|2087201638
PUT 334 33400|3162506093
PUT 335 33500|456483566
PUT 336 33600|681297450
PUT 337 33700|2402199465
PUT 338 33800|1916440701
PUT 339 33900|3582980606
PUT 340 34000|3637820930
PUT 341 34100|2137120641
PUT 342 34200|1288665925
PUT 343 34300|3950648006
PUT 344 34400|731001549
PUT 345 34500|2351387470
PUT 346 34600|3213490058
PUT 347 34700|406623753
PUT 348 34800|3844645341
PUT 349 34900|1117634654
PUT 350 35000|2898450937
PUT 351 35100|192395386
PUT 352 35200|953752766
PUT 353 35300|2674687293
PUT 354 35400|1602508086
PUT 355 35500|4163974325
PUT 356 35600|3416232049
PUT 357 35700|1814753778
PUT 358 35800|2436810278
PUT 359 35900|915122085
PUT 360 36000|821588468
PUT 361 36100|2538410103
PUT 362 36200|2766386355
PUT 363 36300|56022320
PUT 364 36400|3284073787
PUT 365 36500|1678482616
PUT 366 36600|1470445692
PUT 367 36700|4027603455
PUT 368 36800|218394155
PUT 369 36900|2863730600
PUT 370 37000|1156453903
PUT 371 37100|3814422412
PUT 372 37200|3505771336
PUT 373 37300|2000728779
PUT 374 37400|3081280192
PUT 375 37500|270400323
PUT 376 37600|598957959
PUT 377 37700|2215001604
PUT 378 37800|2031225296
PUT 379 37900|3735513171
PUT 380 38000|3316454645
PUT 381 38100|1645770102
PUT 382 38200|1370935730
PUT 383 38300|4127436849
PUT 384 38400|921409594
PUT 385 38500|2438920633
PUT 386 38600|2733661565
PUT 387 38700|88423678
PUT 388 38800|4166060842
PUT 389 38900|1608805033
PUT 390 39000|2981851918
PUT 391 39100|370021005
PUT 392 39200|631289417
PUT 393 39300|2182469578
PUT 394 39400|1123942337
PUT 395 39500|3846741570
PUT 396 39600|3605412486
PUT 397 39700|1901288197
PUT 398 39800|2353491153
PUT 399 39900|737283410
PUT 400 40000|96310902
PUT 401 40100|2718496757
PUT 402 40200|2443596593
PUT 403 40300|907227826
PUT 404 40400|4143651513
PUT 405 40500|1364097850
PUT 406 40600|1658904574
PUT 407 40700|3310730877
PUT 408 40800|943819177
PUT 409 40900|2683627562
PUT 410 41000|1907093901
PUT 411 41100|3592327182
PUT 412 41200|3853530314
PUT 413 41300|1107645769
PUT 414 41400|2196602178
PUT 415 41500|626531521
PUT 416 41600|385267717
PUT 417 41700|2974013830
PUT 418 41800|1280831058
PUT 419 41900|3957493713
PUT 420 42000|3985725824
PUT 421 42100|1243887619
PUT 422 42200|2039127239
PUT 423 42300|3728735556
PUT 424 42400|517461327
PUT 425 42500|3110253772
PUT 426 42600|2328629256
PUT 427 42700|762933643
PUT 428 42800|3496822367
PUT 429 42900|2010654684
PUT 430 43000|2575777403
PUT 431 43100|1043488760
PUT 432 43200|228391740
PUT 433 43300|2854853311
PUT 434 43400|1791079092
PUT 435 43500|3446985527
PUT 436 43600|4275730419
PUT 437 43700|1500452464
PUT 438 43800|2759532964
PUT 439 43900|63848487
PUT 440 44000|244649947
PUT 441 44100|2837474904
PUT 442 44200|2593049244
PUT 443 44300|1027320607
PUT 444 44400|4258497300
PUT 445 44500|1516692119
PUT 446 44600|1774732883
PUT 447 44700|3464308688
PUT 448 44800|862523396
PUT 449 44900|2497474951
PUT 450 45000|2055432224
PUT 451 45100|3711306147
PUT 452 45200|4002983271
PUT 453 45300|1227738340
PUT 454 45400|2311447791
PUT 455 45500|779126124
PUT 456 45600|501096872
PUT 457 45700|3127590955
PUT 458 45800|1199536127
PUT 459 45900|3771340412
PUT 460 46000|3870933037
PUT 461 46100|1091346862
PUT 462 46200|1923220842
PUT 463 46300|3575080169
PUT 464 46400|369052898
PUT 465 46500|2991205729
PUT 466 46600|2179238309
PUT 467 46700|642902054
PUT 468 46800|3678789618
PUT 469 46900|2096152177
PUT 470 47000|2460985302
PUT 471 47100|890947157
PUT 472 47200|112485009
PUT 473 47300|2701198098
PUT 474 47400|1642670873
PUT 475 47500|3327937178
PUT 476 47600|4126338654
PUT 477 47700|1380421597
PUT 478 47800|2941499401
PUT 479 47900|149346698
PUT 480 48000|334275884
PUT 481 48100|3025781935
PUT 482 48200|2281136235
PUT 483 48300|541196776
PUT 484 48400|3769248227
PUT 485 48500|1193232480
PUT 486 48600|1957817508
PUT 487 48700|3540290855
PUT 488 48800|772848371
PUT 489 48900|2309348208
PUT 490 49000|1744487127
PUT 491 49100|3226444628
PUT 492 49200|4091611024
PUT 493 49300|1414817299
PUT 494 49400|2495368728
PUT 495 49500|856240027
PUT 496 49600|10980191
PUT 497 49700|2803034844
PUT 498 49800|1510399240
PUT 499 49900|4256414859
PUT 500 50000|799452037
PUT 501 50100|2282998278
PUT 502 50200|3149754050
PUT 503 50300|470290241
PUT 504 50400|3705677642
PUT 505 50500|2069186249
PUT 506 50600|1224466957
PUT 507 50700|4014900110
PUT 508 50800|307934298
PUT 509 50900|3052393945
PUT 510 51000|1538313342
PUT 511 51100|4228230653
PUT 512 51200|3484092729
PUT 513 51300|1746823354
PUT 514 51400|2834710705
PUT 515 51500|256057650
PUT 516 51600|1022199286
PUT 517 51700|2606294133
PUT 518 51800|1716310945
PUT 519 51900|3254366754
PUT 520 52000|3347735667
PUT 521 52100|1614743024
PUT 522 52200|1402052916
PUT 523 52300|4096049335
PUT 524 52400|885844156
PUT 525 52500|2474215743
PUT 526 52600|2698456571
PUT 527 52700|123882616
PUT 528 52800|4202068908
PUT 529 52900|1573067311
PUT 530 53000|3013346184
PUT 531 53100|338256395
PUT 532 53200|663209679
PUT 533 53300|2150803276
PUT 534 53400|1088065351
PUT 535 53500|3882872516
PUT 536 53600|3569437184
PUT 537 53700|1936993155
PUT 538 53800|2388663383
PUT 539 53900|701857236
PUT 540 54000|613298728
PUT 541 54100|2201703339
PUT 542 54200|2962618223
PUT 543 54300|388011756
PUT 544 54400|3620257511
PUT 545 54500|1887297380
PUT 546 54600|1137933216
PUT 547 54700|3831896611
PUT 548 54800|426913271
PUT 549 54900|3200732276
PUT 550 55000|1352160723
PUT 551 55100|4146934864
PUT 552 55200|3296956564
PUT 553 55300|1664545047
PUT 554 55400|2749290780
PUT 555 55500|74168479
PUT 556 55600|935664731
PUT 557 55700|2423291352
PUT 558 55800|1835289100
PUT 559 55900|3402705807
PUT 560 56000|3433233886
PUT 561 56100|1796709469
PUT 562 56200|1488533657
PUT 563 56300|4278999322
PUT 564 56400|1071935761
PUT 565 56500|2555449490
PUT 566 56600|2885661782
PUT 567 56700|206230997
PUT 568 56800|4049527297
PUT 569 56900|1458275202
PUT 570 57000|3098843685
PUT 571 57100|520223654
PUT 572 57200|749690722
PUT 573 57300|2333753057
PUT 574 57400|1274156778
PUT 575 57500|3964106601
PUT 576 57600|3756643245
PUT 577 57700|2019340846
PUT 578 57800|2236122618
PUT 579 57900|587064441
PUT 580 58000|972527839
PUT 581 58100|2655189340
PUT 582 58200|2917948824
PUT 583 58300|173620251
PUT 584 58400|3400602640
PUT 585 58500|1829008787
PUT 586 58600|1588253015
PUT 587 58700|4179603668
PUT 588 58800|67864320
PUT 589 58900|2747197059
PUT 590 59000|1306656548
PUT 591 59100|3931414183
PUT 592 59200|3657054819
PUT 593 59300|2119130080
PUT 594 59400|3198645227
PUT 595 59500|420614760
PUT 596 59600|717010604
PUT 597 59700|2366232367
PUT 598 59800|1881006331
PUT 599 59900|3618144632
PUT 600 60000|1368124816
PUT 601 60100|4131294227
PUT 602 60200|3314559191
PUT 603 60300|1646610772
PUT 604 60400|2731368799
PUT 605 60500|91750620
PUT 606 60600|920036376
PUT 607 60700|2439234971
PUT 608 60800|1819800143
PUT 609 60900|3418526668
PUT 610 61000|631081579
PUT 611 61100|2183719912
PUT 612 61200|2978369324
PUT 613 61300|372453039
PUT 614 61400|3604678308
PUT 615 61500|1903060775
PUT 616 61600|1119929315
PUT 617 61700|3849691744
PUT 618 61800|409048500
PUT 619 61900|3218404407
PUT 620 62000|3114738278
PUT 621 62100|504513509
PUT 622 62200|767354657
PUT 623 62300|2315880098
PUT 624 62400|1256304297
PUT 625 62500|3981758250
PUT 626 62600|3740953582
PUT 627 62700|2035223149
PUT 628 62800|2220572089
PUT 629 62900|602823738
PUT 630 63000|3450946973
PUT 631 63100|1778656286
PUT 632 63200|1504346330
PUT 633 63300|4263502169
PUT 634 63400|1056426322
PUT 635 63500|2571282641
PUT 636 63600|2867596309
PUT 637 63700|223964566
PUT 638 63800|4031601218
PUT 639 63900|1475886017
PUT 640 64000|1520661565
PUT 641 64100|4246083006
PUT 642 64200|3468210554
PUT 643 64300|1762513145
PUT 644 64400|2850420978
PUT 645 64500|240163185
PUT 646 64600|1040072117
PUT 647 64700|2588630070
PUT 648 64800|1734306786
PUT 649 64900|3236563553
PUT 650 65000|783619014
PUT 651 65100|2298507845
PUT 652 65200|3132020353
PUT 653 65300|488355586
PUT 654 65400|3723730697
PUT 655 65500|2051473034
PUT 656 65600|1239964238
PUT 657 65700|3999087565
PUT 658 65800|323554329
PUT 659 65900|3036442010
PUT 660 66000|2995764171
PUT 661 66100|356178504
PUT 662 66200|647265932
PUT 663 66300|2166431503
PUT 664 66400|1103705860
PUT 665 66500|3866908295
PUT 666 66600|3587371587
PUT 667 66700|1919390656
PUT 668 66800|2406720532
PUT 669 66900|684115351
PUT 670 67000|3331972144
PUT 671 67100|1630322099
PUT 672 67200|1384257911
PUT 673 67300|4114053364
PUT 674 67400|903827711
PUT 675 67500|2456433020
PUT 676 67600|2714015160
PUT 677 67700|108131387
PUT 678 67800|4217750511
PUT 679 67900|1557176940
PUT 680 68000|1205526218
PUT 681 68100|3765419849
PUT 682 68200|3552648077
PUT 683 68300|1953790478
PUT 684 68400|3030143493
PUT 685 68500|321467270
PUT 686 68600|545756994
PUT 687 68700|2268264129
PUT 688 68800|2049360149
PUT 689 68900|3717439638
PUT 690 69000|869054769
PUT 691 69100|2491013298
PUT 692 69200|2815917174
PUT 693 69300|6430197
PUT 694 69400|3230283262
PUT 695 69500|1732203645
PUT 696 69600|1418850489
PUT 697 69700|4079259962
PUT 698 69800|238069486
PUT 699 69900|2844116845
PUT 700 70000|2073088099
PUT 701 70100|3693457888
PUT 702 70200|4018869540
PUT 703 70300|1212052647
PUT 704 70400|2295749804
PUT 705 70500|795032879
PUT 706 70600|483236331
PUT 707 70700|3145267304
PUT 708 70800|1181536188
PUT 709 70900|3789139519
PUT 710 71000|260487064
PUT 711 71100|2821969435
PUT 712 71200|2610787039
PUT 713 71300|1009259356
PUT 714 71400|4240456535
PUT 715 71500|1534417620
PUT 716 71600|1759247888
PUT 717 71700|3480133523
PUT 718 71800|846899271
PUT 719 71900|2513422788
PUT 720 72000|2478579605
PUT 721 72100|873037334
PUT 722 72200|128441042
PUT 723 72300|2685582161
PUT 724 72400|1627034458
PUT 725 72500|3343905497
PUT 726 72600|4108408349
PUT 727 72700|1398028190
PUT 728 72800|2923429962
PUT 729 72900|167076297
PUT 730 73000|3886708846
PUT 731 73100|1075780077
PUT 732 73200|1941028137
PUT 733 73300|3557088426
PUT 734 73400|351073441
PUT 735 73500|3008992546
PUT 736 73600|2163683814
PUT 737 73700|658657381
PUT 738 73800|3663095729
PUT 739 73900|2112030258
PUT 740 74000|1891125710
PUT 741 74100|3607963725
PUT 742 74200|3835923593
PUT 743 74300|1125575946
PUT 744 74400|2214511873
PUT 745 74500|608937090
PUT 746 74600|400883782
PUT 747 74700|2958057925
PUT 748 74800|1296324113
PUT 749 74900|3941676946
PUT 750 75000|78523957
PUT 751 75100|2736476086
PUT 752 75200|2427841394
PUT 753 75300|922782449
PUT 754 75400|4159218426
PUT 755 75500|1348322169
PUT 756 75600|1676896189
PUT 757 75700|3292923454
PUT 758 75800|961688042
PUT 759 75900|2665959529
PUT 760 76000|2559870520
PUT 761 76100|1059186619
PUT 762 76200|210715519
PUT 763 76300|2872713980
PUT 764 76400|1808927479
PUT 765 76500|3429329780
PUT 766 76600|4291415984
PUT 767 76700|1484566067
PUT 768 76800|2775095783
PUT 769 76900|48101476
PUT 770 77000|3968000451
PUT 771 77100|1261928512
PUT 772 77200|2023302276
PUT 773 77300|3744220423
PUT 774 77400|532966668
PUT 775 77500|3094416527
PUT 776 77600|2346690635
PUT 777 77700|745195976
PUT 778 77800|3514760732
PUT 779 77900|1993056159
PUT 780 78000|1841423161
PUT 781 78100|3396633274
PUT 782 78200|4191823486
PUT 783 78300|1584351229
PUT 784 78400|2659676150
PUT 785 78500|959581813
PUT 786 78600|178039473
PUT 787 78700|2905197362
PUT 788 78800|1346239718
PUT 789 78900|4152925541
PUT 790 79000|433554626
PUT 791 79100|3194152257
PUT 792 79200|2378973573
PUT 793 79300|712581126
PUT 794 79400|3935373325
PUT 795 79500|1294231950
PUT 796 79600|2123025738
PUT 797 79700|3644828873
PUT 798 79800|606837533
PUT 799 79900|2208234142
PUT 800 80000|645498979
PUT 801 80100|2177690080
PUT 802 80200|2992786724
PUT 803 80300|366423207
PUT 804 80400|3577676972
PUT 805 80500|1921672495
PUT 806 80600|1092927979
PUT 807 80700|3868303464
PUT 808 80800|461739964
PUT 809 80900|3157325375
PUT 810 81000|1383067544
PUT 811 81100|4124741147
PUT 812 81200|3329501919
PUT 813 81300|1640057692
PUT 814 81400|2703844183
PUT 815 81500|110887636
PUT 816 81600|892511760
PUT 817 81700|2458371987
PUT 818 81800|1871966279
PUT 819 81900|3357970884
PUT 820 82000|3461695381
PUT 821 82100|1776297494
PUT 822 82200|1515094738
PUT 823 82300|4261143377
PUT 824 82400|1024707418
PUT 825 82500|2594613977
PUT 826 82600|2835877405
PUT 827 82700|247295902
PUT 828 82800|4087961674
PUT 829 82900|1411135945
PUT 830 83000|3124961390
PUT 831 83100|502677997
PUT 832 83200|777577769
PUT 833 83300|2314044586
PUT 834 83400|1225108641
PUT 835 83500|4004564258
PUT 836 83600|3709757926
PUT 837 83700|2058029157
PUT 838 83800|2277457841
PUT 839 83900|537550386
PUT 840 84000|760287694
PUT 841 84100|2330226765
PUT 842 84200|3108689033
PUT 843 84300|520074506
PUT 844 84400|3726089473
PUT 845 84500|2040724610
PUT 846 84600|1242323014
PUT 847 84700|3988339141
PUT 848 84800|279776785
PUT 849 84900|3071831954
PUT 850 85000|1497855541
PUT 851 85100|4277278646
PUT 852 85200|3445404530
PUT 853 85300|1793708785
PUT 854 85400|2852256506
PUT 855 85500|229940089
PUT 856 85600|1041907645
PUT 857 85700|2578406974
PUT 858 85800|1690003946
PUT 859 85900|3272476777
PUT 860 86000|3313360440
PUT 861 86100|1657323451
PUT 862 86200|1365646207
PUT 863 86300|4141054716
PUT 864 86400|909857527
PUT 865 86500|2442015604
PUT 866 86600|2720044976
PUT 867 86700|93713971
PUT 868 86800|4169253351
PUT 869 86900|1597284452
PUT 870 87000|2976627139
PUT 871 87100|383703104
PUT 872 87200|628128900
PUT 873 87300|2193956103
PUT 874 87400|1110258956
PUT 875 87500|3851965583
PUT 876 87600|3593924683
PUT 877 87700|1904447944
PUT 878 87800|2358748700
PUT 879 87900|723699615
PUT 880 88000|807975737
PUT 881 88100|2543704762
PUT 882 88200|2754838142
PUT 883 88300|59121661
PUT 884 88400|3278780406
PUT 885 88500|1692096117
PUT 886 88600|1467347633
PUT 887 88700|4039152434
PUT 888 88800|232039654
PUT 889 88900|2858534245
PUT 890 89000|1144970434
PUT 891 89100|3817585985
PUT 892 89200|3492092293
PUT 893 89300|2005956614
PUT 894 89400|3078115341
PUT 895 89500|281883022
PUT 896 89600|593728842
PUT 897 89700|2228679881
PUT 898 89800|2042807069
PUT 899 89900|3732382366
PUT 900 90000|207795600
PUT 901 90100|2883048467
PUT 902 90200|2558095575
PUT 903 90300|1070338388
PUT 904 90400|4280564063
PUT 905 90500|1485920476
PUT 906 90600|1799355416
PUT 907 90700|3431636379
PUT 908 90800|832481871
PUT 909 90900|2519452620
PUT 910 91000|2020921963
PUT 911 91100|3754013672
PUT 912 91200|3966703404
PUT 913 91300|1272608431
PUT 914 91400|2335334052
PUT 915 91500|747061031
PUT 916 91600|522820579
PUT 917 91700|3097295456
PUT 918 91800|1166593460
PUT 919 91900|3795692599
PUT 920 92000|3830348390
PUT 921 92100|1140530149
PUT 922 92200|1884667681
PUT 923 92300|3621838498
PUT 924 92400|386463401
PUT 925 92500|2965215018
PUT 926 92600|2199073774
PUT 927 92700|614879853
PUT 928 92800|3652347321
PUT 929 92900|2114389050
PUT 930 93000|2421693853
PUT 931 93100|938310686
PUT 932 93200|71555290
PUT 933 93300|2750855513
PUT 934 93400|1662947666
PUT 935 93500|3299602641
PUT 936 93600|4144321557
PUT 937 93700|1353725334
PUT 938 93800|2913206850
PUT 939 93900|168911809
PUT 940 94000|122301501
PUT 941 94100|2701086142
PUT 942 94200|2471618938
PUT 943 94300|887392505
PUT 944 94400|4094468338
PUT 945 94500|1404682609
PUT 946 94600|1612146101
PUT 947 94700|3349283894
PUT 948 94800|985019362
PUT 949 94900|2634240609
PUT 950 95000|1935428550
PUT 951 95100|3572050501
PUT 952 95200|3880226433
PUT 953 95300|1089662722
PUT 954 95400|2149238537
PUT 955 95500|665822858
PUT 956 95600|335610446
PUT 957 95700|3014943693
PUT 958 95800|1319130137
PUT 959 95900|3910481306
PUT 960 96000|4016497611
PUT 961 96100|1221821000
PUT 962 96200|2071799436
PUT 963 96300|3704112911
PUT 964 96400|471887620
PUT 965 96500|3147107975
PUT 966 96600|2285611587
PUT 967 96700|797887424
PUT 968 96800|3533372436
PUT 969 96900|1966054807
PUT 970 97000|2607842352
PUT 971 97100|1019602355
PUT 972 97200|258687351
PUT 973 97300|2833129716
PUT 974 97400|1748371711
PUT 975 97500|3481495932
PUT 976 97600|4230860216
PUT 977 97700|1536732219
PUT 978 97800|2794232815
PUT 979 97900|20576876
PUT 980 98000|439584458
PUT 981 98100|3179734857
PUT 982 98200|2385003405
PUT 983 98300|698163726
PUT 984 98400|3916761605
PUT 985 98500|1321233286
PUT 986 98600|2104414018
PUT 987 98700|3671830209
PUT 988 98800|667916565
PUT 989 98900|2155542678
PUT 990 99000|1847976241
PUT 991 99100|3381690546
PUT 992 99200|4198376566
PUT 993 99300|1569408501
PUT 994 99400|2640539134
PUT 995 99500|987106429
PUT 996 99600|158902457
PUT 997 99700|2932721978
PUT 998 99800|1406795502
PUT 999 99900|4100759405
PUT 1000 100000|2372800269
PUT 1001 100100|1074161060
PUT 1002 100200|3436174366
PUT 1003 100300|27768503
PUT 1004 100400|237873451
PUT 1005 100500|3276129154
PUT 1006 100600|1334606392
PUT 1007 100700|2195984529
PUT 1008 100800|1352156416
PUT 1009 100900|2649763753
PUT 1010 101000|581532715
PUT 1011 101100|4022408834
PUT 1012 101200|1661513528
PUT 1013 101300|2925577617
PUT 1014 101400|2716523021
PUT 1015 101500|1820504228
PUT 1016 101600|3763013918
PUT 1017 101700|757294007
PUT 1018 101800|4284429862
PUT 1019 101900|842488975
PUT 1020 102000|160558848
PUT 1021 102100|3304687017
PUT 1022 102200|1211120659
PUT 1023 102300|2237159098
PUT 1024 102400|2329037094
PUT 1025 102500|1203381135
PUT 1026 102600|3413350965
PUT 1027 102700|102494364
PUT 1028 102800|3563562253
PUT 1029 102900|420466596
PUT 1030 103000|2790693926
PUT 1031 103100|1799288463
PUT 1032 103200|3891744565
PUT 1033 103300|715072924
PUT 1034 103400|622148096
PUT 1035 103500|3900526761
PUT 1036 103600|1689577747
PUT 1037 103700|2849801146
PUT 1038 103800|2074138155
PUT 1039 103900|3066608770
PUT 1040 104000|1608567126
PUT 1041 104100|2458428415
PUT 1042 104200|507583045
PUT 1043 104300|3542708460
PUT 1044 104400|3701698416
PUT 1045 104500|298517977
PUT 1046 104600|2634202211
PUT 1047 104700|1349179082
PUT 1048 104800|2182513499
PUT 1049 104900|1333717490
PUT 1050 105000|4029135472
PUT 1051 105100|1028640985
PUT 1052 105200|2978376035
PUT 1053 105300|2095973322
PUT 1054 105400|1935940694
PUT 1055 105500|3188487935
PUT 1056 105600|851824453
PUT 1057 105700|4289570284
PUT 1058 105800|768733309
PUT 1059 105900|3770260180
PUT 1060 106000|3676252507
PUT 1061 106100|376914930
PUT 1062 106200|2596207176
PUT 1063 106300|1473679585
PUT 1064 106400|1482461053
PUT 1065 106500|2503271892
PUT 1066 106600|436034670
PUT 1067 106700|3566548679
PUT 1068 106800|115958614
PUT 1069 106900|3414231551
PUT 1070 107000|1960335997
PUT 1071 107100|3115331796
PUT 1072 107200|897157486
PUT 1073 107300|4161921991
PUT 1074 107400|4154195035
PUT 1075 107500|989042418
PUT 1076 107600|3057266504
PUT 1077 107700|2068989409
PUT 1078 107800|2838368368
PUT 1079 107900|1682340569
PUT 1080 108000|4077028858
PUT 1081 108100|1047195475
PUT 1082 108200|2997049065
PUT 1083 108300|2144025664
PUT 1084 108400|1883317212
PUT 1085 108500|3173599605
PUT 1086 108600|836825295
PUT 1087 108700|4236810854
PUT 1088 108800|787795959
PUT 1089 108900|3818693982
PUT 1090 109000|1556477660
PUT 1091 109100|2444074101
PUT 1092 109200|493102543
PUT 1093 109300|3490467686
PUT 1094 109400|3750121722
PUT 1095 109500|317602387
PUT 1096 109600|2653389801
PUT 1097 109700|1397745984
PUT 1098 109800|2167651537
PUT 1099 109900|1281087096
PUT 1100 110000|1607224707
PUT 1101 110100|2460231466
PUT 1102 110200|510500496
PUT 1103 110300|3540382777
PUT 1104 110400|3700419493
PUT 1105 110500|300384524
PUT 1106 110600|2637052086
PUT 1107 110700|1346785823
PUT 1108 110800|2184841102
PUT 1109 110900|1330801959
PUT 1110 111000|4027268773
PUT 1111 111100|1029919756
PUT 1112 111200|2980769206
PUT 1113 111300|2093123359
PUT 1114 111400|1934137475
PUT 1115 111500|3189830186
PUT 1116 111600|854150032
PUT 1117 111700|4286652729
PUT 1118 111800|771585192
PUT 1119 111900|3767868929
PUT 1120 112000|3677597070
PUT 1121 112100|375113511
PUT 1122 112200|2593291933
PUT 1123 112300|1476006964
PUT 1124 112400|1483738024
PUT 1125 112500|2501402881
PUT 1126 112600|433182907
PUT 1127 112700|3568939538
PUT 1128 112800|113633155
PUT 1129 112900|3417148714
PUT 1130 113000|1962204840
PUT 1131 113100|3114054657
PUT 1132 113200|894766523
PUT 1133 113300|4164773650
PUT 1134 113400|4155996302
PUT 1135 113500|987697703
PUT 1136 113600|3054939037
PUT 1137 113700|2071904564
PUT 1138 113800|2835518629
PUT 1139 113900|1684733452
PUT 1140 114000|2369948632
PUT 1141 114100|1076552049
PUT 1142 114200|3437451467
PUT 1143 114300|25899618
PUT 1144 114400|234958334
PUT 1145 114500|3278456663
PUT 1146 114600|1335951085
PUT 1147 114700|2194183236
PUT 1148 114800|1354023381
PUT 1149 114900|2648484732
PUT 1150 115000|579205374
PUT 1151 115100|4025324119
PUT 1152 115200|1663314925
PUT 1153 115300|2924233028
PUT 1154 115400|2714132184
PUT 1155 115500|1823356017
PUT 1156 115600|3764882891
PUT 1157 115700|756016994
PUT 1158 115800|4285772531
PUT 1159 115900|840685658
PUT 1160 116000|163408853
PUT 1161 116100|3302293884
PUT 1162 116200|1209841862
PUT 1163 116300|2239025775
PUT 1164 116400|2331954675
PUT 1165 116500|1201055578
PUT 1166 116600|3412008672
PUT 1167 116700|104297545
PUT 1168 116800|3561693656
PUT 1169 116900|421743473
PUT 1170 117000|2793019635
PUT 1171 117100|1796371034
PUT 1172 117200|3889941472
PUT 1173 117300|716415305
PUT 1174 117400|624541397
PUT 1175 117500|3897676924
PUT 1176 117600|1687711174
PUT 1177 117700|2851080047
PUT 1178 117800|2072793854
PUT 1179 117900|3068409943
PUT 1180 118000|564184948
PUT 1181 118100|3972574685
PUT 1182 118200|1610683495
PUT 1183 118300|2909372110
PUT 1184 118400|2732810578
PUT 1185 118500|1871383547
PUT 1186 118600|3812799041
PUT 1187 118700|774559976
PUT 1188 118800|4233530745
PUT 1189 118900|826206160
PUT 1190 119000|2389161042
PUT 1191 119100|1125113595
PUT 1192 119200|3485886273
PUT 1193 119300|44961256
PUT 1194 119400|220467828
PUT 1195 119500|3226237149
PUT 1196 119600|1283834215
PUT 1197 119700|2179836878
PUT 1198 119800|1402076767
PUT 1199 119900|2667156726
PUT 1200 120000|4082863184
PUT 1201 120100|1043588857
PUT 1202 120200|3002752835
PUT 1203 120300|2140288490
PUT 1204 120400|1880631926
PUT 1205 120500|3178250463
PUT 1206 120600|834271589
PUT 1207 120700|4241593292
PUT 1208 120800|783140445
PUT 1209 120900|3821382900
PUT 1210 121000|1553792886
PUT 1211 121100|2448725471
PUT 1212 121200|490548325
PUT 1213 121300|3495249612
PUT 1214 121400|3755956560
PUT 1215 121500|313996281
PUT 1216 121600|2659093059
PUT 1217 121700|1394008298
PUT 1218 121800|2171254139
PUT 1219 121900|1275256786
PUT 1220 122000|2007264349
PUT 1221 122100|3133933300
PUT 1222 122200|906346318
PUT 1223 122300|4218279399
PUT 1224 122400|4108831355
PUT 1225 122500|965714130
PUT 1226 122600|3041270120
PUT 1227 122700|2016310209
PUT 1228 122800|2857510480
PUT 1229 122900|1731874041
PUT 1230 123000|3630374779
PUT 1231 123100|353072594
PUT 1232 123200|2579680360
PUT 1233 123300|1420469953
PUT 1234 123400|1528871261
PUT 1235 123500|2521355252
PUT 1236 123600|444688974
PUT 1237 123700|3622371559
PUT 1238 123800|93672822
PUT 1239 123900|3372040159
PUT 1240 124000|567626251
PUT 1241 124100|3971817634
PUT 1242 124200|1618254104
PUT 1243 124300|2904355761
PUT 1244 124400|2727799853
PUT 1245 124500|1878951556
PUT 1246 124600|3812048702
PUT 1247 124700|777999767
PUT 1248 124800|4230152198
PUT 1249 124900|827026095
PUT 1250 125000|2383558957
PUT 1251 125100|1132090244
PUT 1252 125200|3484674622
PUT 1253 125300|47939735
PUT 1254 125400|223452939
PUT 1255 125500|3225023906
PUT 1256 125600|1290816536
PUT 1257 125700|2174232241
PUT 1258 125800|1407480608
PUT 1259 125900|2659981705
PUT 1260 126000|2771036678
PUT 1261 126100|1749205167
PUT 1262 126200|3834345749
PUT 1263 126300|702747580
PUT 1264 126400|644418592
PUT 1265 126500|3942737545
PUT 1266 126600|1741217587
PUT 1267 126700|2862658970
PUT 1268 126800|2027741195
PUT 1269 126900|3048508066
PUT 1270 127000|183359776
PUT 1271 127100|3347428233
PUT 1272 127200|1263274547
PUT 1273 127300|2250530970
PUT 1274 127400|2309914374
PUT 1275 127500|1153832367
PUT 1276 127600|3356470293
PUT 1277 127700|90687164
PUT 1278 127800|3608908589
PUT 1279 127900|443808132
PUT 1280 128000|2369193639
PUT 1281 128100|1079995406
PUT 1282 128200|3432437172
PUT 1283 128300|33472285
PUT 1284 128400|242524289
PUT 1285 128500|3273443880
PUT 1286 128600|1339388818
PUT 1287 128700|2193430843
PUT 1288 128800|1354845354
PUT 1289 128900|2645108227
PUT 1290 129000|586184065
PUT 1291 129100|4019724072
PUT 1292 129200|1666295442
PUT 1293 129300|2923023419
PUT 1294 129400|2712916903
PUT 1295 129500|1826339086
PUT 1296 129600|3759276212
PUT 1297 129700|762997277
PUT 1298 129800|4278599564
PUT 1299 129900|846091557
PUT 1300 130000|570019550
PUT 1301 130100|3968967799
PUT 1302 130200|1616387533
PUT 1303 130300|2905634660
PUT 1304 130400|2730125560
PUT 1305 130500|1876034129
PUT 1306 130600|3810245611
PUT 1307 130700|779342146
PUT 1308 130800|4228875475
PUT 1309 130900|828894842
PUT 1310 131000|2386476536
PUT 1311 131100|1129764689
PUT 1312 131200|3483332331
PUT 1313 131300|49742914
PUT 1314 131400|226302942
PUT 1315 131500|3222630775
PUT 1316 131600|1289537741
PUT 1317 131700|2176098916
PUT 1318 131800|1405679605
PUT 1319 131900|2661326172
PUT 1320 132000|2768645843
PUT 1321 132100|1752056954
PUT 1322 132200|3836214720
PUT 1323 132300|701470569
PUT 1324 132400|642091253
PUT 1325 132500|3945652828
PUT 1326 132600|1743018982
PUT 1327 132700|2861314383
PUT 1328 132800|2029020382
PUT 1329 132900|3046641271
PUT 1330 133000|180444661
PUT 1331 133100|3349755740
PUT 1332 133200|1264619238
PUT 1333 133300|2248729679
PUT 1334 133400|2307062739
PUT 1335 133500|1156223354
PUT 1336 133600|3357747392
PUT 1337 133700|88818281
PUT 1338 133800|3610712056
PUT 1339 133900|442465617
PUT 1340 134000|4084664453
PUT 1341 134100|1042244140
PUT 1342 134200|3000425366
PUT 1343 134300|2143203647
PUT 1344 134400|1882500771
PUT 1345 134500|3176973322
PUT 1346 134600|831880624
PUT 1347 134700|4244444953
PUT 1348 134800|780223112
PUT 1349 134900|3823708193
PUT 1350 135000|1555069859
PUT 1351 135100|2446856458
PUT 1352 135200|487696560
PUT 1353 135300|3497640473
PUT 1354 135400|3757301125
PUT 1355 135500|312194860
PUT 1356 135600|2656177814
PUT 1357 135700|1396335679
PUT 1358 135800|2168861102
PUT 1359 135900|1278106375
PUT 1360 136000|2005461128
PUT 1361 136100|3135275553
PUT 1362 136200|908671899
PUT 1363 136300|4215361842
PUT 1364 136400|4106964654
PUT 1365 136500|966992903
PUT 1366 136600|3043663293
PUT 1367 136700|2013460244
PUT 1368 136800|2860425861
PUT 1369 136900|1729546284
PUT 1370 137000|3629095854
PUT 1371 137100|354939143
PUT 1372 137200|2582530237
PUT 1373 137300|1418076692
PUT 1374 137400|1527528840
PUT 1375 137500|2523158305
PUT 1376 137600|447606427
PUT 1377 137700|3620045874
PUT 1378 137800|96063907
PUT 1379 137900|3369188106
PUT 1380 138000|1603617833
PUT 1381 138100|2466066048
PUT 1382 138200|506763066
PUT 1383 138300|3546086803
PUT 1384 138400|3705070095
PUT 1385 138500|297699494
PUT 1386 138600|2641834268
PUT 1387 138700|1344232373
PUT 1388 138800|2187529764
PUT 1389 138900|1326146701
PUT 1390 139000|4031919887
PUT 1391 139100|1027235238
PUT 1392 139200|2985550876
PUT 1393 139300|2090569397
PUT 1394 139400|1930531113
PUT 1395 139500|3195665280
PUT 1396 139600|850412090
PUT 1397 139700|4292356243
PUT 1398 139800|765754626
PUT 1399 139900|3771471787
PUT 1400 140000|1896155575
PUT 1401 140100|3161285406
PUT 1402 140200|816110244
PUT 1403 140300|4258050061
PUT 1404 140400|4064718737
PUT 1405 140500|1060029752
PUT 1406 140600|3018292354
PUT 1407 140700|2123306539
PUT 1408 140800|2901623738
PUT 1409 140900|1637558547
PUT 1410 141000|3737287313
PUT 1411 141100|329912376
PUT 1412 141200|2674108802
PUT 1413 141300|1376502571
PUT 1414 141400|1568791735
PUT 1415 141500|2431235614
PUT 1416 141600|471863204
PUT 1417 141700|3511182605
PUT 1418 141800|53751964
PUT 1419 141900|3462158901
PUT 1420 142000|4126861754
PUT 1421 142100|949125907
PUT 1422 142200|3025877673
PUT 1423 142300|2033405952
PUT 1424 142400|1991856028
PUT 1425 142500|3151045941
PUT 1426 142600|924359823
PUT 1427 142700|4201707046
PUT 1428 142800|671916983
PUT 1429 142900|3848587550
PUT 1430 143000|1513986716
PUT 1431 143100|2538991669
PUT 1432 143200|463227279
PUT 1433 143300|3606324006
PUT 1434 143400|3648928954
PUT 1435 143500|337008147
PUT 1436 143600|2564812713
PUT 1437 143700|1438090496
PUT 1438 143800|2278281361
PUT 1439 143900|1252244024
PUT 1440 144000|2743848940
PUT 1441 144100|1860412741
PUT 1442 144200|3794410751
PUT 1443 144300|792884822
PUT 1444 144400|550005194
PUT 1445 144500|3986686819
PUT 1446 144600|1634319065
PUT 1447 144700|2885800048
PUT 1448 144800|2122155489
PUT 1449 144900|3004559176
PUT 1450 145000|206355658
PUT 1451 145100|3240416867
PUT 1452 145200|1307406297
PUT 1453 145300|2156201328
PUT 1454 145400|2400131820
PUT 1455 145500|1114075205
PUT 1456 145600|3467561471
PUT 1457 145700|63349590
PUT 1458 145800|3518691015
PUT 1459 145900|483564654
PUT 1460 146000|661925857
PUT 1461 146100|3927721288
PUT 1462 146200|1725299954
PUT 1463 146300|2881328731
PUT 1464 146400|2755103175
PUT 1465 146500|1767891822
PUT 1466 146600|3851836116
PUT 1467 146700|687747197
PUT 1468 146800|4202849772
PUT 1469 146900|938086213
PUT 1470 147000|2293456071
PUT 1471 147100|1171994222
PUT 1472 147200|3373436884
PUT 1473 147300|75163005
PUT 1474 147400|200342241
PUT 1475 147500|3331887176
PUT 1476 147600|1246833138
PUT 1477 147700|2268676955
PUT 1478 147800|1430591178
PUT 1479 147900|2553117795
PUT 1480 148000|258573120
PUT 1481 148100|3254905321
PUT 1482 148200|1321750611
PUT 1483 148300|2208316154
PUT 1484 148400|2351572326
PUT 1485 148500|1094864847
PUT 1486 148600|3448501877
PUT 1487 148700|14916828
PUT 1488 148800|3533687117
PUT 1489 148900|536323044
PUT 1490 149000|2695819366
PUT 1491 149100|1841732303
PUT 1492 149200|3775865717
PUT 1493 149300|744966620
PUT 1494 149400|602756672
PUT 1495 149500|4001709289
PUT 1496 149600|1649182035
PUT 1497 149700|2938433530
PUT 1498 149800|2102966891
PUT 1499 149900|2955989186
PUT 1500 150000|2745649977
PUT 1501 150100|1859068304
PUT 1502 150200|3792082986
PUT 1503 150300|795800195
PUT 1504 150400|551873823
PUT 1505 150500|3985409974
PUT 1506 150600|1631927820
PUT 1507 150700|2888651941
PUT 1508 150800|2119237940
PUT 1509 150900|3006884765
PUT 1510 151000|207632415
PUT 1511 151100|3238548150
PUT 1512 151200|1304554252
PUT 1513 151300|2158592421
PUT 1514 151400|2401476153
PUT 1515 151500|1112274064
PUT 1516 151600|3464645930
PUT 1517 151700|65677187
PUT 1518 151800|3516297746
PUT 1519 151900|486414523
PUT 1520 152000|660122420
PUT 1521 152100|3929063837
PUT 1522 152200|1727625255
PUT 1523 152300|2878411406
PUT 1524 152400|2753236242
PUT 1525 152500|1769170875
PUT 1526 152600|3854228993
PUT 1527 152700|684897448
PUT 1528 152800|4205764921
PUT 1529 152900|935758736
PUT 1530 153000|2292176914
PUT 1531 153100|1173861051
PUT 1532 153200|3376286465
PUT 1533 153300|72769960
PUT 1534 153400|198999604
PUT 1535 153500|3333690525
PUT 1536 153600|1249750311
PUT 1537 153700|2266351502
PUT 1538 153800|1432982047
PUT 1539 153900|2550266038
PUT 1540 154000|1898548578
PUT 1541 154100|3158435787
PUT 1542 154200|814243441
PUT 1543 154300|4259329240
PUT 1544 154400|4067044164
PUT 1545 154500|1057112557
PUT 1546 154600|3016489047
PUT 1547 154700|2124649214
PUT 1548 154800|2900346735
PUT 1549 154900|1639427526
PUT 1550 155000|3740204612
PUT 1551 155100|327587053
PUT 1552 155200|2672766295
PUT 1553 155300|1378306046
PUT 1554 155400|1571641442
PUT 1555 155500|2428842699
PUT 1556 155600|470584177
PUT 1557 155700|3513049560
PUT 1558 155800|51950665
PUT 1559 155900|3463503584
PUT 1560 156000|4124470639
PUT 1561 156100|951977926
PUT 1562 156200|3027746428
PUT 1563 156300|2032129237
PUT 1564 156400|1989528393
PUT 1565 156500|3153961440
PUT 1566 156600|926160986
PUT 1567 156700|4200362739
PUT 1568 156800|673195874
PUT 1569 156900|3846720971
PUT 1570 157000|1511071305
PUT 1571 157100|2541319392
PUT 1572 157200|464571738
PUT 1573 157300|3604522995
PUT 1574 157400|3646077039
PUT 1575 157500|339399366
PUT 1576 157600|2566089596
PUT 1577 157700|1436221909
PUT 1578 157800|2280084548
PUT 1579 157900|1250901741
PUT 1580 158000|3721118158
PUT 1581 158100|279161703
PUT 1582 158200|2624197341
PUT 1583 158300|1359116404
PUT 1584 158400|1585997800
PUT 1585 158500|2480934209
PUT 1586 158600|522827003
PUT 1587 158700|3527532114
PUT 1588 158800|4033475
PUT 1589 158900|3444957546
PUT 1590 159000|1913434856
PUT 1591 159100|3211057217
PUT 1592 159200|867000827
PUT 1593 159300|4274326354
PUT 1594 159400|4048491726
PUT 1595 159500|1009221223
PUT 1596 159600|2968438749
PUT 1597 159700|2105978228
PUT 1598 159800|2952460517
PUT 1599 159900|1653772876
PUT 1600 160000|254839530
PUT 1601 160100|3260604483
PUT 1602 160200|1318148601
PUT 1603 160300|2214146896
PUT 1604 160400|2356358348
PUT 1605 160500|1092306533
PUT 1606 160600|3453157343
PUT 1607 160700|12227958
PUT 1608 160800|3536240871
PUT 1609 160900|531540558
PUT 1610 161000|2700605900
PUT 1611 161100|1839174501
PUT 1612 161200|3780520671
PUT 1613 161300|742277238
PUT 1614 161400|599023594
PUT 1615 161500|4007408963
PUT 1616 161600|1645579513
PUT 1617 161700|2944263760
PUT 1618 161800|2097263553
PUT 1619 161900|2959726952
PUT 1620 162000|2345626343
PUT 1621 162100|1185349710
PUT 1622 162200|3396254196
PUT 1623 162300|117887837
PUT 1624 162400|143445185
PUT 1625 162500|3320096360
PUT 1626 162600|1227694034
PUT 1627 162700|2219144571
PUT 1628 162800|1446584554
PUT 1629 162900|2605795907
PUT 1630 163000|604510657
PUT 1631 163100|3915412328
PUT 1632 163200|1705626322
PUT 1633 163300|2831261819
PUT 1634 163400|2806759399
PUT 1635 163500|1780733262
PUT 1636 163600|3874122996
PUT 1637 163700|729941597
PUT 1638 163800|4194194380
PUT 1639 163900|882260325
PUT 1640 164000|3720236209
PUT 1641 164100|282469912
PUT 1642 164200|2619318178
PUT 1643 164300|1366816011
PUT 1644 164400|1593698967
PUT 1645 164500|2476048446
PUT 1646 164600|526137732
PUT 1647 164700|3526644525
PUT 1648 164800|4720316
PUT 1649 164900|3441454101
PUT 1650 165000|1920548759
PUT 1651 165100|3205584190
PUT 1652 165200|869854340
PUT 1653 165300|4272981549
PUT 1654 165400|4047149489
PUT 1655 165500|1012069144
PUT 1656 165600|2962967202
PUT 1657 165700|2113085451
PUT 1658 165800|2945414554
PUT 1659 165900|1659313971
PUT 1660 166000|1497476284
PUT 1661 166100|2485765653
PUT 1662 166200|417365935
PUT 1663 166300|3582465286
PUT 1664 166400|3657566874
PUT 1665 166500|392847411
PUT 1666 166600|2611206537
PUT 1667 166700|1456190240
PUT 1668 166800|2226644657
PUT 1669 166900|1239387160
PUT 1670 167000|4136034202
PUT 1671 167100|1005499699
PUT 1672 167200|3072789641
PUT 1673 167300|2052023840
PUT 1674 167400|1975876028
PUT 1675 167500|3098350357
PUT 1676 167600|879012527
PUT 1677 167700|4178362374
PUT 1678 167800|728798615
PUT 1679 167900|3860397886
PUT 1680 168000|1901854749
PUT 1681 168100|3157551796
PUT 1682 168200|821941006
PUT 1683 168300|4254448039
PUT 1684 168400|4062160443
PUT 1685 168500|1064815762
PUT 1686 168600|3015603496
PUT 1687 168700|2127961985
PUT 1688 168800|2896841232
PUT 1689 168900|1640112313
PUT 1690 169000|3734729531
PUT 1691 169100|334698898
PUT 1692 169200|2671419432
PUT 1693 169300|1381157505
PUT 1694 169400|1574491421
PUT 1695 169500|2427502516
PUT 1696 169600|477693454
PUT 1697 169700|3507580071
PUT 1698 169800|57489718
PUT 1699 169900|3456455583
PUT 1700 170000|3717384292
PUT 1701 170100|284861133
PUT 1702 170200|2620595063
PUT 1703 170300|1364947422
PUT 1704 170400|1590783554
PUT 1705 170500|2478376171
PUT 1706 170600|527482193
PUT 1707 170700|3524843512
PUT 1708 170800|6586985
PUT 1709 170900|3440175296
PUT 1710 171000|1918221122
PUT 1711 171100|3208499691
PUT 1712 171200|871655505
PUT 1713 171300|4271637240
PUT 1714 171400|4044758372
PUT 1715 171500|1014921165
PUT 1716 171600|2964835959
PUT 1717 171700|2111808734
PUT 1718 171800|2946756943
PUT 1719 171900|1657510886
PUT 1720 172000|1500325993
PUT 1721 172100|2483372736
PUT 1722 172200|416086906
PUT 1723 172300|3584332243
PUT 1724 172400|3660484175
PUT 1725 172500|390522086
PUT 1726 172600|2609864028
PUT 1727 172700|1457993717
PUT 1728 172800|2224775780
PUT 1729 172900|1240664269
PUT 1730 173000|4138359631
PUT 1731 173100|1002582502
PUT 1732 173200|3070986332
PUT 1733 173300|2053366517
PUT 1734 173400|1978269033
PUT 1735 173500|3095500736
PUT 1736 173600|877145722
PUT 1737 173700|4179641555
PUT 1738 173800|727454018
PUT 1739 173900|3862199275
PUT 1740 174000|253496895
PUT 1741 174100|3262407830
PUT 1742 174200|1321065772
PUT 1743 174300|2211821445
PUT 1744 174400|2355079193
PUT 1745 174500|1094173360
PUT 1746 174600|3456006922
PUT 1747 174700|9834915
PUT 1748 174800|3538568242
PUT 1749 174900|528625307
PUT 1750 175000|2698738969
PUT 1751 175100|1840453552
PUT 1752 175200|3782913546
PUT 1753 175300|739427491
PUT 1754 175400|597220159
PUT 1755 175500|4008751510
PUT 1756 175600|1647904812
PUT 1757 175700|2941346437
PUT 1758 175800|2100115220
PUT 1759 175900|2957335997
PUT 1760 176000|2346970674
PUT 1761 176100|1183548571
PUT 1762 176200|3393338657
PUT 1763 176300|120215432
PUT 1764 176400|144721940
PUT 1765 176500|3318227645
PUT 1766 176600|1224841991
PUT 1767 176700|2221535662
PUT 1768 176800|1444258879
PUT 1769 176900|2608713366
PUT 1770 177000|606379284
PUT 1771 177100|3914135485
PUT 1772 177200|1703235079
PUT 1773 177300|2834113710
PUT 1774 177400|2808560434
PUT 1775 177500|1779388827
PUT 1776 177600|3871795233
PUT 1777 177700|732856968
PUT 1778 177800|4191344409
PUT 1779 177900|884653488
PUT 1780 178000|2751349395
PUT 1781 178100|1855334458
PUT 1782 178200|3797913984
PUT 1783 178300|792197929
PUT 1784 178400|549315765
PUT 1785 178500|3990195740
PUT 1786 178600|1629239206
PUT 1787 178700|2893307151
PUT 1788 178800|2114455710
PUT 1789 178900|3009438263
PUT 1790 179000|205074869
PUT 1791 179100|3243334428
PUT 1792 179200|1301865126
PUT 1793 179300|2163247119
PUT 1794 179400|2407176083
PUT 1795 179500|1108540730
PUT 1796 179600|3470476416
PUT 1797 179700|62074409
PUT 1798 179800|3520035768
PUT 1799 179900|480710929
PUT 1800 180000|2932409400
PUT 1801 180100|1671523985
PUT 1802 180200|4016625451
PUT 1803 180300|570473858
PUT 1804 180400|764060190
PUT 1805 180500|3772958903
PUT 1806 180600|1814786317
PUT 1807 180700|2705529764
PUT 1808 180800|1933528629
PUT 1809 180900|3193382044
PUT 1810 181000|17725214
PUT 1811 181100|3429244343
PUT 1812 181200|1085252621
PUT 1813 181300|2378682020
PUT 1814 181400|2186137912
PUT 1815 181500|1327872913
PUT 1816 181600|3287024171
PUT 1817 181700|243558530
PUT 1818 181800|3707256083
PUT 1819 181900|294672314
PUT 1820 182000|708240437
PUT 1821 182100|3881733788
PUT 1822 182200|1805072166
PUT 1823 182300|2801753487
PUT 1824 182400|2843034131
PUT 1825 182500|1679632570
PUT 1826 182600|3906244864
PUT 1827 182700|633142185
PUT 1828 182800|4156599864
PUT 1829 182900|984138897
PUT 1830 183000|2247202579
PUT 1831 183100|1218051514
PUT 1832 183200|3293594624
PUT 1833 183300|154676905
PUT 1834 183400|112341301
PUT 1835 183500|3420085148
PUT 1836 183600|1192485414
PUT 1837 183700|2323351695
PUT 1838 183800|1476910366
PUT 1839 183900|2507126711
PUT 1840 184000|2085077603
PUT 1841 184100|2972690634
PUT 1842 184200|1038487920
PUT 1843 184300|4035869657
PUT 1844 184400|4278477893
PUT 1845 184500|845942508
PUT 1846 184600|3198531414
PUT 1847 184700|1942871551
PUT 1848 184800|2712766574
PUT 1849 184900|1826218695
PUT 1850 185000|3548426565
PUT 1851 185100|518577132
PUT 1852 185200|2451661398
PUT 1853 185300|1598621951
PUT 1854 185400|1354962787
PUT 1855 185500|2645261770
PUT 1856 185600|291685488
PUT 1857 185700|3691687641
PUT 1858 185800|242678600
PUT 1859 185900|3273560545
PUT 1860 186000|4172817006
PUT 1861 186100|902842567
PUT 1862 186200|3105485181
PUT 1863 186300|1953602516
PUT 1864 186400|2080080968
PUT 1865 186500|3063148257
PUT 1866 186600|978999131
PUT 1867 186700|4147265010
PUT 1868 186800|625895523
PUT 1869 186900|3894805194
PUT 1870 187000|1467961672
PUT 1871 187100|2585213921
PUT 1872 187200|383681115
PUT 1873 187300|3686197490
PUT 1874 187400|3560765294
PUT 1875 187500|424975815
PUT 1876 187600|2510103677
PUT 1877 187700|1492471508
PUT 1878 187800|2324241221
PUT 1879 187900|1205957100
PUT 1880 188000|3500510927
PUT 1881 188100|500032614
PUT 1882 188200|2432982492
PUT 1883 188300|1550595957
PUT 1884 188400|1407592681
PUT 1885 188500|2660123200
PUT 1886 188600|306707450
PUT 1887 188700|3744436563
PUT 1888 188800|223593666
PUT 1889 188900|3225136747
PUT 1890 189000|2137193961
PUT 1891 189100|2987038528
PUT 1892 189200|1052978938
PUT 1893 189300|4088087635
PUT 1894 189400|4230044623
PUT 1895 189500|826880358
PUT 1896 189600|3179317468
PUT 1897 189700|1894310517
PUT 1898 189800|2727655396
PUT 1899 189900|1878842701
PUT 1900 190000|2087405238
PUT 1901 190100|2969775135
PUT 1902 190200|1036686757
PUT 1903 190300|4037213964
PUT 1904 190400|4280869008
PUT 1905 190500|843090489
PUT 1906 190600|3196662659
PUT 1907 190700|1944148266
PUT 1908 190800|2711424187
PUT 1909 190900|1828021778
PUT 1910 191000|3551278480
PUT 1911 191100|516185913
PUT 1912 191200|2450384515
PUT 1913 191300|1600490538
PUT 1914 191400|1357878198
PUT 1915 191500|2642934047
PUT 1916 191600|290341029
PUT 1917 191700|3693488652
PUT 1918 191800|240811933
PUT 1919 191900|3274839348
PUT 1920 192000|4170491579
PUT 1921 192100|905759762
PUT 1922 192200|3107288488
PUT 1923 192300|1952259841
PUT 1924 192400|2077687965
PUT 1925 192500|3065997876
PUT 1926 192600|980865934
PUT 1927 192700|4145985831
PUT 1928 192800|627240118
PUT 1929 192900|3893003807
PUT 1930 193000|1465111965
PUT 1931 193100|2587606836
PUT 1932 193200|384960142
PUT 1933 193300|3684330535
PUT 1934 193400|3557847995
PUT 1935 193500|427301138
PUT 1936 193600|2511446184
PUT 1937 193700|1490668033
PUT 1938 193800|2326110096
PUT 1939 193900|1204679993
PUT 1940 194000|2934276333
PUT 1941 194100|1670244932
PUT 1942 194200|4014232574
PUT 1943 194300|573323607
PUT 1944 194400|765863627
PUT 1945 194500|3771616354
PUT 1946 194600|1812461016
PUT 1947 194700|2708447089
PUT 1948 194800|1930676960
PUT 1949 194900|3195773001
PUT 1950 195000|19067851
PUT 1951 195100|3427440994
PUT 1952 195200|1082335448
PUT 1953 195300|2381007473
PUT 1954 195400|2187417069
PUT 1955 195500|1326006084
PUT 1956 195600|3284174590
PUT 1957 195700|245951575
PUT 1958 195800|3704928710
PUT 1959 195900|297587567
PUT 1960 196000|706371808
PUT 1961 196100|3883010633
PUT 1962 196200|1807463411
PUT 1963 196300|2798901594
PUT 1964 196400|2841233094
PUT 1965 196500|1680977007
PUT 1966 196600|3908572629
PUT 1967 196700|630226812
PUT 1968 196800|4159449837
PUT 1969 196900|981745732
PUT 1970 197000|2245858246
PUT 1971 197100|1219852655
PUT 1972 197200|3296510165
PUT 1973 197300|152349308
PUT 1974 197400|111064544
PUT 1975 197500|3421953865
PUT 1976 197600|1195337459
PUT 1977 197700|2320960602
PUT 1978 197800|1479236043
PUT 1979 197900|2504209250
PUT 1980 198000|34065473
PUT 1981 198100|3480200936
PUT 1982 198200|1134960466
PUT 1983 198300|2395895291
PUT 1984 198400|2168744551
PUT 1985 198500|1277952206
PUT 1986 198600|3236280692
PUT 1987 198700|227398621
PUT 1988 198800|3757147724
PUT 1989 198900|312077541
PUT 1990 199000|2915090279
PUT 1991 199100|1621677518
PUT 1992 199200|3965807732
PUT 1993 199300|554239709
PUT 1994 199400|780343617
PUT 1995 199500|3823858664
PUT 1996 199600|1864550994
PUT 1997 199700|2722799867
PUT 1998 199800|1882649962
PUT 1999 199900|3177095107
PUT 2000 200000|2451053474
PUT 2001 200100|1601204491
PUT 2002 200200|3552168113
PUT 2003 200300|517055000
PUT 2004 200400|291224964
PUT 2005 200500|3694384941
PUT 2006 200600|1358589591
PUT 2007 200700|2643592254
PUT 2008 200800|1341018543
PUT 2009 200900|2189835014
PUT 2010 201000|1038051460
PUT 2011 201100|4038525485
PUT 2012 201200|2088680343
PUT 2013 201300|2971062590
PUT 2014 201400|3197947554
PUT 2015 201500|1945412619
PUT 2016 201600|4282195377
PUT 2017 201700|844461848
PUT 2018 201800|3760792201
PUT 2019 201900|759253024
PUT 2020 202000|384301999
PUT 2021 202100|3683619078
PUT 2022 202200|1464215740
PUT 2023 202300|2586722837
PUT 2024 202400|2510577033
PUT 2025 202500|1489778464
PUT 2026 202600|3557133978
PUT 2027 202700|426632243
PUT 2028 202800|3406934434
PUT 2029 202900|108649227
PUT 2030 203000|3105917065
PUT 2031 203100|1950933536
PUT 2032 203200|4169227162
PUT 2033 203300|904474931
PUT 2034 203400|979578543
PUT 2035 203500|4144710662
PUT 2036 203600|2076376508
PUT 2037 203700|3064633109
PUT 2038 203800|1691796100
PUT 2039 203900|2847844397
PUT 2040 204000|1083629049
PUT 2041 204100|2382280528
PUT 2042 204200|20385514
PUT 2043 204300|3428803651
PUT 2044 204400|3285547999
PUT 2045 204500|247271798
PUT 2046 204600|2188683468
PUT 2047 204700|1327284837
PUT 2048 204800|2640353268
PUT 2049 204900|1342766429
PUT 2050 205000|4015107807
PUT 2051 205100|574211190
PUT 2052 205200|2934996428
PUT 2053 205300|1670911845
PUT 2054 205400|1813121273
PUT 2055 205500|2709152336
PUT 2056 205600|766761962
PUT 2057 205700|3772494147
PUT 2058 205800|849863890
PUT 2059 205900|4291792507
PUT 2060 206000|3295231476
PUT 2061 206100|151082845
PUT 2062 206200|2244538087
PUT 2063 206300|1218479182
PUT 2064 206400|1193974738
PUT 2065 206500|2319643003
PUT 2066 206600|109791425
PUT 2067 206700|3420660328
PUT 2068 206800|429881337
PUT 2069 206900|3572964688
PUT 2070 207000|1806585554
PUT 2071 207100|2798003323
PUT 2072 207200|705666497
PUT 2073 207300|3882350440
PUT 2074 207400|3907905780
PUT 2075 207500|629506653
PUT 2076 207600|2840345575
PUT 2077 207700|1680101710
PUT 2078 207800|3059221727
PUT 2079 207900|2066771574
PUT 2080 208000|3967062357
PUT 2081 208100|555547644
PUT 2082 208200|2916434502
PUT 2083 208300|1623009519
PUT 2084 208400|1865889651
PUT 2085 208500|2724158938
PUT 2086 208600|781640800
PUT 2087 208700|3825110729
PUT 2088 208800|830659416
PUT 2089 208900|4243239409
PUT 2090 209000|1135862387
PUT 2091 209100|2396752090
PUT 2092 209200|34746720
PUT 2093 209300|3480902601
PUT 2094 209400|3236971605
PUT 2095 209500|228077308
PUT 2096 209600|2169608006
PUT 2097 209700|1278868975
PUT 2098 209800|2655365246
PUT 2099 209900|1395507927
PUT 2100 210000|1085954348
PUT 2101 210100|2379363205
PUT 2102 210200|18582079
PUT 2103 210300|3430146198
PUT 2104 210400|3287940874
PUT 2105 210500|244422051
PUT 2106 210600|2186816537
PUT 2107 210700|1328563888
PUT 2108 210800|2639008545
PUT 2109 210900|1344567688
PUT 2110 211000|4017957386
PUT 2111 211100|571818147
PUT 2112 211200|2933717273
PUT 2113 211300|1672778672
PUT 2114 211400|1816038444
PUT 2115 211500|2706826885
PUT 2116 211600|765419327
PUT 2117 211700|3774297494
PUT 2118 211800|847994887
PUT 2119 211900|4293069486
PUT 2120 212000|3292903713
PUT 2121 212100|153998216
PUT 2122 212200|2246339122
PUT 2123 212300|1217134747
PUT 2124 212400|1191583495
PUT 2125 212500|2322494894
PUT 2126 212600|111660052
PUT 2127 212700|3419383485
PUT 2128 212800|431223596
PUT 2129 212900|3571161477
PUT 2130 213000|1803733511
PUT 2131 213100|2800394414
PUT 2132 213200|706943252
PUT 2133 213300|3880481725
PUT 2134 213400|3904990241
PUT 2135 213500|631834248
PUT 2136 213600|2841689906
PUT 2137 213700|1678300571
PUT 2138 213800|3061088266
PUT 2139 213900|2065492643
PUT 2140 214000|2452922231
PUT 2141 214100|1599927774
PUT 2142 214200|3549776996
PUT 2143 214300|519907021
PUT 2144 214400|293026129
PUT 2145 214500|3693040632
PUT 2146 214600|1356261954
PUT 2147 214700|2646507755
PUT 2148 214800|1338168698
PUT 2149 214900|2192228307
PUT 2150 215000|1039395921
PUT 2151 215100|4036724472
PUT 2152 215200|2085764930
PUT 2153 215300|2973390315
PUT 2154 215400|3199224439
PUT 2155 215500|1943544030
PUT 2156 215600|4279343460
PUT 2157 215700|846853069
PUT 2158 215800|3758466652
PUT 2159 215900|762170613
PUT 2160 216000|382435194
PUT 2161 216100|3684898259
PUT 2162 216200|1466608745
PUT 2163 216300|2583873216
PUT 2164 216400|2508773724
PUT 2165 216500|1491121141
PUT 2166 216600|3559459407
PUT 2167 216700|423715046
PUT 2168 216800|3409786231
PUT 2169 216900|106258398
PUT 2170 217000|3104574556
PUT 2171 217100|1952737013
PUT 2172 217200|4172144463
PUT 2173 217300|902149606
PUT 2174 217400|978299514
PUT 2175 217500|4146577619
PUT 2176 217600|2079226217
PUT 2177 217700|3062240192
PUT 2178 217800|1694123601
PUT 2179 217900|2844929272
PUT 2180 218000|1054266331
PUT 2181 218100|4089362802
PUT 2182 218200|2138505416
PUT 2183 218300|2988403297
PUT 2184 218400|3180688893
PUT 2185 218500|1895636820
PUT 2186 218600|4231309038
PUT 2187 218700|828165191
PUT 2188 218800|3810564566
PUT 2189 218900|776532863
PUT 2190 219000|2433851645
PUT 2191 219100|1551485524
PUT 2192 219200|3501224942
PUT 2193 219300|500701511
PUT 2194 219400|307365595
PUT 2195 219500|3745148018
PUT 2196 219600|1408488904
PUT 2197 219700|2661007201
PUT 2198 219800|1290267376
PUT 2199 219900|2173665369
PUT 2200 220000|3962411263
PUT 2201 220100|558232150
PUT 2202 220200|2911652844
PUT 2203 220300|1625563461
PUT 2204 220400|1869496025
PUT 2205 220500|2718323824
PUT 2206 220600|785378762
PUT 2207 220700|3819407203
PUT 2208 220800|836489970
PUT 2209 220900|4239636571
PUT 2210 221000|1139469273
PUT 2211 221100|2390917488
PUT 2212 221200|38484170
PUT 2213 221300|3475198563
PUT 2214 221400|3232321023
PUT 2215 221500|230762326
PUT 2216 221600|2164825836
PUT 2217 221700|1281422405
PUT 2218 221800|2652676564
PUT 2219 221900|1400163197
PUT 2220 222000|1758623986
PUT 2221 222100|2780435035
PUT 2222 222200|695446497
PUT 2223 222300|3827024200
PUT 2224 222400|3952205524
PUT 2225 222500|653898877
PUT 2226 222600|2855275975
PUT 2227 222700|1733846894
PUT 2228 222800|3039048447
PUT 2229 222900|2018269270
PUT 2230 223000|3340045268
PUT 2231 223100|175989117
PUT 2232 223200|2259998919
PUT 2233 223300|1272754798
PUT 2234 223400|1146531314
PUT 2235 223500|2302592859
PUT 2236 223600|100105953
PUT 2237 223700|3365868616
PUT 2238 223800|451101145
PUT 2239 223900|3616222064
PUT 2240 224000|1050893988
PUT 2241 224100|4090180621
PUT 2242 224200|2130873783
PUT 2243 224300|2993350430
PUT 2244 224400|3185637506
PUT 2245 224500|1887998507
PUT 2246 224600|4232129425
PUT 2247 224700|824787256
PUT 2248 224800|3814003881
PUT 2249 224900|775781888
PUT 2250 225000|2439261570
PUT 2251 225100|1544308523
PUT 2252 225200|3502636689
PUT 2253 225300|497914936
PUT 2254 225400|304581540
PUT 2255 225500|3746554125
PUT 2256 225600|1401313463
PUT 2257 225700|2666410526
PUT 2258 225800|1284663183
PUT 2259 225900|2180648230
PUT 2260 226000|3126640297
PUT 2261 226100|1999950848
PUT 2262 226200|4227689914
PUT 2263 226300|915736339
PUT 2264 226400|958339215
PUT 2265 226500|4101468710
PUT 2266 226600|2025769884
PUT 2267 226700|3050742069
PUT 2268 226800|1739256996
PUT 2269 226900|2864881165
PUT 2270 227000|362532239
PUT 2271 227100|3639846694
PUT 2272 227200|1413095068
PUT 2273 227300|2572317749
PUT 2274 227400|2530765737
PUT 2275 227500|1538261248
PUT 2276 227600|3615078586
PUT 2277 227700|437375507
PUT 2278 227800|3362621314
PUT 2279 227900|84274475
PUT 2280 228000|2453737992
PUT 2281 228100|1596553377
PUT 2282 228200|3554722075
PUT 2283 228300|512273330
PUT 2284 228400|285389870
PUT 2285 228500|3697991303
PUT 2286 228600|1352886077
PUT 2287 228700|2647330196
PUT 2288 228800|1337415685
PUT 2289 228900|2195665580
PUT 2290 229000|1032216878
PUT 2291 229100|4042132359
PUT 2292 229200|2082976317
PUT 2293 229300|2974800020
PUT 2294 229400|3200632584
PUT 2295 229500|1940762017
PUT 2296 229600|4284748827
PUT 2297 229700|839679666
PUT 2298 229800|3765447459
PUT 2299 229900|756564362
PUT 2300 230000|1049614961
PUT 2301 230100|4092047576
PUT 2302 230200|2133723490
PUT 2303 230300|2990957515
PUT 2304 230400|3184294999
PUT 2305 230500|1889801982
PUT 2306 230600|4235046724
PUT 2307 230700|822461933
PUT 2308 230800|3816394876
PUT 2309 230900|772930261
PUT 2310 231000|2437458263
PUT 2311 231100|1545651198
PUT 2312 231200|3504962116
PUT 2313 231300|494997741
PUT 2314 231400|302714737
PUT 2315 231500|3747833304
PUT 2316 231600|1403706466
PUT 2317 231700|2663560907
PUT 2318 231800|1287578458
PUT 2319 231900|2178320883
PUT 2320 232000|3127917180
PUT 2321 232100|1998082261
PUT 2322 232200|4224837999
PUT 2323 232300|918127558
PUT 2324 232400|959683674
PUT 2325 232500|4099667699
PUT 2326 232600|2022854473
PUT 2327 232700|3053069792
PUT 2328 232800|1736863857
PUT 2329 232900|2867731160
PUT 2330 233000|364333402
PUT 2331 233100|3638502387
PUT 2332 233200|1410767433
PUT 2333 233300|2575233248
PUT 2334 233400|2532634492
PUT 2335 233500|1536984533
PUT 2336 233600|3612687471
PUT 2337 233700|440227526
PUT 2338 233800|3359703895
PUT 2339 233900|86600190
PUT 2340 234000|3959495722
PUT 2341 234100|560559747
PUT 2342 234200|2912997177
PUT 2343 234300|1623762320
PUT 2344 234400|1866643980
PUT 2345 234500|2720714917
PUT 2346 234600|786655519
PUT 2347 234700|3817538486
PUT 2348 234800|838293031
PUT 2349 234900|4238294158
PUT 2350 235000|1137078028
PUT 2351 235100|2393769381
PUT 2352 235200|40352799
PUT 2353 235300|3473921718
PUT 2354 235400|3229993258
PUT 2355 235500|233677699
PUT 2356 235600|2166626873
PUT 2357 235700|1280077968
PUT 2358 235800|2653955329
PUT 2359 235900|1398296488
PUT 2360 236000|1761541159
PUT 2361 236100|2778109582
PUT 2362 236200|694103860
PUT 2363 236300|3828827549
PUT 2364 236400|3955055105
PUT 2365 236500|651505832
PUT 2366 236600|2853996818
PUT 2367 236700|1735713723
PUT 2368 236800|3037247018
PUT 2369 236900|2019613827
PUT 2370 237000|3342438145
PUT 2371 237100|173139368
PUT 2372 237200|2258131986
PUT 2373 237300|1274033851
PUT 2374 237400|1148856615
PUT 2375 237500|2299675534
PUT 2376 237600|98302516
PUT 2377 237700|3367211165
PUT 2378 237800|449824012
PUT 2379 237900|3618090917
PUT 2380 238000|1088639110
PUT 2381 238100|2374711855
PUT 2382 238200|21136277
PUT 2383 238300|3425364284
PUT 2384 238400|3282106016
PUT 2385 238500|248028169
PUT 2386 238600|2181113267
PUT 2387 238700|1332301594
PUT 2388 238800|2635405963
PUT 2389 238900|1350397986
PUT 2390 239000|4012123040
PUT 2391 239100|575424777
PUT 2392 239200|2928013491
PUT 2393 239300|1676515866
PUT 2394 239400|1818723718
PUT 2395 239500|2702176047
PUT 2396 239600|767973013
PUT 2397 239700|3769515068
PUT 2398 239800|852650413
PUT 2399 239900|4290380548
PUT 2400 240000|1853037848
PUT 2401 240100|2736486321
PUT 2402 240200|802344459
PUT 2403 240300|3803882658
PUT 2404 240400|3979393854
PUT 2405 240500|542691735
PUT 2406 240600|2895210541
PUT 2407 240700|1643709060
PUT 2408 240800|3011860245
PUT 2409 240900|2129477052
PUT 2410 241000|3249827390
PUT 2411 241100|215745687
PUT 2412 241200|2148908333
PUT 2413 241300|1300092804
PUT 2414 241400|1123534872
PUT 2415 241500|2409603761
PUT 2416 241600|55974667
PUT 2417 241700|3460198818
PUT 2418 241800|474096691
PUT 2419 241900|3509210778
PUT 2420 242000|3935108373
PUT 2421 242100|669292476
PUT 2422 242200|2871864838
PUT 2423 242300|1715815599
PUT 2424 242400|1775196979
PUT 2425 242500|2762420634
PUT 2426 242600|678332448
PUT 2427 242700|3842433673
PUT 2428 242800|930789144
PUT 2429 242900|4195540401
PUT 2430 243000|1162579507
PUT 2431 243100|2284053658
PUT 2432 243200|82468128
PUT 2433 243300|3380754313
PUT 2434 243400|3322423317
PUT 2435 243500|190857916
PUT 2436 243600|2276064006
PUT 2437 243700|1254199727
PUT 2438 243800|2562573374
PUT 2439 243900|1440067223
PUT 2440 244000|3170753347
PUT 2441 244100|1905635818
PUT 2442 244200|4250667088
PUT 2443 244300|808739577
PUT 2444 244400|1069448549
PUT 2445 244500|4074117068
PUT 2446 244600|2116005494
PUT 2447 244700|3010970847
PUT 2448 244800|1628148046
PUT 2449 244900|2892233703
PUT 2450 245000|322611301
PUT 2451 245100|3729965772
PUT 2452 245200|1385921398
PUT 2453 245300|2683507167
PUT 2454 245400|2423852611
PUT 2455 245500|1561421034
PUT 2456 245600|3520650576
PUT 2457 245700|481343481
PUT 2458 245800|3469533800
PUT 2459 245900|61114561
PUT 2460 246000|939670350
PUT 2461 246100|4117385703
PUT 2462 246200|2040784989
PUT 2463 246300|3033236212
PUT 2464 246400|3141639528
PUT 2465 246500|1982461889
PUT 2466 246600|4209004155
PUT 2467 246700|931669202
PUT 2468 246800|3858002243
PUT 2469 246900|681319402
PUT 2470 247000|2546288744
PUT 2471 247100|1521296065
PUT 2472 247200|3596917627
PUT 2473 247300|453833170
PUT 2474 247400|344387150
PUT 2475 247500|3656287463
PUT 2476 247600|1428634973
PUT 2477 247700|2555336692
PUT 2478 247800|1244856933
PUT 2479 247900|2270914764
PUT 2480 248000|270505967
PUT 2481 248100|3715628358
PUT 2482 248200|1371423996
PUT 2483 248300|2631282261
PUT 2484 248400|2472292809
PUT 2485 248500|1580489568
PUT 2486 248600|3539854042
PUT 2487 248700|529893491
PUT 2488 248800|3454655970
PUT 2489 248900|8501067
PUT 2490 249000|3218662601
PUT 2491 249100|1924173408
PUT 2492 249200|4269357018
PUT 2493 249300|856776051
PUT 2494 249400|1016808175
PUT 2495 249500|4059244614
PUT 2496 249600|2100990460
PUT 2497 249700|2958228309
PUT 2498 249800|1647226564
PUT 2499 249900|2940650605
PUT 2500 250000|3167838102
PUT 2501 250100|1907963199
PUT 2502 250200|4252011653
PUT 2503 250300|806938156
PUT 2504 250400|1066596784
PUT 2505 250500|4076507929
PUT 2506 250600|2117282467
PUT 2507 250700|3009101834
PUT 2508 250800|1629951387
PUT 2509 250900|2890891058
PUT 2510 251000|320220336
PUT 2511 251100|3732817433
PUT 2512 251200|1387790243
PUT 2513 251300|2682230026
PUT 2514 251400|2421525142
PUT 2515 251500|1564336191
PUT 2516 251600|3522451845
PUT 2517 251700|479998764
PUT 2518 251800|3470812861
PUT 2519 251900|59247636
PUT 2520 252000|942587803
PUT 2521 252100|4115060018
PUT 2522 252200|2039442568
PUT 2523 252300|3035039265
PUT 2524 252400|3144489405
PUT 2525 252500|1980068628
PUT 2526 252600|4207725230
PUT 2527 252700|933535751
PUT 2528 252800|3856201110
PUT 2529 252900|682663743
PUT 2530 253000|2548681917
PUT 2531 253100|1518446100
PUT 2532 253200|3595050926
PUT 2533 253300|455111943
PUT 2534 253400|346712731
PUT 2535 253500|3653369906
PUT 2536 253600|1426831752
PUT 2537 253700|2556678945
PUT 2538 253800|1243580080
PUT 2539 253900|2272783385
PUT 2540 254000|1851759053
PUT 2541 254100|2738352996
PUT 2542 254200|805194462
PUT 2543 254300|3801489527
PUT 2544 254400|3978051563
PUT 2545 254500|544494914
PUT 2546 254600|2898128120
PUT 2547 254700|1641383505
PUT 2548 254800|3014251456
PUT 2549 254900|2126625129
PUT 2550 255000|3248024299
PUT 2551 255100|217088066
PUT 2552 255200|2151234040
PUT 2553 255300|1297175377
PUT 2554 255400|1121668301
PUT 2555 255500|2410882660
PUT 2556 255600|58367966
PUT 2557 255700|3457348983
PUT 2558 255800|477012198
PUT 2559 255900|3506883151
PUT 2560 256000|3936385472
PUT 2561 256100|667423593
PUT 2562 256200|2869013203
PUT 2563 256300|1718206586
PUT 2564 256400|1776541670
PUT 2565 256500|2760619343
PUT 2566 256600|675417333
PUT 2567 256700|3844761180
PUT 2568 256800|928396237
PUT 2569 256900|4198390116
PUT 2570 257000|1164380902
PUT 2571 257100|2282709071
PUT 2572 257200|80140789
PUT 2573 257300|3383669596
PUT 2574 257400|3324292288
PUT 2575 257500|189580905
PUT 2576 257600|2273673171
PUT 2577 257700|1257051514
PUT 2578 257800|2559656171
PUT 2579 257900|1442392642
PUT 2580 258000|3267220833
PUT 2581 258100|265666504
PUT 2582 258200|2199651954
PUT 2583 258300|1316252891
PUT 2584 258400|1107194695
PUT 2585 258500|2358647278
PUT 2586 258600|6266964
PUT 2587 258700|3442985725
PUT 2588 258800|525049708
PUT 2589 258900|3525572037
PUT 2590 259000|1836754503
PUT 2591 259100|2685586670
PUT 2592 259200|752579924
PUT 2593 259300|3786612733
PUT 2594 259400|3996713057
PUT 2595 259500|592538312
PUT 2596 259600|2946028402
PUT 2597 259700|1659943387
PUT 2598 259800|2962025546
PUT 2599 259900|2112128739
PUT 2600 260000|273063493
PUT 2601 260100|3710842092
PUT 2602 260200|1374113110
PUT 2603 260300|2626627583
PUT 2604 260400|2466592867
PUT 2605 260500|1584222922
PUT 2606 260600|3534023536
PUT 2607 260700|533496281
PUT 2608 260800|3450917960
PUT 2609 260900|14204641
PUT 2610 261000|3212963171
PUT 2611 261100|1927907274
PUT 2612 261200|4263526000
PUT 2613 261300|860378329
PUT 2614 261400|1019366213
PUT 2615 261500|4054458860
PUT 2616 261600|2103679062
PUT 2617 261700|2953573119
PUT 2618 261800|1652008814
PUT 2619 261900|2938097095
PUT 2620 262000|2495184456
PUT 2621 262100|1506874593
PUT 2622 262200|3575164251
PUT 2623 262300|410044402
PUT 2624 262400|402315374
PUT 2625 262500|3667047111
PUT 2626 262600|1448807293
PUT 2627 262700|2603835860
PUT 2628 262800|1229927493
PUT 2629 262900|2217172716
PUT 2630 263000|998116718
PUT 2631 263100|4128663495
PUT 2632 263200|2061491837
PUT 2633 263300|3082269908
PUT 2634 263400|3091049288
PUT 2635 263500|1968554465
PUT 2636 263600|4187781211
PUT 2637 263700|888410866
PUT 2638 263800|3867690851
PUT 2639 263900|736112074
PUT 2640 264000|3267909662
PUT 2641 264100|262156983
PUT 2642 264200|2204732173
PUT 2643 264300|1308746148
PUT 2644 264400|1099693624
PUT 2645 264500|2363724945
PUT 2646 264600|2764075
PUT 2647 264700|3443672962
PUT 2648 264800|524161555
PUT 2649 264900|3528882362
PUT 2650 265000|1829710648
PUT 2651 265100|2691121553
PUT 2652 265200|749664299
PUT 2653 265300|3787887234
PUT 2654 265400|3997994270
PUT 2655 265500|589621175
PUT 2656 265600|2951568909
PUT 2657 265700|1652896932
PUT 2658 265800|2969133365
PUT 2659 265900|2106657692
PUT 2660 266000|1178056723
PUT 2661 266100|2338312890
PUT 2662 266200|127298304
PUT 2663 266300|3405644201
PUT 2664 266400|3312721461
PUT 2665 266500|136082588
PUT 2666 266600|2228604198
PUT 2667 266700|1237165967
PUT 2668 266800|2613178910
PUT 2669 266900|1453955255
PUT 2670 267000|3924871989
PUT 2671 267100|613982620
PUT 2672 267200|2823886886
PUT 2673 267300|1698263695
PUT 2674 267400|1790143763
PUT 2675 267500|2816149434
PUT 2676 267600|722648576
PUT 2677 267700|3866809513
PUT 2678 267800|872841528
PUT 2679 267900|4184796049
PUT 2680 268000|1848251570
PUT 2681 268100|2739043867
PUT 2682 268200|797689761
PUT 2683 268300|3806571784
PUT 2684 268400|3983127188
PUT 2685 268500|536991805
PUT 2686 268600|2898813319
PUT 2687 268700|1637878574
PUT 2688 268800|3017563839
PUT 2689 268900|2125739030
PUT 2690 269000|3253561236
PUT 2691 269100|210046269
PUT 2692 269200|2152510599
PUT 2693 269300|1294261806
PUT 2694 269400|1118749106
PUT 2695 269500|2412161819
PUT 2696 269600|51319457
PUT 2697 269700|3462887432
PUT 2698 269800|471543193
PUT 2699 269900|3513993008
PUT 2700 270000|3269778635
PUT 2701 270100|260879970
PUT 2702 270200|2202341336
PUT 2703 270300|1311597937
PUT 2704 270400|1101495021
PUT 2705 270500|2362380356
PUT 2706 270600|436734
PUT 2707 270700|3446588247
PUT 2708 270800|521311942
PUT 2709 270900|3531275375
PUT 2710 271000|1831055341
PUT 2711 271100|2689320260
PUT 2712 271200|746749182
PUT 2713 271300|3790214743
PUT 2714 271400|3999271371
PUT 2715 271500|587752290
PUT 2716 271600|2948717272
PUT 2717 271700|1655287921
PUT 2718 271800|2966808032
PUT 2719 271900|2109574985
PUT 2720 272000|1176190150
PUT 2721 272100|2339591791
PUT 2722 272200|129691605
PUT 2723 272300|3402794364
PUT 2724 272400|3310918368
PUT 2725 272500|137424969
PUT 2726 272600|2230929907
PUT 2727 272700|1234248538
PUT 2728 272800|2616030923
PUT 2729 272900|1451564130
PUT 2730 273000|3923529696
PUT 2731 273100|615785801
PUT 2732 273200|2826804467
PUT 2733 273300|1695938138
PUT 2734 273400|1788864966
PUT 2735 273500|2818016111
PUT 2736 273600|725498581
PUT 2737 273700|3864416380
PUT 2738 273800|875169261
PUT 2739 273900|4181880644
PUT 2740 274000|275389072
PUT 2741 274100|3707924537
PUT 2742 274200|1372309891
PUT 2743 274300|2627969834
PUT 2744 274400|2468986038
PUT 2745 274500|1581372959
PUT 2746 274600|3532156837
PUT 2747 274700|534775052
PUT 2748 274800|3449573533
PUT 2749 274900|16005684
PUT 2750 275000|3215813046
PUT 2751 275100|1925514015
PUT 2752 275200|4262247077
PUT 2753 275300|862244876
PUT 2754 275400|1022283664
PUT 2755 275500|4052133177
PUT 2756 275600|2102336643
PUT 2757 275700|2955376170
PUT 2758 275800|1650140091
PUT 2759 275900|2939373842
PUT 2760 276000|2492856989
PUT 2761 276100|1509789748
PUT 2762 276200|3576965518
PUT 2763 276300|408699687
PUT 2764 276400|399924411
PUT 2765 276500|3669898770
PUT 2766 276600|1450676136
PUT 2767 276700|2602558721
PUT 2768 276800|1231270032
PUT 2769 276900|2215369273
PUT 2770 277000|995264955
PUT 2771 277100|4131054354
PUT 2772 277200|2062768808
PUT 2773 277300|3080400897
PUT 2774 277400|3088134045
PUT 2775 277500|1970881844
PUT 2776 277600|4189125774
PUT 2777 277700|886609447
PUT 2778 277800|3869557686
PUT 2779 277900|734832927
PUT 2780 278000|3163051580
PUT 2781 278100|1910520981
PUT 2782 278200|4247356719
PUT 2783 278300|809627526
PUT 2784 278400|1070329882
PUT 2785 278500|4070808243
PUT 2786 278600|2120885001
PUT 2787 278700|3003271584
PUT 2788 278800|1635654705
PUT 2789 278900|2887153304
PUT 2790 279000|323953946
PUT 2791 279100|3727118259
PUT 2792 279200|1391392265
PUT 2793 279300|2676399264
PUT 2794 279400|2416739132
PUT 2795 279500|1566894485
PUT 2796 279600|3517796399
PUT 2797 279700|482687622
PUT 2798 279800|3468259095
PUT 2799 279900|64030142
PUT 2800 280000|2982088855
PUT 2801 280100|2094496318
PUT 2802 280200|4028547972
PUT 2803 280300|1031186733
PUT 2804 280400|855422641
PUT 2805 280500|4287945752
PUT 2806 280600|1935500706
PUT 2807 280700|3191148299
PUT 2808 280800|1816746650
PUT 2809 280900|2703306803
PUT 2810 281000|511206321
PUT 2811 281100|3541043480
PUT 2812 281200|1608102050
PUT 2813 281300|2461129227
PUT 2814 281400|2637940119
PUT 2815 281500|1347661630
PUT 2816 281600|3701085828
PUT 2817 281700|301104173
PUT 2818 281800|3280873916
PUT 2819 281900|249971477
PUT 2820 282000|893448346
PUT 2821 282100|4163410483
PUT 2822 282200|1960911753
PUT 2823 282300|3112782112
PUT 2824 282400|3053672124
PUT 2825 282500|2070625301
PUT 2826 282600|4154623407
PUT 2827 282700|986377990
PUT 2828 282800|3904289431
PUT 2829 282900|635359294
PUT 2830 283000|2592572348
PUT 2831 283100|1475340565
PUT 2832 283200|3676721327
PUT 2833 283300|374225414
PUT 2834 283400|432285082
PUT 2835 283500|3568062259
PUT 2836 283600|1483077257
PUT 2837 283700|2500697120
PUT 2838 283800|1198639537
PUT 2839 283900|2316935960
PUT 2840 284000|1664210636
PUT 2841 284100|2925116517
PUT 2842 284200|579864031
PUT 2843 284300|4026036086
PUT 2844 284400|3765596394
PUT 2845 284500|756685379
PUT 2846 284600|2715001849
PUT 2847 284700|1824246096
PUT 2848 284800|3200752833
PUT 2849 284900|1940911720
PUT 2850 285000|3438716394
PUT 2851 285100|27184963
PUT 2852 285200|2371319545
PUT 2853 285300|1077877840
PUT 2854 285400|1337263052
PUT 2855 285500|2195548517
PUT 2856 285600|236245215
PUT 2857 285700|3279731318
PUT 2858 285800|285274087
PUT 2859 285900|3697837390
PUT 2860 286000|3889051329
PUT 2861 286100|715545704
PUT 2862 286200|2792351186
PUT 2863 286300|1795657595
PUT 2864 286400|1686999271
PUT 2865 286500|2850421326
PUT 2866 286600|623657972
PUT 2867 286700|3896781149
PUT 2868 286800|976780492
PUT 2869 286900|4149220965
PUT 2870 287000|1208567271
PUT 2871 287100|2237738830
PUT 2872 287200|162043636
PUT 2873 287300|3300981853
PUT 2874 287400|3410682817
PUT 2875 287500|102926696
PUT 2876 287600|2330669266
PUT 2877 287700|1199790715
PUT 2878 287800|2516520938
PUT 2879 287900|1486316867
PUT 2880 288000|3486751328
PUT 2881 288100|45871305
PUT 2882 288200|2389854579
PUT 2883 288300|1125786586
PUT 2884 288400|1284521030
PUT 2885 288500|2180536047
PUT 2886 288600|221376341
PUT 2887 288700|3227092476
PUT 2888 288800|304468077
PUT 2889 288900|3746413252
PUT 2890 289000|1611983174
PUT 2891 289100|2910618607
PUT 2892 289200|565525077
PUT 2893 289300|3973927164
PUT 2894 289400|3814149984
PUT 2895 289500|775890377
PUT 2896 289600|2734070899
PUT 2897 289700|1872688858
PUT 2898 289800|3185746763
PUT 2899 289900|1888143842
PUT 2900 290000|1662865945
PUT 2901 290100|2926917808
PUT 2902 290200|582779146
PUT 2903 290300|4023708579
PUT 2904 290400|3764319295
PUT 2905 290500|758554262
PUT 2906 290600|2717853484
PUT 2907 290700|1821855109
PUT 2908 290800|3203078164
PUT 2909 290900|1937994429
PUT 2910 291000|3436847423
PUT 2911 291100|28461974
PUT 2912 291200|2373710380
PUT 2913 291300|1075026053
PUT 2914 291400|1335461657
PUT 2915 291500|2196893104
PUT 2916 291600|238572554
PUT 2917 291700|3276816035
PUT 2918 291800|288123698
PUT 2919 291900|3695444379
PUT 2920 292000|3890393620
PUT 2921 292100|713742525
PUT 2922 292200|2789433607
PUT 2923 292300|1797983150
PUT 2924 292400|1688278066
PUT 2925 292500|2848554651
PUT 2926 292600|620807969
PUT 2927 292700|3899174280
PUT 2928 292800|974452761
PUT 2929 292900|4152136368
PUT 2930 293000|1210433842
PUT 2931 293100|2236459931
PUT 2932 293200|159650337
PUT 2933 293300|3303831688
PUT 2934 293400|3412485908
PUT 2935 293500|101584317
PUT 2936 293600|2328343559
PUT 2937 293700|1202708142
PUT 2938 293800|2513668927
PUT 2939 293900|1488707990
PUT 2940 294000|2979238978
PUT 2941 294100|2096889579
PUT 2942 294200|4029826897
PUT 2943 294300|1029320184
PUT 2944 294400|852505188
PUT 2945 294500|4290271437
PUT 2946 294600|1936843127
PUT 2947 294700|3189345246
PUT 2948 294800|1818615375
PUT 2949 294900|2702030054
PUT 2950 295000|508880740
PUT 2951 295100|3543961037
PUT 2952 295200|1609905271
PUT 2953 295300|2459786974
PUT 2954 295400|2635546946
PUT 2955 295500|1350511595
PUT 2956 295600|3702952529
PUT 2957 295700|299825400
PUT 2958 295800|3282218345
PUT 2959 295900|248170432
PUT 2960 296000|896300111
PUT 2961 296100|4161019622
PUT 2962 296200|1959634780
PUT 2963 296300|3114651125
PUT 2964 296400|3056587369
PUT 2965 296500|2068297920
PUT 2966 296600|4153278842
PUT 2967 296700|988179411
PUT 2968 296800|3902422594
PUT 2969 296900|636638443
PUT 2970 297000|2594899817
PUT 2971 297100|1472425408
PUT 2972 297200|3674920058
PUT 2973 297300|375570131
PUT 2974 297400|434676047
PUT 2975 297500|3565210598
PUT 2976 297600|1481208412
PUT 2977 297700|2501974261
PUT 2978 297800|1197296996
PUT 2979 297900|2318739405
PUT 2980 298000|494000366
PUT 2981 298100|3491344967
PUT 2982 298200|1557138429
PUT 2983 298300|2444779860
PUT 2984 298400|2654109384
PUT 2985 298500|1398412385
PUT 2986 298600|3750997467
PUT 2987 298700|318490482
PUT 2988 298800|3230110435
PUT 2989 298900|233830474
PUT 2990 299000|2998315976
PUT 2991 299100|2145304929
PUT 2992 299200|4078401755
PUT 2993 299300|1048515186
PUT 2994 299400|838143470
PUT 2995 299500|4238174023
PUT 2996 299600|1884610301
PUT 2997 299700|3174872148
PUT 2998 299800|1866523077
PUT 2999 299900|2720566124
PUT 3000 300000|2563381191
PUT 3001 300100|1436712302
PUT 3002 300200|3647718612
PUT 3003 300300|335785597
PUT 3004 300400|462008801
PUT 3005 300500|3605125960
PUT 3006 300600|1512596210
PUT 3007 300700|2537556059
PUT 3008 300800|1161584074
PUT 3009 300900|2287220579
PUT 3010 301000|923624673
PUT 3011 301100|4200926792
PUT 3012 301200|1991030770
PUT 3013 301300|3150241115
PUT 3014 301400|3025060551
PUT 3015 301500|2032576622
PUT 3016 301600|4126085588
PUT 3017 301700|948403069
PUT 3018 301800|3942330092
PUT 3019 301900|663962693
PUT 3020 302000|473298890
PUT 3021 302100|3512573283
PUT 3022 302200|1569989849
PUT 3023 302300|2432454256
PUT 3024 302400|2675331564
PUT 3025 302500|1377712965
PUT 3026 302600|3738665727
PUT 3027 302700|331343958
PUT 3028 302800|3250830791
PUT 3029 302900|212588398
PUT 3030 303000|3019015404
PUT 3031 303100|2124082757
PUT 3032 303200|4065548287
PUT 3033 303300|1060846934
PUT 3034 303400|816915146
PUT 3035 303500|4258875491
PUT 3036 303600|1896935897
PUT 3037 303700|3162020720
PUT 3038 303800|1845808865
PUT 3039 303900|2741806152
PUT 3040 304000|1246024092
PUT 3041 304100|2267855669
PUT 3042 304200|199557775
PUT 3043 304300|3331156006
PUT 3044 304400|3372709818
PUT 3045 304500|74390803
PUT 3046 304600|2292622505
PUT 3047 304700|1171181056
PUT 3048 304800|2545064849
PUT 3049 304900|1524298040
PUT 3050 305000|3850609338
PUT 3051 305100|686540819
PUT 3052 305200|2753720745
PUT 3053 305300|1766464256
PUT 3054 305400|1723860124
PUT 3055 305500|2879942197
PUT 3056 305600|660723599
PUT 3057 305700|3926506790
PUT 3058 305800|947251383
PUT 3059 305900|4112351774
PUT 3060 306000|3468374417
PUT 3061 306100|64183096
PUT 3062 306200|2400903810
PUT 3063 306300|1114802219
PUT 3064 306400|1308137399
PUT 3065 306500|2156985630
PUT 3066 306600|207176868
PUT 3067 306700|3241225741
PUT 3068 306800|323845020
PUT 3069 306900|3726971189
PUT 3070 307000|1635533495
PUT 3071 307100|2887002142
PUT 3072 307200|551391652
PUT 3073 307300|3988126477
PUT 3074 307400|3795838097
PUT 3075 307500|794267192
PUT 3076 307600|2745055106
PUT 3077 307700|1861639467
PUT 3078 307800|3163162810
PUT 3079 307900|1910661651
PUT 3080 308000|3869678896
PUT 3081 308100|734984089
PUT 3082 308200|2802273827
PUT 3083 308300|1785668746
PUT 3084 308400|1709521686
PUT 3085 308500|2827833791
PUT 3086 308600|608495621
PUT 3087 308700|3912008364
PUT 3088 308800|995153725
PUT 3089 308900|4130913684
PUT 3090 309000|1231154710
PUT 3091 309100|2215216319
PUT 3092 309200|146816261
PUT 3093 309300|3316144044
PUT 3094 309400|3391244336
PUT 3095 309500|122299033
PUT 3096 309600|2340657955
PUT 3097 309700|1189867914
PUT 3098 309800|2492965915
PUT 3099 309900|1509936818
PUT 3100 310000|1248351561
PUT 3101 310100|2264940512
PUT 3102 310200|197756506
PUT 3103 310300|3332500723
PUT 3104 310400|3375100783
PUT 3105 310500|71539142
PUT 3106 310600|2290753660
PUT 3107 310700|1172458197
PUT 3108 310800|2543722308
PUT 3109 310900|1526101485
PUT 3110 311000|3853461103
PUT 3111 311100|684149958
PUT 3112 311200|2752443772
PUT 3113 311300|1768333269
PUT 3114 311400|1726775369
PUT 3115 311500|2877614816
PUT 3116 311600|659379034
PUT 3117 311700|3928308211
PUT 3118 311800|945384546
PUT 3119 311900|4113630923
PUT 3120 312000|3466048836
PUT 3121 312100|67100653
PUT 3122 312200|2402707031
PUT 3123 312300|1113459966
PUT 3124 312400|1305744226
PUT 3125 312500|2159835595
PUT 3126 312600|209043569
PUT 3127 312700|3239946968
PUT 3128 312800|325189449
PUT 3129 312900|3725170144
PUT 3130 313000|1632683618
PUT 3131 313100|2889395403
PUT 3132 313200|552670577
PUT 3133 313300|3986259928
PUT 3134 313400|3792920644
PUT 3135 313500|796592877
PUT 3136 313600|2746397527
PUT 3137 313700|1859836414
PUT 3138 313800|3165031535
PUT 3139 313900|1909384902
PUT 3140 314000|2565247762
PUT 3141 314100|1435433403
PUT 3142 314200|3645325313
PUT 3143 314300|338635432
PUT 3144 314400|463811892
PUT 3145 314500|3603783581
PUT 3146 314600|1510270503
PUT 3147 314700|2540473486
PUT 3148 314800|1158732063
PUT 3149 314900|2289611702
PUT 3150 315000|924966964
PUT 3151 315100|4199123613
PUT 3152 315200|1988113191
PUT 3153 315300|3152566670
PUT 3154 315400|3026339346
PUT 3155 315500|2030709947
PUT 3156 315600|4123235585
PUT 3157 315700|950796200
PUT 3158 315800|3940002361
PUT 3159 315900|666878096
PUT 3160 316000|471429919
PUT 3161 316100|3513850294
PUT 3162 316200|1572380684
PUT 3163 316300|2429602469
PUT 3164 316400|2673530169
PUT 3165 316500|1379057552
PUT 3166 316600|3740993066
PUT 3167 316700|328428675
PUT 3168 316800|3253680402
PUT 3169 316900|210195387
PUT 3170 317000|3017670713
PUT 3171 317100|2125884048
PUT 3172 317200|4068463402
PUT 3173 317300|1058519427
PUT 3174 317400|815638047
PUT 3175 317500|4260744374
PUT 3176 317600|1899787532
PUT 3177 317700|3159629733
PUT 3178 317800|1848134196
PUT 3179 317900|2738888861
PUT 3180 318000|872734654
PUT 3181 318100|4184651031
PUT 3182 318200|1973750957
PUT 3183 318300|3100468740
PUT 3184 318400|3074914712
PUT 3185 318500|2049905457
PUT 3186 318600|4142312075
PUT 3187 318700|999211042
PUT 3188 318800|3924989363
PUT 3189 318900|614137626
PUT 3190 319000|2613292184
PUT 3191 319100|1454097969
PUT 3192 319200|3663888267
PUT 3193 319300|386536738
PUT 3194 319400|411044542
PUT 3195 319500|3588775959
PUT 3196 319600|1495390637
PUT 3197 319700|2487857924
PUT 3198 319800|1177937557
PUT 3199 319900|2338163772
PUT 3200 320000|3875509402
PUT 3201 320100|731381299
PUT 3202 320200|2807973769
PUT 3203 320300|1781935392
PUT 3204 320400|1706832572
PUT 3205 320500|2832488469
PUT 3206 320600|605938095
PUT 3207 320700|3916794630
PUT 3208 320800|990502551
PUT 3209 320900|4133598270
PUT 3210 321000|1228466108
PUT 3211 321100|2219871509
PUT 3212 321200|144258223
PUT 3213 321300|3320929798
PUT 3214 321400|3397075354
PUT 3215 321500|118696755
PUT 3216 321600|2346357385
PUT 3217 321700|1186134048
PUT 3218 321800|2496572849
PUT 3219 321900|1504102168
PUT 3220 322000|1644197015
PUT 3221 322100|2942836286
PUT 3222 322200|597796740
PUT 3223 322300|4006202669
PUT 3224 322400|3779318449
PUT 3225 322500|741062680
PUT 3226 322600|2699166114
PUT 3227 322700|1837787915
PUT 3228 322800|3220586138
PUT 3229 322900|1922978867
PUT 3230 323000|3452372913
PUT 3231 323100|11496728
PUT 3232 323200|2355549346
PUT 3233 323300|1091485195
PUT 3234 323400|1317314967
PUT 3235 323500|2213333822
PUT 3236 323600|254112388
PUT 3237 323700|3259832365
PUT 3238 323800|271666620
PUT 3239 323900|3713607445
PUT 3240 324000|879841985
PUT 3241 324100|4179179624
PUT 3242 324200|1976598994
PUT 3243 324300|3099126651
PUT 3244 324400|3073570023
PUT 3245 324500|2052759118
PUT 3246 324600|4136839156
PUT 3247 324700|1006325085
PUT 3248 324800|3917945036
PUT 3249 324900|619672165
PUT 3250 325000|2612404711
PUT 3251 325100|1457408846
PUT 3252 325200|3659002612
PUT 3253 325300|394238045
PUT 3254 325400|418744257
PUT 3255 325500|3583896936
PUT 3256 325600|1498698962
PUT 3257 325700|2486976123
PUT 3258 325800|1178627050
PUT 3259 325900|2334654787
PUT 3260 326000|2962141900
PUT 3261 326100|2112280677
PUT 3262 326200|4046414303
PUT 3263 326300|1011288950
PUT 3264 326400|869078250
PUT 3265 326500|4272258627
PUT 3266 326600|1919731705
PUT 3267 326700|3204754768
PUT 3268 326800|1836644545
PUT 3269 326900|2685440616
PUT 3270 327000|524927466
PUT 3271 327100|3525421891
PUT 3272 327200|1592267513
PUT 3273 327300|2474670160
PUT 3274 327400|2617927628
PUT 3275 327500|1365380453
PUT 3276 327600|3719017695
PUT 3277 327700|281271926
PUT 3278 327800|3267333095
PUT 3279 327900|265806158
PUT 3280 328000|2559778413
PUT 3281 328100|1442542788
PUT 3282 328200|3643985278
PUT 3283 328300|341485527
PUT 3284 328400|466663499
PUT 3285 328500|3602436834
PUT 3286 328600|1517382488
PUT 3287 328700|2534998513
PUT 3288 328800|1164268640
PUT 3289 328900|2282569417
PUT 3290 329000|928279883
PUT 3291 329100|4198238178
PUT 3292 329200|1995816536
PUT 3293 329300|3147683057
PUT 3294 329400|3021458285
PUT 3295 329500|2038407620
PUT 3296 329600|4122351742
PUT 3297 329700|954102487
PUT 3298 329800|3936495430
PUT 3299 329900|667569647
PUT 3300 330000|878564884
PUT 3301 330100|4181048509
PUT 3302 330200|1979450631
PUT 3303 330300|3096735662
PUT 3304 330400|3072225330
PUT 3305 330500|2054560411
PUT 3306 330600|4139754273
PUT 3307 330700|1003997576
PUT 3308 330800|3920337945
PUT 3309 330900|616822448
PUT 3310 331000|2610603314
PUT 3311 331100|1458753435
PUT 3312 331200|3661329953
PUT 3313 331300|391322760
PUT 3314 331400|416875284
PUT 3315 331500|3585173949
PUT 3316 331600|1501089799
PUT 3317 331700|2484124334
PUT 3318 331800|1181544255
PUT 3319 331900|2332329366
PUT 3320 332000|2963420697
PUT 3321 332100|2110414000
PUT 3322 332200|4043564298
PUT 3323 332300|1013682083
PUT 3324 332400|870420543
PUT 3325 332500|4270455446
PUT 3326 332600|1916814124
PUT 3327 332700|3207080325
PUT 3328 332800|1834253332
PUT 3329 332900|2688292541
PUT 3330 333000|526730559
PUT 3331 333100|3524079510
PUT 3332 333200|1589941804
PUT 3333 333300|2477587589
PUT 3334 333400|2619794201
PUT 3335 333500|1364101552
PUT 3336 333600|3716624394
PUT 3337 333700|284121763
PUT 3338 333800|3264417586
PUT 3339 333900|268133787
PUT 3340 334000|3872591951
PUT 3341 334100|733706982
PUT 3342 334200|2809316188
PUT 3343 334300|1780132341
PUT 3344 334400|1703982697
PUT 3345 334500|2834881728
PUT 3346 334600|607217018
PUT 3347 334700|3914928083
PUT 3348 334800|992303682
PUT 3349 334900|4132253931
PUT 3350 335000|1226072937
PUT 3351 335100|2222721472
PUT 3352 335200|146124922
PUT 3353 335300|3319651027
PUT 3354 335400|3394749775
PUT 3355 335500|121614310
PUT 3356 335600|2348160604
PUT 3357 335700|1184791797
PUT 3358 335800|2497849700
PUT 3359 335900|1502233549
PUT 3360 336000|1647112258
PUT 3361 336100|2940508907
PUT 3362 336200|596452177
PUT 3363 336300|4008004088
PUT 3364 336400|3782170212
PUT 3365 336500|738671821
PUT 3366 336600|2697889143
PUT 3367 336700|1839656926
PUT 3368 336800|3218782799
PUT 3369 336900|1924321510
PUT 3370 337000|3454763876
PUT 3371 337100|8645069
PUT 3372 337200|2353680503
PUT 3373 337300|1092762334
PUT 3374 337400|1319642434
PUT 3375 337500|2210418667
PUT 3376 337600|252311121
PUT 3377 337700|3261177080
PUT 3378 337800|270387561
PUT 3379 337900|3715474368
PUT 3380 338000|1244749027
PUT 3381 338100|2270770762
PUT 3382 338200|194023408
PUT 3383 338300|3338200409
PUT 3384 338400|3379755717
PUT 3385 338500|68849772
PUT 3386 338600|2295540182
PUT 3387 338700|1169900415
PUT 3388 338800|2546407150
PUT 3389 338900|1521450055
PUT 3390 339000|3858116549
PUT 3391 339100|681461100
PUT 3392 339200|2757229782
PUT 3393 339300|1765774975
PUT 3394 339400|1723173347
PUT 3395 339500|2883445578
PUT 3396 339600|655645424
PUT 3397 339700|3934007385
PUT 3398 339800|939550152
PUT 3399 339900|4117237601
PUT 3400 340000|1688277373
PUT 3401 340100|2848553940
PUT 3402 340200|620806766
PUT 3403 340300|3899173063
PUT 3404 340400|3890394971
PUT 3405 340500|713743858
PUT 3406 340600|2789434440
PUT 3407 340700|1797983969
PUT 3408 340800|3109510000
PUT 3409 340900|1950298585
PUT 3410 341000|3412484699
PUT 3411 341100|101583090
PUT 3412 341200|2328342856
PUT 3413 341300|1202707425
PUT 3414 341400|1210434685
PUT 3415 341500|2236460756
PUT 3416 341600|159651694
PUT 3417 341700|3303833031
PUT 3418 341800|378546262
PUT 3419 341900|3690480383
PUT 3420 342000|3764318576
PUT 3421 342100|758553561
PUT 3422 342200|2717852259
PUT 3423 342300|1821853898
PUT 3424 342400|1662867286
PUT 3425 342500|2926919167
PUT 3426 342600|582779973
PUT 3427 342700|4023709420
PUT 3428 342800|1034468221
PUT 3429 342900|4039168468
PUT 3430 343000|1335460438
PUT 3431 343100|2196891903
PUT 3432 343200|238571845
PUT 3433 343300|3276815340
PUT 3434 343400|3436848240
PUT 3435 343500|28462809
PUT 3436 343600|2373711715
PUT 3437 343700|1075027402
PUT 3438 343800|2456799323
PUT 3439 343900|1594335986
PUT 3440 344000|3056588582
PUT 3441 344100|2068299151
PUT 3442 344200|4153279541
PUT 3443 344300|988180124
PUT 3444 344400|896299264
PUT 3445 344500|4161018793
PUT 3446 344600|1959633427
PUT 3447 344700|3114649786
PUT 3448 344800|1809423659
PUT 3449 344900|2796681090
PUT 3450 345000|434676736
PUT 3451 345100|3565211305
PUT 3452 345200|1481209619
PUT 3453 345300|2501975482
PUT 3454 345400|2594898470
PUT 3455 345500|1472424079
PUT 3456 345600|3674919221
PUT 3457 345700|375569308
PUT 3458 345800|3290361357
PUT 3459 345900|158762148
PUT 3460 346000|852506411
PUT 3461 346100|4290272642
PUT 3462 346200|1936843832
PUT 3463 346300|3189345937
PUT 3464 346400|2979238157
PUT 3465 346500|2096888740
PUT 3466 346600|4029825566
PUT 3467 346700|1029318839
PUT 3468 346800|4012277030
PUT 3469 346900|575543183
PUT 3470 347000|2635547661
PUT 3471 347100|1350512292
PUT 3472 347200|3702953758
PUT 3473 347300|299826615
PUT 3474 347400|508879403
PUT 3475 347500|3543959682
PUT 3476 347600|1609904440
PUT 3477 347700|2459786129
PUT 3478 347800|1088491008
PUT 3479 347900|2374591657
PUT 3480 348000|449682314
PUT 3481 348100|3617976611
PUT 3482 348200|1533823129
PUT 3483 348300|2516853296
PUT 3484 348400|2576235948
PUT 3485 348500|1424381701
PUT 3486 348600|3627019967
PUT 3487 348700|357008406
PUT 3488 348800|3342586247
PUT 3489 348900|173259566
PUT 3490 349000|3037391020
PUT 3491 349100|2019721733
PUT 3492 349200|4104862655
PUT 3493 349300|969101590
PUT 3494 349400|910773898
PUT 3495 349500|4213253155
PUT 3496 349600|2011733401
PUT 3497 349700|3129014064
PUT 3498 349800|1761387169
PUT 3499 349900|2777991176
PUT 3500 350000|3053671411
PUT 3501 350100|2070624602
PUT 3502 350200|4154622176
PUT 3503 350300|986376777
PUT 3504 350400|893449685
PUT 3505 350500|4163411836
PUT 3506 350600|1960912582
PUT 3507 350700|3112782959
PUT 3508 350800|1811225086
PUT 3509 350900|2795336535
PUT 3510 351000|432283861
PUT 3511 351100|3568061052
PUT 3512 351200|1483076550
PUT 3513 351300|2500696431
PUT 3514 351400|2592573171
PUT 3515 351500|1475341402
PUT 3516 351600|3676722656
PUT 3517 351700|374226761
PUT 3518 351800|3291638488
PUT 3519 351900|156893297
PUT 3520 352000|855421950
PUT 3521 352100|4287945047
PUT 3522 352200|1935499501
PUT 3523 352300|3191147076
PUT 3524 352400|2982090200
PUT 3525 352500|2094497649
PUT 3526 352600|4028548811
PUT 3527 352700|1031187554
PUT 3528 352800|4010473971
PUT 3529 352900|576885594
PUT 3530 353000|2637938904
PUT 3531 353100|1347660401
PUT 3532 353200|3701085131
PUT 3533 353300|301103458
PUT 3534 353400|511207166
PUT 3535 353500|3541044311
PUT 3536 353600|1608103405
PUT 3537 353700|2461130564
PUT 3538 353800|1087212245
PUT 3539 353900|2376458364
PUT 3540 354000|1687000488
PUT 3541 354100|2850422529
PUT 3542 354200|623658683
PUT 3543 354300|3896781842
PUT 3544 354400|3889050510
PUT 3545 354500|715544871
PUT 3546 354600|2792349853
PUT 3547 354700|1795656244
PUT 3548 354800|3111903141
PUT 3549 354900|1947448588
PUT 3550 355000|3410683534
PUT 3551 355100|102927399
PUT 3552 355200|2330670493
PUT 3553 355300|1199791924
PUT 3554 355400|1208565928
PUT 3555 355500|2237737473
PUT 3556 355600|162042811
PUT 3557 355700|3300981010
PUT 3558 355800|381463683
PUT 3559 355900|3688154666
PUT 3560 356000|3765597605
PUT 3561 356100|756686604
PUT 3562 356200|2715002550
PUT 3563 356300|1824246815
PUT 3564 356400|1664209795
PUT 3565 356500|2925115690
PUT 3566 356600|579862672
PUT 3567 356700|4026034745
PUT 3568 356800|1032077224
PUT 3569 356900|4042020097
PUT 3570 357000|1337263747
PUT 3571 357100|2195549226
PUT 3572 357200|236246416
PUT 3573 357300|3279732537
PUT 3574 357400|3438715045
PUT 3575 357500|27183628
PUT 3576 357600|2371318710
PUT 3577 357700|1077877023
PUT 3578 357800|2453884046
PUT 3579 357900|1596663335
PUT 3580 358000|3362773252
PUT 3581 358100|84390829
PUT 3582 358200|2311981591
PUT 3583 358300|1151754430
PUT 3584 358400|1261207330
PUT 3585 358500|2252608907
PUT 3586 358600|177056817
PUT 3587 358700|3353724568
PUT 3588 358800|362386185
PUT 3589 358900|3639736736
PUT 3590 359000|1739106850
PUT 3591 359100|2864758923
PUT 3592 359200|638155057
PUT 3593 359300|3949007768
PUT 3594 359400|3840609284
PUT 3595 359500|696477357
PUT 3596 359600|2773147415
PUT 3597 359700|1747105214
PUT 3598 359800|3126779951
PUT 3599 359900|2000063110
PUT 3600 360000|445944352
PUT 3601 360100|3623680137
PUT 3602 360200|1530216755
PUT 3603 360300|2522688410
PUT 3604 360400|2581017606
PUT 3605 360500|1421827759
PUT 3606 360600|3631671061
PUT 3607 360700|354323900
PUT 3608 360800|3345143853
PUT 3609 360900|168473220
PUT 3610 361000|3042173190
PUT 3611 361100|2017168303
PUT 3612 361200|4109513237
PUT 3613 361300|966416572
PUT 3614 361400|907036448
PUT 3615 361500|4218957193
PUT 3616 361600|2008126515
PUT 3617 361700|3134848666
PUT 3618 361800|1755687691
PUT 3619 361900|2781725090
PUT 3620 362000|2657841709
PUT 3621 362100|1392711812
PUT 3622 362200|3754598718
PUT 3623 362300|312658839
PUT 3624 362400|489214987
PUT 3625 362500|3493904034
PUT 3626 362600|1552484120
PUT 3627 362700|2447470001
PUT 3628 362800|1134376992
PUT 3629 362900|2398442121
PUT 3630 363000|833356043
PUT 3631 363100|4240731042
PUT 3632 363200|1879953944
PUT 3633 363300|3177560241
PUT 3634 363400|3002050349
PUT 3635 363500|2139606404
PUT 3636 363600|4082005054
PUT 3637 363700|1042685591
PUT 3638 363800|3965340422
PUT 3639 363900|556933551
PUT 3640 364000|3357168763
PUT 3641 364100|91373266
PUT 3642 364200|2310768488
PUT 3643 364300|1154739649
PUT 3644 364400|1264185949
PUT 3645 364500|2251397364
PUT 3646 364600|184033614
PUT 3647 364700|3348122599
PUT 3648 364800|367795830
PUT 3649 364900|3632559327
PUT 3650 365000|1742546781
PUT 3651 365100|2864008692
PUT 3652 365200|645723214
PUT 3653 365300|3943997159
PUT 3654 365400|3835593083
PUT 3655 365500|704048082
PUT 3656 365600|2772390504
PUT 3657 365700|1750546625
PUT 3658 365800|3123408208
PUT 3659 365900|2000881657
PUT 3660 366000|1290122358
PUT 3661 366100|2173558495
PUT 3662 366200|222586725
PUT 3663 366300|3224112588
PUT 3664 366400|3483767376
PUT 3665 366500|47085817
PUT 3666 366600|2382872899
PUT 3667 366700|1131391978
PUT 3668 366800|2434006651
PUT 3669 366900|1551602898
PUT 3670 367000|3810707280
PUT 3671 367100|776646137
PUT 3672 367200|2726499395
PUT 3673 367300|1877704426
PUT 3674 367400|1616994678
PUT 3675 367500|2903051231
PUT 3676 367600|566276709
PUT 3677 367700|3970488524
PUT 3678 367800|1054117213
PUT 3679 367900|4089243636
PUT 3680 368000|1693980887
PUT 3681 368100|2844815998
PUT 3682 368200|626641860
PUT 3683 368300|3895566701
PUT 3684 368400|3887841009
PUT 3685 368500|718525528
PUT 3686 368600|2786749922
PUT 3687 368700|1802635083
PUT 3688 368800|3104723674
PUT 3689 368900|1952856179
PUT 3690 369000|3409931249
PUT 3691 369100|106365272
PUT 3692 369200|2325657826
PUT 3693 369300|1207358027
PUT 3694 369400|1216138711
PUT 3695 369500|2232723326
PUT 3696 369600|165486276
PUT 3697 369700|3300226157
PUT 3698 369800|382280188
PUT 3699 369900|3684780885
PUT 3700 370000|3359035566
PUT 3701 370100|90094087
PUT 3702 370200|2308375485
PUT 3703 370300|1157589268
PUT 3704 370400|1265989256
PUT 3705 370500|2250054689
PUT 3706 370600|181708187
PUT 3707 370700|3351039794
PUT 3708 370800|364944035
PUT 3709 370900|3634950154
PUT 3710 371000|1743889288
PUT 3711 371100|2862205217
PUT 3712 371200|642805915
PUT 3713 371300|3946322482
PUT 3714 371400|3836872110
PUT 3715 371500|702181127
PUT 3716 371600|2769540797
PUT 3717 371700|1752939540
PUT 3718 371800|3121080709
PUT 3719 371900|2003796780
PUT 3720 372000|1288253603
PUT 3721 372100|2174835210
PUT 3722 372200|224977840
PUT 3723 372300|3221260569
PUT 3724 372400|3481966213
PUT 3725 372500|48430124
PUT 3726 372600|2385200534
PUT 3727 372700|1128476479
PUT 3728 372800|2436856494
PUT 3729 372900|1549209607
PUT 3730 373000|3809362821
PUT 3731 373100|778447148
PUT 3732 373200|2729414806
PUT 3733 373300|1875376703
PUT 3734 373400|1615717795
PUT 3735 373500|2904919818
PUT 3736 373600|569128624
PUT 3737 373700|3968097305
PUT 3738 373800|1056442760
PUT 3739 373900|4086326049
PUT 3740 374000|448272117
PUT 3741 374100|3620764764
PUT 3742 374200|1528415718
PUT 3743 374300|2524032847
PUT 3744 374400|2583408851
PUT 3745 374500|1418975866
PUT 3746 374600|3629802432
PUT 3747 374700|355600745
PUT 3748 374800|3343801592
PUT 3749 374900|170276433
PUT 3750 375000|3045025235
PUT 3751 375100|2014777210
PUT 3752 375200|4108236480
PUT 3753 375300|968285289
PUT 3754 375400|909951989
PUT 3755 375500|4216629596
PUT 3756 375600|2006782182
PUT 3757 375700|3136649807
PUT 3758 375800|1753821150
PUT 3759 375900|2783004023
PUT 3760 376000|2655516408
PUT 3761 376100|1395629137
PUT 3762 376200|3756402155
PUT 3763 376300|311316290
PUT 3764 376400|486822110
PUT 3765 376500|3496753783
PUT 3766 376600|1554351053
PUT 3767 376700|2446190948
PUT 3768 376800|1135721717
PUT 3769 376900|2396640860
PUT 3770 377000|830506462
PUT 3771 377100|4243124087
PUT 3772 377200|1881233101
PUT 3773 377300|3175693412
PUT 3774 377400|2999133176
PUT 3775 377500|2141931857
PUT 3776 377600|4083347691
PUT 3777 377700|1040882242
PUT 3778 377800|3967209427
PUT 3779 377900|555656570
PUT 3780 378000|3059374681
PUT 3781 378100|2066886896
PUT 3782 378200|4160457034
PUT 3783 378300|982770659
PUT 3784 378400|890895487
PUT 3785 378500|4168193750
PUT 3786 378600|1958227820
PUT 3787 378700|3117434309
PUT 3788 378800|1806438484
PUT 3789 378900|2797894397
PUT 3790 379000|429730175
PUT 3791 379100|3572843478
PUT 3792 379200|1480391276
PUT 3793 379300|2505347269
PUT 3794 379400|2598276953
PUT 3795 379500|1471604208
PUT 3796 379600|3682557002
PUT 3797 379700|370620131
PUT 3798 379800|3295372146
PUT 3799 379900|151194075
PUT 3800 380000|3144490226
PUT 3801 380100|1980069467
PUT 3802 380200|4207726561
PUT 3803 380300|933537096
PUT 3804 380400|942586580
PUT 3805 380500|4115058813
PUT 3806 380600|2039441863
PUT 3807 380700|3035038574
PUT 3808 380800|1721456383
PUT 3809 380900|2884844630
PUT 3810 381000|346714068
PUT 3811 381100|3653371261
PUT 3812 381200|1426832583
PUT 3813 381300|2556679790
PUT 3814 381400|2548681202
PUT 3815 381500|1518445403
PUT 3816 381600|3595049697
PUT 3817 381700|455110728
PUT 3818 381800|3378259417
PUT 3819 381900|70537072
PUT 3820 382000|1066597631
PUT 3821 382100|4076508758
PUT 3822 382200|2117283820
PUT 3823 382300|3009103173
PUT 3824 382400|3167836889
PUT 3825 382500|1907961968
PUT 3826 382600|4252010954
PUT 3827 382700|806937443
PUT 3828 382800|3798251250
PUT 3829 382900|789371995
PUT 3830 383000|2421526489
PUT 3831 383100|1564337520
PUT 3832 383200|3522452682
PUT 3833 383300|479999587
PUT 3834 383400|320219647
PUT 3835 383500|3732816726
PUT 3836 383600|1387789036
PUT 3837 383700|2682228805
PUT 3838 383800|1302578644
PUT 3839 383900|2160832381
PUT 3840 384000|1776540329
PUT 3841 384100|2760617984
PUT 3842 384200|675416506
PUT 3843 384300|3844760339
PUT 3844 384400|3936386191
PUT 3845 384500|667424294
PUT 3846 384600|2869014428
PUT 3847 384700|1718207797
PUT 3848 384800|3021312164
PUT 3849 384900|2038299149
PUT 3850 385000|3324291471
PUT 3851 385100|189580070
PUT 3852 385200|2273671836
PUT 3853 385300|1257050165
PUT 3854 385400|1164382121
PUT 3855 385500|2282710272
PUT 3856 385600|80141498
PUT 3857 385700|3383670291
PUT 3858 385800|466805634
PUT 3859 385900|3602549035
PUT 3860 386000|3978050212
PUT 3861 386100|544493581
PUT 3862 386200|2898127287
PUT 3863 386300|1641382686
PUT 3864 386400|1851759746
PUT 3865 386500|2738353707
PUT 3866 386600|805195665
PUT 3867 386700|3801490744
PUT 3868 386800|820670633
PUT 3869 386900|4253161984
PUT 3870 387000|1121667458
PUT 3871 387100|2410881835
PUT 3872 387200|58366609
PUT 3873 387300|3457347640
PUT 3874 387400|3248025508
PUT 3875 387500|217089293
PUT 3876 387600|2151234743
PUT 3877 387700|1297176094
PUT 3878 387800|2670527375
PUT 3879 387900|1380280614
PUT 3880 388000|3305215493
PUT 3881 388100|141163692
PUT 3882 388200|2225095958
PUT 3883 388300|1237856191
PUT 3884 388400|1178742819
PUT 3885 388500|2334808714
PUT 3886 388600|132375344
PUT 3887 388700|3398142361
PUT 3888 388800|418896904
PUT 3889 388900|3584013985
PUT 3890 389000|1791419683
PUT 3891 389100|2813235082
PUT 3892 389200|728184368
PUT 3893 389300|3859766425
PUT 3894 389400|3917824773
PUT 3895 389500|619522476
PUT 3896 389600|2820968470
PUT 3897 389700|1699543743
PUT 3898 389800|3073421102
PUT 3899 389900|2052638087
PUT 3900 390000|1775197820
PUT 3901 390100|2762421461
PUT 3902 390200|678333807
PUT 3903 390300|3842435014
PUT 3904 390400|3935107162
PUT 3905 390500|669291251
PUT 3906 390600|2871864137
PUT 3907 390700|1715814880
PUT 3908 390800|3023639665
PUT 3909 390900|2035384024
PUT 3910 391000|3322424666
PUT 3911 391100|190859251
PUT 3912 391200|2276064841
PUT 3913 391300|1254200544
PUT 3914 391400|1162578812
PUT 3915 391500|2284052949
PUT 3916 391600|82466927
PUT 3917 391700|3380753094
PUT 3918 391800|469657431
PUT 3919 391900|3600158206
PUT 3920 392000|3979394673
PUT 3921 392100|542692568
PUT 3922 392200|2895211874
PUT 3923 392300|1643710411
PUT 3924 392400|1853036631
PUT 3925 392500|2736485118
PUT 3926 392600|802343748
PUT 3927 392700|3803881965
PUT 3928 392800|818345084
PUT 3929 392900|4256079573
PUT 3930 393000|1123536215
PUT 3931 393100|2409605118
PUT 3932 393200|55975492
PUT 3933 393300|3460199661
PUT 3934 393400|3249826673
PUT 3935 393500|215744984
PUT 3936 393600|2148907106
PUT 3937 393700|1300091595
PUT 3938 393800|2667677530
PUT 3939 393900|1382673907
PUT 3940 394000|3141638183
PUT 3941 394100|1982460558
PUT 3942 394200|4209003316
PUT 3943 394300|931668381
PUT 3944 394400|939671041
PUT 3945 394500|4117386408
PUT 3946 394600|2040786194
PUT 3947 394700|3033237435
PUT 3948 394800|1723322922
PUT 3949 394900|2883565699
PUT 3950 395000|344386305
PUT 3951 395100|3656286632
PUT 3952 395200|1428633618
PUT 3953 395300|2555335355
PUT 3954 395400|2546289959
PUT 3955 395500|1521297294
PUT 3956 395600|3596918324
PUT 3957 395700|453833885
PUT 3958 395800|3379601676
PUT 3959 395900|68733861
PUT 3960 396000|1069447210
PUT 3961 396100|4074115715
PUT 3962 396200|2116004665
PUT 3963 396300|3010970000
PUT 3964 396400|3170754060
PUT 3965 396500|1905636517
PUT 3966 396600|4250668319
PUT 3967 396700|808740790
PUT 3968 396800|3796382247
PUT 3969 396900|790648974
PUT 3970 397000|2423851788
PUT 3971 397100|1561420197
PUT 3972 397200|3520649247
PUT 3973 397300|481342134
PUT 3974 397400|322612522
PUT 3975 397500|3729966979
PUT 3976 397600|1385922105
PUT 3977 397700|2683507856
PUT 3978 397800|1301233921
PUT 3979 397900|2162633640
PUT 3980 398000|396612747
PUT 3981 398100|3670785570
PUT 3982 398200|1442973592
PUT 3983 398300|2607443249
PUT 3984 398400|2497737389
PUT 3985 398500|1502091268
PUT 3986 398600|3577848254
PUT 3987 398700|405392151
PUT 3988 398800|3394608774
PUT 3989 398900|121500719
PUT 3990 399000|3093604269
PUT 3991 399100|1963773188
PUT 3992 399200|4190467262
PUT 3993 399300|883760663
PUT 3994 399400|992412043
PUT 3995 399500|4132399906
PUT 3996 399600|2055656088
PUT 3997 399700|3085875249
PUT 3998 399800|1704127904
PUT 3999 399900|2834990857
PUT 4000 400000|2901684988
PUT 4001 400100|1637636181
PUT 4002 400200|3981828591
PUT 4003 400300|540904262
PUT 4004 400400|800560346
PUT 4005 400500|3806330483
PUT 4006 400600|1846953929
PUT 4007 400700|2742955360
PUT 4008 400800|1895987441
PUT 4009 400900|3161068120
PUT 4010 401000|53690842
PUT 4011 401100|3462081395
PUT 4012 401200|1116902089
PUT 4013 401300|2415589472
PUT 4014 401400|2154883068
PUT 4015 401500|1293454677
PUT 4016 401600|3251713263
PUT 4017 401700|213474886
PUT 4018 401800|3737455575
PUT 4019 401900|330129790
PUT 4020 402000|671863537
PUT 4021 402100|3848517720
PUT 4022 402200|1772749282
PUT 4023 402300|2764204875
PUT 4024 402400|2873652439
PUT 4025 402500|1713380990
PUT 4026 402600|3941181380
PUT 4027 402700|662818157
PUT 4028 402800|4127037692
PUT 4029 402900|949350997
PUT 4030 403000|2278334935
PUT 4031 403100|1252313982
PUT 4032 403200|3329061572
PUT 4033 403300|184883309
PUT 4034 403400|76482545
PUT 4035 403500|3387387224
PUT 4036 403600|1160697058
PUT 4037 403700|2286337611
PUT 4038 403800|1513810906
PUT 4039 403900|2538766707
PUT 4040 404000|2121987239
PUT 4041 404100|3004341774
PUT 4042 404200|1071327156
PUT 4043 404300|4071836957
PUT 4044 404400|4248392321
PUT 4045 404500|810629160
PUT 4046 404600|3164111250
PUT 4047 404700|1911614267
PUT 4048 404800|2743910058
PUT 4049 404900|1860490243
PUT 4050 405000|3518859137
PUT 4051 405100|483781928
PUT 4052 405200|2417775762
PUT 4053 405300|1567899195
PUT 4054 405400|1392386471
PUT 4055 405500|2677426958
PUT 4056 405600|325055156
PUT 4057 405700|3728185373
PUT 4058 405800|206294412
PUT 4059 405900|3240339237
PUT 4060 406000|4203025578
PUT 4061 406100|938311171
PUT 4062 406200|3139749817
PUT 4063 406300|1984736528
PUT 4064 406400|2043064972
PUT 4065 406500|3031357477
PUT 4066 406600|946299295
PUT 4067 406700|4111403830
PUT 4068 406800|661872295
PUT 4069 406900|3927651342
PUT 4070 407000|1430415244
PUT 4071 407100|2552892709
PUT 4072 407200|350467231
PUT 4073 407300|3649822262
PUT 4074 407400|3590439338
PUT 4075 407500|459909891
PUT 4076 407600|2543850169
PUT 4077 407700|1523087376
PUT 4078 407800|2293509505
PUT 4079 407900|1172064040
PUT 4080 408000|3533223947
PUT 4081 408100|535876258
PUT 4082 408200|2470013720
PUT 4083 408300|1582367153
PUT 4084 408400|1373314605
PUT 4085 408500|2629006468
PUT 4086 408600|276483390
PUT 4087 408700|3708987287
PUT 4088 408800|258929158
PUT 4089 408900|3255212207
PUT 4090 409000|2103429933
PUT 4091 409100|2956435844
PUT 4092 409200|1023285310
PUT 4093 409300|4053168791
PUT 4094 409400|4263275787
PUT 4095 409500|863242146
PUT 4096 409600|3216883224
PUT 4097 409700|1926616241
PUT 4098 409800|2695463200
PUT 4099 409900|1841425289
PUT 4100 410000|2119594098
PUT 4101 410100|3007191771
PUT 4102 410200|1073193825
PUT 4103 410300|4070558152
PUT 4104 410400|4246066772
PUT 4105 410500|813546749
PUT 4106 410600|3165914439
PUT 4107 410700|1910271982
PUT 4108 410800|2745186943
PUT 4109 410900|1858621654
PUT 4110 411000|3515941716
PUT 4111 411100|486107645
PUT 4112 411200|2419118151
PUT 4113 411300|1566096110
PUT 4114 411400|1389536626
PUT 4115 411500|2679820251
PUT 4116 411600|326334049
PUT 4117 411700|3726318792
PUT 4118 411800|208095577
PUT 4119 411900|3238994928
PUT 4120 412000|4205416575
PUT 4121 412100|935459542
PUT 4122 412200|3137880940
PUT 4123 412300|1986013637
PUT 4124 412400|2045392473
PUT 4125 412500|3028442352
PUT 4126 412600|944497994
PUT 4127 412700|4112748515
PUT 4128 412800|660593266
PUT 4129 412900|3929518299
PUT 4130 413000|1433330521
PUT 4131 413100|2550565360
PUT 4132 413200|349122634
PUT 4133 413300|3651623651
PUT 4134 413400|3593291135
PUT 4135 413500|457519062
PUT 4136 413600|2542573164
PUT 4137 413700|1524956357
PUT 4138 413800|2291706196
PUT 4139 413900|1173406717
PUT 4140 414000|2899883561
PUT 4141 414100|1638980736
PUT 4142 414200|3984155962
PUT 4143 414300|537989011
PUT 4144 414400|798691343
PUT 4145 414500|3807607462
PUT 4146 414600|1849344796
PUT 4147 414700|2740103605
PUT 4148 414800|1898904612
PUT 4149 414900|3158742669
PUT 4150 415000|52413711
PUT 4151 415100|3463950246
PUT 4152 415200|1119753756
PUT 4153 415300|2413198517
PUT 4154 415400|2153538345
PUT 4155 415500|1295255936
PUT 4156 415600|3254628410
PUT 4157 415700|211147411
PUT 4158 415800|3739848450
PUT 4159 415900|327280043
PUT 4160 416000|673666596
PUT 4161 416100|3847175309
PUT 4162 416200|1770423607
PUT 4163 416300|2767122334
PUT 4164 416400|2875518978
PUT 4165 416500|1712102059
PUT 4166 416600|3938788113
PUT 4167 416700|665668024
PUT 4168 416800|4124122153
PUT 4169 416900|951678592
PUT 4170 417000|2279613698
PUT 4171 417100|1250447275
PUT 4172 417200|3326211601
PUT 4173 417300|187276472
PUT 4174 417400|77824804
PUT 4175 417500|3385584013
PUT 4176 417600|1157779511
PUT 4177 417700|2288663198
PUT 4178 417800|1511419663
PUT 4179 417900|2541618598
PUT 4180 418000|3865221
PUT 4181 418100|3444740140
PUT 4182 418200|1100687766
PUT 4183 418300|2364752703
PUT 4184 418400|2205768867
PUT 4185 418500|1309750794
PUT 4186 418600|3268972464
PUT 4187 418700|263251225
PUT 4188 418800|3721179272
PUT 4189 418900|279239201
PUT 4190 419000|2952628643
PUT 4191 419100|1653990154
PUT 4192 419200|3999029936
PUT 4193 419300|590622745
PUT 4194 419400|750661509
PUT 4195 419500|3788916012
PUT 4196 419600|1830812822
PUT 4197 419700|2692191807
PUT 4198 419800|1913373614
PUT 4199 419900|3210979591
PUT 4200 420000|3535909281
PUT 4201 420100|531225352
PUT 4202 420200|2472567474
PUT 4203 420300|1577584667
PUT 4204 420400|1367480199
PUT 4205 420500|2632613166
PUT 4206 420600|270779540
PUT 4207 420700|3712724541
PUT 4208 420800|255327148
PUT 4209 420900|3261042949
PUT 4210 421000|2097595015
PUT 4211 421100|2960042030
PUT 4212 421200|1017581972
PUT 4213 421300|4056906557
PUT 4214 421400|4265960609
PUT 4215 421500|858590728
PUT 4216 421600|3219437490
PUT 4217 421700|1921834267
PUT 4218 421800|2700118154
PUT 4219 421900|1838735907
PUT 4220 422000|1446924716
PUT 4221 422100|2606119685
PUT 4222 422200|396329663
PUT 4223 422300|3673679894
PUT 4224 422400|3581802378
PUT 4225 422500|404069667
PUT 4226 422600|2497455257
PUT 4227 422700|1504988720
PUT 4228 422800|2345147297
PUT 4229 422900|1184919816
PUT 4230 423000|4193854090
PUT 4231 423100|881936419
PUT 4232 423200|3092836761
PUT 4233 423300|1966119728
PUT 4234 423400|2059044012
PUT 4235 423500|3084054021
PUT 4236 423600|991647679
PUT 4237 423700|4134747414
PUT 4238 423800|604989575
PUT 4239 423900|3915842094
PUT 4240 424000|5208058
PUT 4241 424100|3441892691
PUT 4242 424200|1106158825
PUT 4243 424300|2357644864
PUT 4244 424400|2198655452
PUT 4245 424500|1315224437
PUT 4246 424600|3266118351
PUT 4247 424700|264595558
PUT 4248 424800|3719904759
PUT 4249 424900|282154846
PUT 4250 425000|2944926940
PUT 4251 425100|1658875509
PUT 4252 425200|3995719631
PUT 4253 425300|591510886
PUT 4254 425400|751543034
PUT 4255 425500|3785607251
PUT 4256 425600|1835692521
PUT 4257 425700|2684492608
PUT 4258 425800|1920880337
PUT 4259 425900|3205899384
PUT 4260 426000|2226165751
PUT 4261 426100|1238957406
PUT 4262 426200|3306243300
PUT 4263 426300|142159437
PUT 4264 426400|133378513
PUT 4265 426500|3399179128
PUT 4266 426600|1179837122
PUT 4267 426700|2335869035
PUT 4268 426800|1497816570
PUT 4269 426900|2486089555
PUT 4270 427000|729277649
PUT 4271 427100|3860827768
PUT 4272 427200|1792423874
PUT 4273 427300|2814270827
PUT 4274 427400|2821997303
PUT 4275 427500|1700538462
PUT 4276 427600|3918893540
PUT 4277 427700|620624717
PUT 4278 427800|4135694044
PUT 4279 427900|1005175925
PUT 4280 428000|2897034070
PUT 4281 428100|1640321535
PUT 4282 428200|3977046085
PUT 4283 428300|543458028
PUT 4284 428400|804167024
PUT 4285 428500|3800496089
PUT 4286 428600|1850691171
PUT 4287 428700|2737251530
PUT 4288 428800|1901818203
PUT 4289 428900|3157466098
PUT 4290 429000|57297008
PUT 4291 429100|3456246489
PUT 4292 429200|1120639843
PUT 4293 429300|2409886154
PUT 4294 429400|2150231638
PUT 4295 429500|1296139519
PUT 4296 429600|3246931269
PUT 4297 429700|216029164
PUT 4298 429800|3734766205
PUT 4299 429900|334784724
PUT 4300 430000|6550319
PUT 4301 430100|3440089478
PUT 4302 430200|1103241276
PUT 4303 430300|2359970453
PUT 4304 430400|2199934217
PUT 4305 430500|1313357728
PUT 4306 430600|3263268378
PUT 4307 430700|266988723
PUT 4308 430800|3717576994
PUT 4309 430900|285070219
PUT 4310 431000|2946793481
PUT 4311 431100|1657596576
PUT 4312 431200|3993326362
PUT 4313 431300|594360755
PUT 4314 431400|753346095
PUT 4315 431500|3784264838
PUT 4316 431600|1833366844
PUT 4317 431700|2687410069
PUT 4318 431800|1918028292
PUT 4319 431900|3208290477
PUT 4320 432000|2224821026
PUT 4321 432100|1240758667
PUT 4322 432200|3309158449
PUT 4323 432300|139831960
PUT 4324 432400|132101380
PUT 4325 432500|3401047981
PUT 4326 432600|1182688791
PUT 4327 432700|2333478078
PUT 4328 432800|1500141871
PUT 4329 432900|2483172230
PUT 4330 433000|727408644
PUT 4331 433100|3862104749
PUT 4332 433200|1794814743
PUT 4333 433300|2811419070
PUT 4334 433400|2820195874
PUT 4335 433500|1701883019
PUT 4336 433600|3921220913
PUT 4337 433700|617709464
PUT 4338 433800|4138543625
PUT 4339 433900|1002782880
PUT 4340 434000|3538761076
PUT 4341 434100|528834525
PUT 4342 434200|2471290471
PUT 4343 434300|1579453646
PUT 4344 434400|1370395474
PUT 4345 434500|2630285819
PUT 4346 434600|269434945
PUT 4347 434700|3714525928
PUT 4348 434800|253460345
PUT 4349 434900|3262322128
PUT 4350 435000|2099922514
PUT 4351 435100|2957126907
PUT 4352 435200|1015780673
PUT 4353 435300|4058251240
PUT 4354 435400|4268351604
PUT 4355 435500|855739101
PUT 4356 435600|3217568615
PUT 4357 435700|1923111374
PUT 4358 435800|2698775647
PUT 4359 435900|1840539382
PUT 4360 436000|1444074873
PUT 4361 436100|2608512976
PUT 4362 436200|397608554
PUT 4363 436300|3671813315
PUT 4364 436400|3578884959
PUT 4365 436500|406395382
PUT 4366 436600|2498797644
PUT 4367 436700|1503185637
PUT 4368 436800|2347016052
PUT 4369 436900|1183643101
PUT 4370 437000|4191528543
PUT 4371 437100|884854006
PUT 4372 437200|3094639948
PUT 4373 437300|1964777445
PUT 4374 437400|2056650873
PUT 4375 437500|3086904016
PUT 4376 437600|993514346
PUT 4377 437700|4133468611
PUT 4378 437800|606334034
PUT 4379 437900|3914041083
PUT 4380 438000|2114943448
PUT 4381 438100|3009876849
PUT 4382 438200|1068411595
PUT 4383 438300|4073111650
PUT 4384 438400|4249673726
PUT 4385 438500|807712087
PUT 4386 438600|3169651949
PUT 4387 438700|1904567876
PUT 4388 438800|2751017941
PUT 4389 438900|1855019388
PUT 4390 439000|3519548158
PUT 4391 439100|480272471
PUT 4392 439200|2422856173
PUT 4393 439300|1560392516
PUT 4394 439400|1384885464
PUT 4395 439500|2682504817
PUT 4396 439600|321552331
PUT 4397 439700|3728872802
PUT 4398 439800|205406451
PUT 4399 439900|3243649626
PUT 4400 440000|1352610886
PUT 4401 440100|2650234607
PUT 4402 440200|289335125
PUT 4403 440300|3696659964
PUT 4404 440400|3554447968
PUT 4405 440500|515176649
PUT 4406 440600|2457682291
PUT 4407 440700|1595223002
PUT 4408 440800|2372501067
PUT 4409 440900|1073812706
PUT 4410 441000|4283975520
PUT 4411 441100|842018249
PUT 4412 441200|3204027507
PUT 4413 441300|1938947802
PUT 4414 441400|2082201926
PUT 4415 441500|2977139695
PUT 4416 441600|1035612757
PUT 4417 441700|4040317180
PUT 4418 441800|581832045
PUT 4419 441900|4022757316
PUT 4420 442000|3563115595
PUT 4421 442100|420003554
PUT 4422 442200|2512455512
PUT 4423 442300|1487498737
PUT 4424 442400|1461940845
PUT 4425 442500|2588612804
PUT 4426 442600|377659774
PUT 4427 442700|3689597911
PUT 4428 442800|160865862
PUT 4429 442900|3305043183
PUT 4430 443000|2074584941
PUT 4431 443100|3067071940
PUT 4432 443200|973501566
PUT 4433 443300|4151189207
PUT 4434 443400|4175692107
PUT 4435 443500|898395106
PUT 4436 443600|3108360792
PUT 4437 443700|1949153521
PUT 4438 443800|2790387040
PUT 4439 443900|1798932425
PUT 4440 444000|2182214173
PUT 4441 444100|1333369012
PUT 4442 444200|3283099918
PUT 4443 444300|249056167
PUT 4444 444400|22172731
PUT 4445 444500|3426369170
PUT 4446 444600|1089701672
PUT 4447 444700|2375806337
PUT 4448 444800|1609021456
PUT 4449 444900|2458899129
PUT 4450 445000|769032507
PUT 4451 445100|3770608530
PUT 4452 445200|1819759144
PUT 4453 445300|2703177857
PUT 4454 445400|2929010461
PUT 4455 445500|1677544884
PUT 4456 445600|4013224974
PUT 4457 445700|576495271
PUT 4458 445800|4028681014
PUT 4459 445900|1028170143
PUT 4460 446000|116265488
PUT 4461 446100|3414587577
PUT 4462 446200|1196409091
PUT 4463 446300|2317855658
PUT 4464 446400|2242753590
PUT 4465 446500|1220927135
PUT 4466 446600|3289147173
PUT 4467 446700|157552012
PUT 4468 446800|3675805725
PUT 4469 446900|376451764
PUT 4470 447000|2838061366
PUT 4471 447100|1681984415
PUT 4472 447200|3901272613
PUT 4473 447300|635492492
PUT 4474 447400|711640848
PUT 4475 447500|3875712441
PUT 4476 447600|1808471043
PUT 4477 447700|2795732650
PUT 4478 447800|1960782651
PUT 4479 447900|3115794834
PUT 4480 448000|787726001
PUT 4481 448100|3818640408
PUT 4482 448200|1867672994
PUT 4483 448300|2721711883
PUT 4484 448400|2913998999
PUT 4485 448500|1624797758
PUT 4486 448600|3960589188
PUT 4487 448700|561619245
PUT 4488 448800|4077253820
PUT 4489 448900|1047371285
PUT 4490 449000|2167721367
PUT 4491 449100|1281140542
PUT 4492 449200|3230998148
PUT 4493 449300|234714157
PUT 4494 449400|41380785
PUT 4495 449500|3474915608
PUT 4496 449600|1138145442
PUT 4497 449700|2394870283
PUT 4498 449800|1556252570
PUT 4499 449900|2443898163
PUT 4500 450000|2185066184
PUT 4501 450100|1330977889
PUT 4502 450200|3281823195
PUT 4503 450300|250924914
PUT 4504 450400|25088238
PUT 4505 450500|3424041543
PUT 4506 450600|1088357373
PUT 4507 450700|2377607508
PUT 4508 450800|1607154885
PUT 4509 450900|2460178028
PUT 4510 451000|771360238
PUT 4511 451100|3767693127
PUT 4512 451200|1817958141
PUT 4513 451300|2704522324
PUT 4514 451400|2931401672
PUT 4515 451500|1674692961
PUT 4516 451600|4011356379
PUT 4517 451700|577772146
PUT 4518 451800|4027338723
PUT 4519 451900|1029973322
PUT 4520 452000|113415877
PUT 4521 452100|3416980588
PUT 4522 452200|1197688278
PUT 4523 452300|2315988863
PUT 4524 452400|2239836387
PUT 4525 452500|1223252554
PUT 4526 452600|3290489840
PUT 4527 452700|155748697
PUT 4528 452800|3677674696
PUT 4529 452900|375174753
PUT 4530 453000|2835736035
PUT 4531 453100|1684901706
PUT 4532 453200|3903076080
PUT 4533 453300|634149977
PUT 4534 453400|709247941
PUT 4535 453500|3878562156
PUT 4536 453600|1810338006
PUT 4537 453700|2794453631
PUT 4538 453800|1962127342
PUT 4539 453900|3113993543
PUT 4540 454000|1353953427
PUT 4541 454100|2648431162
PUT 4542 454200|286417792
PUT 4543 454300|3698985257
PUT 4544 454400|3555727029
PUT 4545 454500|513309724
PUT 4546 454600|2454832550
PUT 4547 454700|1597615887
PUT 4548 454800|2370173598
PUT 4549 454900|1076727863
PUT 4550 455000|4285842357
PUT 4551 455100|840739100
PUT 4552 455200|3201634470
PUT 4553 455300|1941797391
PUT 4554 455400|2084005267
PUT 4555 455500|2975797050
PUT 4556 455600|1033287296
PUT 4557 455700|4043234345
PUT 4558 455800|578980280
PUT 4559 455900|4025148177
PUT 4560 456000|3561771166
PUT 4561 456100|421804599
PUT 4562 456200|2515370893
PUT 4563 456300|1485170980
PUT 4564 456400|1460663992
PUT 4565 456500|2590481425
PUT 4566 456600|380511659
PUT 4567 456700|3687206658
PUT 4568 456800|163191443
PUT 4569 456900|3302125626
PUT 4570 457000|2072716216
PUT 4571 457100|3068348689
PUT 4572 457200|975892651
PUT 4573 457300|4148337154
PUT 4574 457400|4173890974
PUT 4575 457500|899739447
PUT 4576 457600|3110688397
PUT 4577 457700|1946237988
PUT 4578 457800|2793236917
PUT 4579 457900|1796539164
PUT 4580 458000|4233231423
PUT 4581 458100|825857686
PUT 4582 458200|3186634540
PUT 4583 458300|1889027461
PUT 4584 458400|2131909145
PUT 4585 458500|2994352304
PUT 4586 458600|1051953418
PUT 4587 458700|4091274147
PUT 4588 458800|564639282
PUT 4589 458900|3973045403
PUT 4590 459000|1402375961
PUT 4591 459100|2667505072
PUT 4592 459200|305617930
PUT 4593 459300|3747559075
PUT 4594 459400|3503630655
PUT 4595 459500|498942870
PUT 4596 459600|2440362540
PUT 4597 459700|1545375877
PUT 4598 459800|2388706580
PUT 4599 459900|1124642749
PUT 4600 460000|782939931
PUT 4601 460100|3821198770
PUT 4602 460200|1863017480
PUT 4603 460300|2724400801
PUT 4604 460400|2917732669
PUT 4605 460500|1619098516
PUT 4606 460600|3964191278
PUT 4607 460700|555788423
PUT 4608 460800|4082957590
PUT 4609 460900|1043634111
PUT 4610 461000|2171454525
PUT 4611 461100|1275440788
PUT 4612 461200|3234600750
PUT 4613 461300|228883847
PUT 4614 461400|36594203
PUT 4615 461500|3477473458
PUT 4616 461600|1133490440
PUT 4617 461700|2397559713
PUT 4618 461800|1553698352
PUT 4619 461900|2448680089
PUT 4620 462000|2857719574
PUT 4621 462100|1732066751
PUT 4622 462200|3958670341
PUT 4623 462300|647818924
PUT 4624 462400|689369392
PUT 4625 462500|3833502617
PUT 4626 462600|1756832291
PUT 4627 462700|2782873738
PUT 4628 462800|2007178523
PUT 4629 462900|3133896626
PUT 4630 463000|93463600
PUT 4631 463100|3371847321
PUT 4632 463200|1144256291
PUT 4633 463300|2304482698
PUT 4634 463400|2261877270
PUT 4635 463500|1270474943
PUT 4636 463600|3346026757
PUT 4637 463700|169360300
PUT 4638 463800|3630460477
PUT 4639 463900|353109140
PUT 4640 464000|4230246720
PUT 4641 464100|827071465
PUT 4642 464200|3179651667
PUT 4643 464300|1894631674
PUT 4644 464400|2137511782
PUT 4645 464500|2987376079
PUT 4646 464600|1053164661
PUT 4647 464700|4088295132
PUT 4648 464800|567425869
PUT 4649 464900|3971633636
PUT 4650 465000|1407386214
PUT 4651 465100|2659936463
PUT 4652 465200|306368885
PUT 4653 465300|3744119772
PUT 4654 465400|3500188736
PUT 4655 465500|499699433
PUT 4656 465600|2432792403
PUT 4657 465700|1550392826
PUT 4658 465800|2383759467
PUT 4659 465900|1132274370
PUT 4660 466000|2027655501
PUT 4661 466100|3048471524
PUT 4662 466200|964313694
PUT 4663 466300|4094830839
PUT 4664 466400|4221056875
PUT 4665 466500|921722306
PUT 4666 466600|3124356216
PUT 4667 466700|2001833681
PUT 4668 466800|2771245888
PUT 4669 466900|1749397993
PUT 4670 467000|3608994411
PUT 4671 467100|443844802
PUT 4672 467200|2528981368
PUT 4673 467300|1540709329
PUT 4674 467400|1415529549
PUT 4675 467500|2570530532
PUT 4676 467600|369006430
PUT 4677 467700|3633774071
PUT 4678 467800|183150694
PUT 4679 467900|3347235535
PUT 4680 468000|1355169260
PUT 4681 468100|2645448517
PUT 4682 468200|292024063
PUT 4683 468300|3692004438
PUT 4684 468400|3548748746
PUT 4685 468500|518910307
PUT 4686 468600|2451851481
PUT 4687 468700|1598825072
PUT 4688 468800|2368763873
PUT 4689 468900|1079516488
PUT 4690 469000|4278275786
PUT 4691 469100|845751395
PUT 4692 469200|3198197209
PUT 4693 469300|1942550384
PUT 4694 469400|2084759788
PUT 4695 469500|2972353093
PUT 4696 469600|1038302207
PUT 4697 469700|4035662166
PUT 4698 469800|586613959
PUT 4699 469900|4020203118
PUT 4700 470000|4228445589
PUT 4701 470100|828415804
PUT 4702 470200|3181979270
PUT 4703 470300|1891716143
PUT 4704 470400|2135643059
PUT 4705 470500|2988652826
PUT 4706 470600|1055555744
PUT 4707 470700|4085443081
PUT 4708 470800|570343320
PUT 4709 470900|3969307953
PUT 4710 471000|1406109363
PUT 4711 471100|2661805082
PUT 4712 471200|309220768
PUT 4713 471300|3741728521
PUT 4714 471400|3498844309
PUT 4715 471500|501500476
PUT 4716 471600|2435707782
PUT 4717 471700|1548065071
PUT 4718 471800|2386152638
PUT 4719 471900|1129424407
PUT 4720 472000|2029458840
PUT 4721 472100|3047128881
PUT 4722 472200|961988235
PUT 4723 472300|4097748002
PUT 4724 472400|4222923710
PUT 4725 472500|920443159
PUT 4726 472600|3121963181
PUT 4727 472700|2004683268
PUT 4728 472800|2768330645
PUT 4729 472900|1751725372
PUT 4730 473000|3610273470
PUT 4731 473100|441977879
PUT 4732 473200|2526131629
PUT 4733 473300|1543102212
PUT 4734 473400|1416872088
PUT 4735 473500|2568727089
PUT 4736 473600|366089099
PUT 4737 473700|3636099362
PUT 4738 473800|180759731
PUT 4739 473900|3350087194
PUT 4740 474000|780547022
PUT 4741 474100|3824048487
PUT 4742 474200|1864884445
PUT 4743 474300|2723121780
PUT 4744 474400|2915407336
PUT 4745 474500|1622015809
PUT 4746 474600|3965994747
PUT 4747 474700|554445906
PUT 4748 474800|4084234691
PUT 4749 474900|1041765226
PUT 4750 475000|2168537320
PUT 4751 475100|1277766209
PUT 4752 475200|3235943419
PUT 4753 475300|227080530
PUT 4754 475400|33744590
PUT 4755 475500|3479866471
PUT 4756 475600|1134769629
PUT 4757 475700|2395692916
PUT 4758 475800|1555499749
PUT 4759 475900|2447335500
PUT 4760 476000|2860110787
PUT 4761 476100|1729214826
PUT 4762 476200|3956801744
PUT 4763 476300|649095801
PUT 4764 476400|691697125
PUT 4765 476500|3830587212
PUT 4766 476600|1755031286
PUT 4767 476700|2784218207
PUT 4768 476800|2005899726
PUT 4769 476900|3135763303
PUT 4770 477000|96379109
PUT 4771 477100|3369519692
PUT 4772 477200|1142911990
PUT 4773 477300|2306283871
PUT 4774 477400|2264729283
PUT 4775 477500|1268083818
PUT 4776 477600|3344750032
PUT 4777 477700|171229049
PUT 4778 477800|3628657384
PUT 4779 477900|354451521
PUT 4780 478000|2187624290
PUT 4781 478100|1326192075
PUT 4782 478200|3284511857
PUT 4783 478300|246269656
PUT 4784 478400|19388740
PUT 4785 478500|3427775469
PUT 4786 478600|1082526295
PUT 4787 478700|2381209854
PUT 4788 478800|1603417455
PUT 4789 478900|2465882054
PUT 4790 479000|765660228
PUT 4791 479100|3771426541
PUT 4792 479200|1812127575
PUT 4793 479300|2708125182
PUT 4794 479400|2933959266
PUT 4795 479500|1669906635
PUT 4796 479600|4014045553
PUT 4797 479700|573117400
PUT 4798 479800|4032120393
PUT 4799 479900|1027419360
PUT 4800 480000|2404596169
PUT 4801 480100|1111184224
PUT 4802 480200|3472026330
PUT 4803 480300|60457075
PUT 4804 480400|202416111
PUT 4805 480500|3245929798
PUT 4806 480600|1303465212
PUT 4807 480700|2161714773
PUT 4808 480800|1386574788
PUT 4809 480900|2681018733
PUT 4810 481000|546589423
PUT 4811 481100|3992723526
PUT 4812 481200|1630902780
PUT 4813 481300|2891838293
PUT 4814 481400|2748837065
PUT 4815 481500|1858045536
PUT 4816 481600|3799400410
PUT 4817 481700|790517107
PUT 4818 481800|4251058402
PUT 4819 481900|805988939
PUT 4820 482000|195877316
PUT 4821 482100|3334779757
PUT 4822 482200|1242368727
PUT 4823 482300|2271567998
PUT 4824 482400|2297397218
PUT 4825 482500|1166480715
PUT 4826 482600|3377376497
PUT 4827 482700|69650008
PUT 4828 482800|3596260297
PUT 4829 482900|456325472
PUT 4830 483000|2758519522
PUT 4831 483100|1761853515
PUT 4832 483200|3855251953
PUT 4833 483300|681710424
PUT 4834 483400|656936132
PUT 4835 483500|3930089069
PUT 4836 483600|1720311767
PUT 4837 483700|2883695998
PUT 4838 483800|2040389871
PUT 4839 483900|3035990598
PUT 4840 484000|1574829970
PUT 4841 484100|2427819323
PUT 4842 484200|477899905
PUT 4843 484300|3507766824
PUT 4844 484400|3734919604
PUT 4845 484500|334902045
PUT 4846 484600|2671741607
PUT 4847 484700|1381490702
PUT 4848 484800|2150348191
PUT 4849 484900|1296293686
PUT 4850 485000|4061826228
PUT 4851 485100|1064494621
PUT 4852 485200|3015401383
PUT 4853 485300|2127770894
PUT 4854 485400|1901669010
PUT 4855 485500|3157344315
PUT 4856 485600|821623169
PUT 4857 485700|4254110504
PUT 4858 485800|804046521
PUT 4859 485900|3800345616
PUT 4860 486000|3642892191
PUT 4861 486100|340423990
PUT 4862 486200|2558774412
PUT 4863 486300|1441506853
PUT 4864 486400|1516353977
PUT 4865 486500|2534003472
PUT 4866 486600|465595050
PUT 4867 486700|3601334275
PUT 4868 486800|81024402
PUT 4869 486900|3384557371
PUT 4870 487000|1994747065
PUT 4871 487100|3146581520
PUT 4872 487200|927252394
PUT 4873 487300|4197242115
PUT 4874 487400|4121348767
PUT 4875 487500|953065526
PUT 4876 487600|3020364172
PUT 4877 487700|2037347109
PUT 4878 487800|2870159028
PUT 4879 487900|1719356445
PUT 4880 488000|4047483710
PUT 4881 488100|1012390295
PUT 4882 488200|2963169325
PUT 4883 488300|2113276548
PUT 4884 488400|1920734488
PUT 4885 488500|3205791665
PUT 4886 488600|870172171
PUT 4887 488700|4273319074
PUT 4888 488800|751434035
PUT 4889 488900|3785462682
PUT 4890 489000|1593360408
PUT 4891 489100|2475731633
PUT 4892 489200|525931275
PUT 4893 489300|3526457762
PUT 4894 489400|3720046142
PUT 4895 489500|282266775
PUT 4896 489600|2618996013
PUT 4897 489700|1366482820
PUT 4898 489800|2198768149
PUT 4899 489900|1315365052
PUT 4900 490000|1576106823
PUT 4901 490100|2425950702
PUT 4902 490200|475048020
PUT 4903 490300|3510158077
PUT 4904 490400|3736264033
PUT 4905 490500|333101000
PUT 4906 490600|2668826226
PUT 4907 490700|1383818459
PUT 4908 490800|2147955018
PUT 4909 490900|1299143651
PUT 4910 491000|4063627361
PUT 4911 491100|1063150280
PUT 4912 491200|3013073778
PUT 4913 491300|2130686427
PUT 4914 491400|1903537735
PUT 4915 491500|3156067566
PUT 4916 491600|819232084
PUT 4917 491700|4256962557
PUT 4918 491800|801129068
PUT 4919 491900|3802671301
PUT 4920 492000|3641613130
PUT 4921 492100|342290915
PUT 4922 492200|2561624153
PUT 4923 492300|1439113968
PUT 4924 492400|1515011436
PUT 4925 492500|2535806917
PUT 4926 492600|468512383
PUT 4927 492700|3599008982
PUT 4928 492800|83415367
PUT 4929 492900|3381705710
PUT 4930 493000|1992943724
PUT 4931 493100|3147924165
PUT 4932 493200|929577855
PUT 4933 493300|4194324950
PUT 4934 493400|4119481930
PUT 4935 493500|954344675
PUT 4936 493600|3022757209
PUT 4937 493700|2034497520
PUT 4938 493800|2873074273
PUT 4939 493900|1717029064
PUT 4940 494000|2407513372
PUT 4941 494100|1108858805
PUT 4942 494200|3470683663
PUT 4943 494300|62260390
PUT 4944 494400|205265722
PUT 4945 494500|3243536787
PUT 4946 494600|1302186025
PUT 4947 494700|2163581568
PUT 4948 494800|1384773393
PUT 4949 494900|2682363320
PUT 4950 495000|548982330
PUT 4951 495100|3989873811
PUT 4952 495200|1629035817
PUT 4953 495300|2893117312
PUT 4954 495400|2751162396
PUT 4955 495500|1855128245
PUT 4956 495600|3797596943
PUT 4957 495700|791859622
PUT 4958 495800|4249781303
PUT 4959 495900|807857822
PUT 4960 496000|192961809
PUT 4961 496100|3337107384
PUT 4962 496200|1243713026
PUT 4963 496300|2269766827
PUT 4964 496400|2294545207
PUT 4965 496500|1168871838
PUT 4966 496600|3378653220
PUT 4967 496700|67781261
PUT 4968 496800|3598063388
PUT 4969 496900|454983093
PUT 4970 497000|2756128311
PUT 4971 497100|1764705438
PUT 4972 497200|3857120548
PUT 4973 497300|680433549
PUT 4974 497400|654608401
PUT 4975 497500|3933004472
PUT 4976 497600|1722112770
PUT 4977 497700|2882351531
PUT 4978 497800|2041668666
PUT 4979 497900|3034123923
PUT 4980 498000|597553584
PUT 4981 498100|4009073433
PUT 4982 498200|1648108195
PUT 4983 498300|2941536266
PUT 4984 498400|2698925974
PUT 4985 498500|1840659775
PUT 4986 498600|3783230597
PUT 4987 498700|739765804
PUT 4988 498800|4268473277
PUT 4989 498900|855888148
PUT 4990 499000|2354741910
PUT 4991 499100|1093855295
PUT 4992 499200|3455799685
PUT 4993 499300|9648940
PUT 4994 499400|253306032
PUT 4995 499500|3262205465
PUT 4996 499600|1320744867
PUT 4997 499700|2211486986
PUT 4998 499800|1370278043
PUT 4999 499900|2630132274
PUT 5000 500000|2787524249
PUT 5001 500100|1800295472
PUT 5002 500200|3884445066
PUT 5003 500300|720340771
PUT 5004 500400|627415231
PUT 5005 500500|3893228054
PUT 5006 500600|1690586028
PUT 5007 500700|2846630149
PUT 5008 500800|2077258900
PUT 5009 500900|3065519677
PUT 5010 501000|165760447
PUT 5011 501100|3297322774
PUT 5012 501200|1212194476
PUT 5013 501300|2234053637
PUT 5014 501400|2325932953
PUT 5015 501500|1204453680
PUT 5016 501600|3405985930
PUT 5017 501700|107696675
PUT 5018 501800|3558279090
PUT 5019 501900|427781403
PUT 5020 502000|584703636
PUT 5021 502100|4021400637
PUT 5022 502200|1668812167
PUT 5023 502300|2920310574
PUT 5024 502400|2711255218
PUT 5025 502500|1827803675
PUT 5026 502600|3762006945
PUT 5027 502700|760463624
PUT 5028 502800|4281308313
PUT 5029 502900|843578928
PUT 5030 503000|2367598002
PUT 5031 503100|1081526043
PUT 5032 503200|3435101857
PUT 5033 503300|30872584
PUT 5034 503400|240978836
PUT 5035 503500|3275055421
PUT 5036 503600|1341970567
PUT 5037 503700|2190783022
PUT 5038 503800|1357440959
PUT 5039 503900|2642447638
PUT 5040 504000|1957230786
PUT 5041 504100|3116405355
PUT 5042 504200|889793489
PUT 5043 504300|4167123320
PUT 5044 504400|4159397604
PUT 5045 504500|981677133
PUT 5046 504600|3058339319
PUT 5047 504700|2065885022
PUT 5048 504800|2841555663
PUT 5049 504900|1681315942
PUT 5050 505000|3681520612
PUT 5051 505100|369615181
PUT 5052 505200|2597214455
PUT 5053 505300|1470509662
PUT 5054 505400|1479290306
PUT 5055 505500|2504279915
PUT 5056 505600|428736209
PUT 5057 505700|3571815544
PUT 5058 505800|110739945
PUT 5059 505900|3421612864
PUT 5060 506000|4032239823
PUT 5061 506100|1027568230
PUT 5062 506200|2985741276
PUT 5063 506300|2090770805
PUT 5064 506400|1930739433
PUT 5065 506500|3195851840
PUT 5066 506600|850750970
PUT 5067 506700|4292675411
PUT 5068 506800|765547202
PUT 5069 506900|3771283563
PUT 5070 507000|1603300329
PUT 5071 507100|2465726784
PUT 5072 507200|506575098
PUT 5073 507300|3545879123
PUT 5074 507400|3704868303
PUT 5075 507500|297510758
PUT 5076 507600|2641501916
PUT 5077 507700|1343911029
PUT 5078 507800|2187731428
PUT 5079 507900|1326336845
PUT 5080 508000|3628774510
PUT 5081 508100|354606791
PUT 5082 508200|2582341501
PUT 5083 508300|1417874900
PUT 5084 508400|1527321160
PUT 5085 508500|2522970337
PUT 5086 508600|447267163
PUT 5087 508700|3619728370
PUT 5088 508800|96271971
PUT 5089 508900|3369374922
PUT 5090 509000|2005780296
PUT 5091 509100|3135614433
PUT 5092 509200|908858459
PUT 5093 509300|4215570162
PUT 5094 509400|4107166062
PUT 5095 509500|967183303
PUT 5096 509600|3043996285
PUT 5097 509700|2013780180
PUT 5098 509800|2860223813
PUT 5099 509900|1729357804
PUT 5100 510000|1954839575
PUT 5101 510100|3119257278
PUT 5102 510200|891662084
PUT 5103 510300|4165846445
PUT 5104 510400|4157069873
PUT 5105 510500|984592536
PUT 5106 510600|3060140322
PUT 5107 510700|2064540555
PUT 5108 510800|2842834458
PUT 5109 510900|1679449267
PUT 5110 511000|3678605105
PUT 5111 511100|371942808
PUT 5112 511200|2598558754
PUT 5113 511300|1468708491
PUT 5114 511400|1476438295
PUT 5115 511500|2506671038
PUT 5116 511600|430012932
PUT 5117 511700|3569946797
PUT 5118 511800|112543036
PUT 5119 511900|3420270485
PUT 5120 512000|4034632730
PUT 5121 512100|1024718515
PUT 5122 512200|2983874313
PUT 5123 512300|2092049824
PUT 5124 512400|1933064764
PUT 5125 512500|3192934549
PUT 5126 512600|848947503
PUT 5127 512700|4294017926
PUT 5128 512800|764270103
PUT 5129 512900|3773152446
PUT 5130 513000|1606217532
PUT 5131 513100|2463401365
PUT 5132 513200|505232431
PUT 5133 513300|3547682438
PUT 5134 513400|3707717914
PUT 5135 513500|295117747
PUT 5136 513600|2640222729
PUT 5137 513700|1345777824
PUT 5138 513800|2185930033
PUT 5139 513900|1327681432
PUT 5140 514000|2785720908
PUT 5141 514100|1801638117
PUT 5142 514200|3886770527
PUT 5143 514300|717423606
PUT 5144 514400|625548394
PUT 5145 514500|3894507203
PUT 5146 514600|1692979065
PUT 5147 514700|2843780560
PUT 5148 514800|2080174145
PUT 5149 514900|3063192296
PUT 5150 515000|164481386
PUT 5151 515100|3299189699
PUT 5152 515200|1215044217
PUT 5153 515300|2231660752
PUT 5154 515400|2324590412
PUT 5155 515500|1206257125
PUT 5156 515600|3408903263
PUT 5157 515700|105371382
PUT 5158 515800|3560670055
PUT 5159 515900|424929742
PUT 5160 516000|586504769
PUT 5161 516100|4020056296
PUT 5162 516200|1666484562
PUT 5163 516300|2923226107
PUT 5164 516400|2713123943
PUT 5165 516500|1826526926
PUT 5166 516600|3759615860
PUT 5167 516700|763315677
PUT 5168 516800|4278390860
PUT 5169 516900|845904613
PUT 5170 517000|2368874855
PUT 5171 517100|1079657422
PUT 5172 517200|3432249972
PUT 5173 517300|33263837
PUT 5174 517400|242323265
PUT 5175 517500|3273254376
PUT 5176 517600|1339055186
PUT 5177 517700|2193110779
PUT 5178 517800|1355047786
PUT 5179 517900|2645297603
PUT 5180 518000|183039712
PUT 5181 518100|3347094601
PUT 5182 518200|1263085043
PUT 5183 518300|2250329946
PUT 5184 518400|2309705926
PUT 5185 518500|1153645167
PUT 5186 518600|3356132309
PUT 5187 518700|90368380
PUT 5188 518800|3609115885
PUT 5189 518900|443995716
PUT 5190 519000|2771355078
PUT 5191 519100|1749544815
PUT 5192 519200|3834533589
PUT 5193 519300|702954620
PUT 5194 519400|644621280
PUT 5195 519500|3942926665
PUT 5196 519600|1741549811
PUT 5197 519700|2862979674
PUT 5198 519800|2027540427
PUT 5199 519900|3048318306
PUT 5200 520000|3625172420
PUT 5201 520100|360437613
PUT 5202 520200|2578607831
PUT 5203 520300|1423574142
PUT 5204 520400|1531976674
PUT 5205 520500|2520281419
PUT 5206 520600|452053233
PUT 5207 520700|3617170008
PUT 5208 520800|98957257
PUT 5209 520900|3364724064
PUT 5210 521000|2010435298
PUT 5211 521100|3132925003
PUT 5212 521200|913645041
PUT 5213 521300|4213012312
PUT 5214 521400|4103563460
PUT 5215 521500|973013613
PUT 5216 521600|3040263127
PUT 5217 521700|2019479934
PUT 5218 521800|2854388975
PUT 5219 521900|1732963910
PUT 5220 522000|1558994377
PUT 5221 522100|2441361248
PUT 5222 522200|491622106
PUT 5223 522300|3492144243
PUT 5224 522400|3752852463
PUT 5225 522500|315068742
PUT 5226 522600|2651728124
PUT 5227 522700|1399210581
PUT 5228 522800|2165970884
PUT 5229 522900|1282571629
PUT 5230 523000|4079693551
PUT 5231 523100|1044595782
PUT 5232 523200|2995453436
PUT 5233 523300|2145556309
PUT 5234 523400|1885898953
PUT 5235 523500|3170951776
PUT 5236 523600|835279834
PUT 5237 523700|4238422387
PUT 5238 523800|786261218
PUT 5239 523900|3820293707
PUT 5240 524000|178092959
PUT 5241 524100|3354726710
PUT 5242 524200|1262266508
PUT 5243 524300|2253701669
PUT 5244 524400|2313084345
PUT 5245 524500|1152825104
PUT 5246 524600|3363770026
PUT 5247 524700|85419011
PUT 5248 524800|3614126482
PUT 5249 524900|436427579
PUT 5250 525000|2774141113
PUT 5251 525100|1748132368
PUT 5252 525200|3841711018
PUT 5253 525300|697544963
PUT 5254 525400|639217311
PUT 5255 525500|3950101558
PUT 5256 525600|1740144012
PUT 5257 525700|2865764133
PUT 5258 525800|2024555188
PUT 5259 525900|3049531421
PUT 5260 526000|2388827026
PUT 5261 526100|1124790587
PUT 5262 526200|3485681793
PUT 5263 526300|44769832
PUT 5264 526400|220282292
PUT 5265 526500|3226031901
PUT 5266 526600|1283518119
PUT 5267 526700|2179499022
PUT 5268 526800|1402261919
PUT 5269 526900|2667363126
PUT 5270 527000|564521140
PUT 5271 527100|3972891165
PUT 5272 527200|1610890151
PUT 5273 527300|2909557006
PUT 5274 527400|2733002386
PUT 5275 527500|1871586363
PUT 5276 527600|3813121409
PUT 5277 527700|774895400
PUT 5278 527800|4233339577
PUT 5279 527900|826001424
PUT 5280 528000|2793355059
PUT 5281 528100|1796693402
PUT 5282 528200|3890144288
PUT 5283 528300|716607113
PUT 5284 528400|624726293
PUT 5285 528500|3897883580
PUT 5286 528600|1688027654
PUT 5287 528700|2851416239
PUT 5288 528800|2072608062
PUT 5289 528900|3068204951
PUT 5290 529000|163070997
PUT 5291 529100|3301977788
PUT 5292 529200|1209636614
PUT 5293 529300|2238840239
PUT 5294 529400|2331763251
PUT 5295 529500|1200851098
PUT 5296 529600|3411685664
PUT 5297 529700|103963529
PUT 5298 529800|3561885208
PUT 5299 529900|421946545
PUT 5300 530000|179437386
PUT 5301 530100|3352925667
PUT 5302 530200|1259351129
PUT 5303 530300|2256029424
PUT 5304 530400|2314361196
PUT 5305 530500|1150956485
PUT 5306 530600|3360918143
PUT 5307 530700|87810262
PUT 5308 530800|3611800903
PUT 5309 530900|439345134
PUT 5310 531000|2776009836
PUT 5311 531100|1746855621
PUT 5312 531200|3839319935
PUT 5313 531300|700397014
PUT 5314 531400|641018442
PUT 5315 531500|3948757219
PUT 5316 531600|1737816409
PUT 5317 531700|2868679664
PUT 5318 531800|2021705313
PUT 5319 531900|3051924680
PUT 5320 532000|2387484487
PUT 5321 532100|1126594030
PUT 5322 532200|3488599124
PUT 5323 532300|42444541
PUT 5324 532400|219003233
PUT 5325 532500|3227898824
PUT 5326 532600|1286367858
PUT 5327 532700|2177106139
PUT 5328 532800|1404589386
PUT 5329 532900|2664447971
PUT 5330 533000|562654305
PUT 5331 533100|3974170312
PUT 5332 533200|1613283186
PUT 5333 533300|2906707419
PUT 5334 533400|2731199047
PUT 5335 533500|1872929006
PUT 5336 533600|3815446868
PUT 5337 533700|771978237
PUT 5338 533800|4236191340
PUT 5339 533900|823610565
PUT 5340 534000|3628022033
PUT 5341 534100|358044600
PUT 5342 534200|2577328642
PUT 5343 534300|1425440939
PUT 5344 534400|1534893879
PUT 5345 534500|2517955998
PUT 5346 534600|450710564
PUT 5347 534700|3618973325
PUT 5348 534800|97088284
PUT 5349 534900|3366001077
PUT 5350 535000|2012760631
PUT 5351 535100|3130007710
PUT 5352 535200|911841572
PUT 5353 535300|4214354829
PUT 5354 535400|4105956369
PUT 5355 535500|970163896
PUT 5356 535600|3038396162
PUT 5357 535700|2020758955
PUT 5358 535800|2853044282
PUT 5359 535900|1734765203
PUT 5360 536000|1556142364
PUT 5361 536100|2443752373
PUT 5362 536200|492898831
PUT 5363 536300|3490275494
PUT 5364 536400|3749936954
PUT 5365 536500|317396371
PUT 5366 536600|2653072425
PUT 5367 536700|1397409408
PUT 5368 536800|2167837457
PUT 5369 536900|1281292728
PUT 5370 537000|4077365818
PUT 5371 537100|1047511187
PUT 5372 537200|2997254441
PUT 5373 537300|2144211840
PUT 5374 537400|1883507740
PUT 5375 537500|3173803701
PUT 5376 537600|837148431
PUT 5377 537700|4237145510
PUT 5378 537800|787603511
PUT 5379 537900|3818490526
PUT 5380 538000|1960670653
PUT 5381 538100|3115654932
PUT 5382 538200|897361582
PUT 5383 538300|4162112519
PUT 5384 538400|4154381211
PUT 5385 538500|989247794
PUT 5386 538600|3057582216
PUT 5387 538700|2069326369
PUT 5388 538800|2838183856
PUT 5389 538900|1682134297
PUT 5390 539000|3675915931
PUT 5391 539100|376597554
PUT 5392 539200|2596001160
PUT 5393 539300|1473494817
PUT 5394 539400|1482268861
PUT 5395 539500|2503068180
PUT 5396 539600|435712942
PUT 5397 539700|3566213383
PUT 5398 539800|116149398
PUT 5399 539900|3414435391
PUT 5400 540000|1515010083
PUT 5401 540100|2535805578
PUT 5402 540200|468511536
PUT 5403 540300|3599008153
PUT 5404 540400|3641613829
PUT 5405 540500|342291628
PUT 5406 540600|2561625366
PUT 5407 540700|1439115199
PUT 5408 540800|2277208622
PUT 5409 540900|1255348359
PUT 5410 541000|4119481093
PUT 5411 541100|954343852
PUT 5412 541200|3022755862
PUT 5413 541300|2034496191
PUT 5414 541400|1992944931
PUT 5415 541500|3147925386
PUT 5416 541600|929578544
PUT 5417 541700|4194325657
PUT 5418 541800|679215368
PUT 5419 541900|3843320737
PUT 5420 542000|3736262702
PUT 5421 542100|333099655
PUT 5422 542200|2668825405
PUT 5423 542300|1383817620
PUT 5424 542400|1576107528
PUT 5425 542500|2425951393
PUT 5426 542600|475049243
PUT 5427 542700|3510159282
PUT 5428 542800|54825507
PUT 5429 542900|3459053706
PUT 5430 543000|1903536904
PUT 5431 543100|3156066721
PUT 5432 543200|819230747
PUT 5433 543300|4256961202
PUT 5434 543400|4063628590
PUT 5435 543500|1063151495
PUT 5436 543600|3013074493
PUT 5437 543700|2130687124
PUT 5438 543800|2894323973
PUT 5439 543900|1642826668
PUT 5440 544000|2294546040
PUT 5441 544100|1168872657
PUT 5442 544200|3378654571
PUT 5443 544300|67782594
PUT 5444 544400|192960606
PUT 5445 544500|3337106167
PUT 5446 544600|1243712333
PUT 5447 544700|2269766116
PUT 5448 544800|1429582965
PUT 5449 544900|2556288732
PUT 5450 545000|654609758
PUT 5451 545100|3933005815
PUT 5452 545200|1722113613
PUT 5453 545300|2882352356
PUT 5454 545400|2756127608
PUT 5455 545500|1764704721
PUT 5456 545600|3857119339
PUT 5457 545700|680432322
PUT 5458 545800|4210214739
PUT 5459 545900|932883962
PUT 5460 546000|205266549
PUT 5461 546100|3243537628
PUT 5462 546200|1302187366
PUT 5463 546300|2163582927
PUT 5464 546400|2407512147
PUT 5465 546500|1108857594
PUT 5466 546600|3470682944
PUT 5467 546700|62259689
PUT 5468 546800|3519698040
PUT 5469 546900|480394961
PUT 5470 547000|2751163731
PUT 5471 547100|1855129594
PUT 5472 547200|3797597760
PUT 5473 547300|791860457
PUT 5474 547400|548981621
PUT 5475 547500|3989873116
PUT 5476 547600|1629034598
PUT 5477 547700|2893116111
PUT 5478 547800|2114791262
PUT 5479 547900|3009760759
PUT 5480 548000|606188244
PUT 5481 548100|3913930877
PUT 5482 548200|1702912455
PUT 5483 548300|2833779566
PUT 5484 548400|2808222962
PUT 5485 548500|1779072603
PUT 5486 548600|3871590369
PUT 5487 548700|732671304
PUT 5488 548800|4191680729
PUT 5489 548900|884970096
PUT 5490 549000|2347155954
PUT 5491 549100|1183755099
PUT 5492 549200|3393655521
PUT 5493 549300|120551496
PUT 5494 549400|145057748
PUT 5495 549500|3318549885
PUT 5496 549600|1225045191
PUT 5497 549700|2221727342
PUT 5498 549800|1443924991
PUT 5499 549900|2608390486
PUT 5500 550000|2297395885
PUT 5501 550100|1166479364
PUT 5502 550200|3377375678
PUT 5503 550300|69649175
PUT 5504 550400|195878027
PUT 5505 550500|3334780450
PUT 5506 550600|1242369944
PUT 5507 550700|2271569201
PUT 5508 550800|1427714208
PUT 5509 550900|2557565449
PUT 5510 551000|656935307
PUT 5511 551100|3930088226
PUT 5512 551200|1720310424
PUT 5513 551300|2883694641
PUT 5514 551400|2758520749
PUT 5515 551500|1761854724
PUT 5516 551600|3855252670
PUT 5517 551700|681711127
PUT 5518 551800|4208870278
PUT 5519 551900|934684975
PUT 5520 552000|202414752
PUT 5521 552100|3245928457
PUT 5522 552200|1303464371
PUT 5523 552300|2161713946
PUT 5524 552400|2404596870
PUT 5525 552500|1111184943
PUT 5526 552600|3472027541
PUT 5527 552700|60458300
PUT 5528 552800|3521564845
PUT 5529 552900|479115780
PUT 5530 553000|2748836230
PUT 5531 553100|1858044719
PUT 5532 553200|3799399061
PUT 5533 553300|790515772
PUT 5534 553400|546590624
PUT 5535 553500|3992724745
PUT 5536 553600|1630903475
PUT 5537 553700|2891839002
PUT 5538 553800|2116133771
PUT 5539 553900|3007957282
PUT 5540 554000|1516354806
PUT 5541 554100|2534004319
PUT 5542 554200|465596389
PUT 5543 554300|3601335628
PUT 5544 554400|3642890960
PUT 5545 554500|340422777
PUT 5546 554600|2558773699
PUT 5547 554700|1441506154
PUT 5548 554800|2274883323
PUT 5549 554900|1258265682
PUT 5550 555000|4121350096
PUT 5551 555100|953066873
PUT 5552 555200|3020364995
PUT 5553 555300|2037347946
PUT 5554 555400|1994746358
PUT 5555 555500|3146580831
PUT 5556 555600|927251173
PUT 5557 555700|4197240908
PUT 5558 555800|676365789
PUT 5559 555900|3845713780
PUT 5560 556000|3734920443
PUT 5561 556100|334902866
PUT 5562 556200|2671742952
PUT 5563 556300|1381492033
PUT 5564 556400|1574828765
PUT 5565 556500|2427818100
PUT 5566 556600|477899214
PUT 5567 556700|3507766119
PUT 5568 556800|57153270
PUT 5569 556900|3456138335
PUT 5570 557000|1901670365
PUT 5571 557100|3157345652
PUT 5572 557200|821624014
PUT 5573 557300|4254111335
PUT 5574 557400|4061825531
PUT 5575 557500|1064493906
PUT 5576 557600|3015400168
PUT 5577 557700|2127769665
PUT 5578 557800|2897176016
PUT 5579 557900|1640435577
PUT 5580 558000|4135841882
PUT 5581 558100|1005296371
PUT 5582 558200|3072467785
PUT 5583 558300|2051688928
PUT 5584 558400|1975539324
PUT 5585 558500|3098033365
PUT 5586 558600|878806383
PUT 5587 558700|4178177990
PUT 5588 558800|729135703
PUT 5589 558900|3860713726
PUT 5590 559000|1497662332
PUT 5591 559100|2485971413
PUT 5592 559200|417681519
PUT 5593 559300|3582802630
PUT 5594 559400|3657901402
PUT 5595 559500|393170931
PUT 5596 559600|2611410505
PUT 5597 559700|1456381152
PUT 5598 559800|2226309489
PUT 5599 559900|1239065560
PUT 5600 560000|611892094
PUT 5601 560100|3910193623
PUT 5602 560200|1708746861
PUT 5603 560300|2830172868
PUT 5604 560400|2805669208
PUT 5605 560500|1783855089
PUT 5606 560600|3868905035
PUT 5607 560700|737322210
PUT 5608 560800|4186894707
PUT 5609 560900|887528410
PUT 5610 561000|2344601688
PUT 5611 561100|1188537073
PUT 5612 561200|3390970699
PUT 5613 561300|125202914
PUT 5614 561400|150761086
PUT 5615 561500|3314812119
PUT 5616 561600|1230880109
PUT 5617 561700|2218121156
PUT 5618 561800|1447658069
PUT 5619 561900|2602690812
PUT 5620 562000|2693225331
PUT 5621 562100|1844392410
PUT 5622 562200|3777398880
PUT 5623 562300|743367369
PUT 5624 562400|600112469
PUT 5625 562500|4004288508
PUT 5626 562600|1650798150
PUT 5627 562700|2936882415
PUT 5628 562800|2104562046
PUT 5629 562900|2954460119
PUT 5630 563000|255862869
PUT 5631 563100|3257418492
PUT 5632 563200|1323432774
PUT 5633 563300|2206831087
PUT 5634 563400|2349043315
PUT 5635 563500|1097589978
PUT 5636 563600|3449970016
PUT 5637 563700|13252553
PUT 5638 563800|3535168088
PUT 5639 563900|534644977
PUT 5640 564000|4143349029
PUT 5641 564100|1000216460
PUT 5642 564200|3075976758
PUT 5643 564300|2050999455
PUT 5644 564400|1974852355
PUT 5645 564500|3101536682
PUT 5646 564600|873728016
PUT 5647 564700|4185678521
PUT 5648 564800|721434408
PUT 5649 564900|3865599361
PUT 5650 565000|1496387075
PUT 5651 565100|2488886442
PUT 5652 565200|412146960
PUT 5653 565300|3589846969
PUT 5654 565400|3664947237
PUT 5655 565500|387629708
PUT 5656 565600|2614328118
PUT 5657 565700|1455100319
PUT 5658 565800|2227651598
PUT 5659 565900|1236217511
PUT 5660 566000|1913232680
PUT 5661 566100|3210868609
PUT 5662 566200|866668091
PUT 5663 566300|4274005138
PUT 5664 566400|4048173838
PUT 5665 566500|1008882087
PUT 5666 566600|2968250397
PUT 5667 566700|2105770676
PUT 5668 566800|2952779557
PUT 5669 566900|1654111628
PUT 5670 567000|3721326094
PUT 5671 567100|279348391
PUT 5672 567200|2624535837
PUT 5673 567300|1359435700
PUT 5674 567400|1586317352
PUT 5675 567500|2481267329
PUT 5676 567600|523017019
PUT 5677 567700|3527733650
PUT 5678 567800|3712003
PUT 5679 567900|3444625066
PUT 5680 568000|1511272841
PUT 5681 568100|2541509408
PUT 5682 568200|464904858
PUT 5683 568300|3604842547
PUT 5684 568400|3646396335
PUT 5685 568500|339737862
PUT 5686 568600|2566276284
PUT 5687 568700|1436429845
PUT 5688 568800|2279766916
PUT 5689 568900|1250562349
PUT 5690 569000|4124263087
PUT 5691 569100|951789574
PUT 5692 569200|3027407292
PUT 5693 569300|2031811349
PUT 5694 569400|1989207177
PUT 5695 569500|3153628704
PUT 5696 569600|925972378
PUT 5697 569700|4200160563
PUT 5698 569800|673515682
PUT 5699 569900|3847053835
PUT 5700 570000|4141545968
PUT 5701 570100|1001558873
PUT 5702 570200|3078302435
PUT 5703 570300|2048081994
PUT 5704 570400|1972985814
PUT 5705 570500|3102815615
PUT 5706 570600|876121285
PUT 5707 570700|4182828652
PUT 5708 570800|724349949
PUT 5709 570900|3863271764
PUT 5710 571000|1495108310
PUT 5711 571100|2490753151
PUT 5712 571200|414996933
PUT 5713 571300|3587453804
PUT 5714 571400|3663604976
PUT 5715 571500|389432921
PUT 5716 571600|2617245667
PUT 5717 571700|1452774730
PUT 5718 571800|2230042843
PUT 5719 571900|1233365618
PUT 5720 572000|1915034109
PUT 5721 572100|3209524052
PUT 5722 572200|864340718
PUT 5723 572300|4276920391
PUT 5724 572400|4050042843
PUT 5725 572500|1007605106
PUT 5726 572600|2965859528
PUT 5727 572700|2108622433
PUT 5728 572800|2949862384
PUT 5729 572900|1656437081
PUT 5730 573000|3722603227
PUT 5731 573100|277479538
PUT 5732 573200|2621684168
PUT 5733 573300|1361826657
PUT 5734 573400|1587662077
PUT 5735 573500|2479466068
PUT 5736 573600|520101870
PUT 5737 573700|3530061127
PUT 5738 573800|1319126
PUT 5739 573900|3447474815
PUT 5740 574000|609501099
PUT 5741 574100|3913045250
PUT 5742 574200|1710615736
PUT 5743 574300|2828895761
PUT 5744 574400|2803341709
PUT 5745 574500|1786770212
PUT 5746 574600|3870706334
PUT 5747 574700|735977527
PUT 5748 574800|4188173734
PUT 5749 574900|885661455
PUT 5750 575000|2341686413
PUT 5751 575100|1190864420
PUT 5752 575200|3392315294
PUT 5753 575300|123401527
PUT 5754 575400|147909291
PUT 5755 575500|3317202946
PUT 5756 575600|1232157112
PUT 5757 575700|2216252177
PUT 5758 575800|1449461376
PUT 5759 575900|2601348137
PUT 5760 576000|2695618470
PUT 5761 576100|1841542415
PUT 5762 576200|3775532213
PUT 5763 576300|744646172
PUT 5764 576400|602438016
PUT 5765 576500|4001370921
PUT 5766 576600|1648994963
PUT 5767 576700|2938224698
PUT 5768 576800|2103285163
PUT 5769 576900|2956328706
PUT 5770 577000|258780288
PUT 5771 577100|3255092777
PUT 5772 577200|1322090387
PUT 5773 577300|2208634170
PUT 5774 577400|2351893158
PUT 5775 577500|1095196687
PUT 5776 577600|3448691125
PUT 5777 577700|15119132
PUT 5778 577800|3533366925
PUT 5779 577900|535989284
PUT 5780 578000|2293658375
PUT 5781 578100|1172183470
PUT 5782 578200|3373768724
PUT 5783 578300|75483837
PUT 5784 578400|200660257
PUT 5785 578500|3332226952
PUT 5786 578600|1247020594
PUT 5787 578700|2268884123
PUT 5788 578800|1430272266
PUT 5789 578900|2552779683
PUT 5790 579000|661717025
PUT 5791 579100|3927534216
PUT 5792 579200|1724961586
PUT 5793 579300|2881010075
PUT 5794 579400|2754782727
PUT 5795 579500|1767558318
PUT 5796 579600|3851646228
PUT 5797 579700|687546301
PUT 5798 579800|4203170348
PUT 5799 579900|938418309
PUT 5800 580000|2239837612
PUT 5801 580100|1223253765
PUT 5802 580200|3290490559
PUT 5803 580300|155749398
PUT 5804 580400|113415050
PUT 5805 580500|3416979747
PUT 5806 580600|1197686937
PUT 5807 580700|2315987504
PUT 5808 580800|1484226465
PUT 5809 580900|2501842184
PUT 5810 581000|709248650
PUT 5811 581100|3878562851
PUT 5812 581200|1810339225
PUT 5813 581300|2794454832
PUT 5814 581400|2835734700
PUT 5815 581500|1684900357
PUT 5816 581600|3903075263
PUT 5817 581700|634149142
PUT 5818 581800|4155509895
PUT 5819 581900|987260462
PUT 5820 582000|25089441
PUT 5821 582100|3424042760
PUT 5822 582200|1088358066
PUT 5823 582300|2377608219
PUT 5824 582400|2185065351
PUT 5825 582500|1330977070
PUT 5826 582600|3281821844
PUT 5827 582700|250923581
PUT 5828 582800|3699941292
PUT 5829 582900|299955461
PUT 5830 583000|2931402375
PUT 5831 583100|1674693678
PUT 5832 583200|4011357588
PUT 5833 583300|577773373
PUT 5834 583400|771358881
PUT 5835 583500|3767691784
PUT 5836 583600|1817957298
PUT 5837 583700|2704521499
PUT 5838 583800|1934617738
PUT 5839 583900|3190261283
PUT 5840 584000|1460663287
PUT 5841 584100|2590480734
PUT 5842 584200|380510436
PUT 5843 584300|3687205453
PUT 5844 584400|3561772497
PUT 5845 584500|421805944
PUT 5846 584600|2515371714
PUT 5847 584700|1485171819
PUT 5848 584800|2331621882
PUT 5849 584900|1200739155
PUT 5850 585000|4173889745
PUT 5851 585100|899738232
PUT 5852 585200|3110687682
PUT 5853 585300|1946237291
PUT 5854 585400|2072717047
PUT 5855 585500|3068349534
PUT 5856 585600|975893988
PUT 5857 585700|4148338509
PUT 5858 585800|624872156
PUT 5859 585900|3897991285
PUT 5860 586000|3555726330
PUT 5861 586100|513309011
PUT 5862 586200|2454831337
PUT 5863 586300|1597614656
PUT 5864 586400|1353954780
PUT 5865 586500|2648432501
PUT 5866 586600|286418639
PUT 5867 586700|3698986086
PUT 5868 586800|235297271
PUT 5869 586900|3278779230
PUT 5870 587000|2084004060
PUT 5871 587100|2975795829
PUT 5872 587200|1033286607
PUT 5873 587300|4043233638
PUT 5874 587400|4285843194
PUT 5875 587500|840739923
PUT 5876 587600|3201635817
PUT 5877 587700|1941798720
PUT 5878 587800|2713791185
PUT 5879 587900|1823031416
PUT 5880 588000|4226662235
PUT 5881 588100|914740722
PUT 5882 588200|3125570632
PUT 5883 588300|1998849761
PUT 5884 588400|2024675709
PUT 5885 588500|3049681876
PUT 5886 588600|957336174
PUT 5887 588700|4100432071
PUT 5888 588800|639366486
PUT 5889 588900|3950223359
PUT 5890 589000|1412091005
PUT 5891 589100|2571282132
PUT 5892 589200|361439086
PUT 5893 589300|3638785479
PUT 5894 589400|3614009947
PUT 5895 589500|436273394
PUT 5896 589600|2529737032
PUT 5897 589700|1537266657
PUT 5898 589800|2312930928
PUT 5899 589900|1152707801
PUT 5900 590000|1461942050
PUT 5901 590100|2588614027
PUT 5902 590200|377660465
PUT 5903 590300|3689598616
PUT 5904 590400|3563114756
PUT 5905 590500|420002733
PUT 5906 590600|2512454167
PUT 5907 590700|1487497406
PUT 5908 590800|2329230639
PUT 5909 590900|1203591046
PUT 5910 591000|4175692804
PUT 5911 591100|898395821
PUT 5912 591200|3108362007
PUT 5913 591300|1949154750
PUT 5914 591400|2074583586
PUT 5915 591500|3067070603
PUT 5916 591600|973500721
PUT 5917 591700|4151188376
PUT 5918 591800|621956617
PUT 5919 591900|3900318880
PUT 5920 592000|3554449199
PUT 5921 592100|515177862
PUT 5922 592200|2457683004
PUT 5923 592300|1595223701
PUT 5924 592400|1352610057
PUT 5925 592500|2650233760
PUT 5926 592600|289333786
PUT 5927 592700|3696658611
PUT 5928 592800|237690146
PUT 5929 592900|3275929483
PUT 5930 593000|2082202633
PUT 5931 593100|2977140384
PUT 5932 593200|1035613978
PUT 5933 593300|4040318387
PUT 5934 593400|4283974191
PUT 5935 593500|842016902
PUT 5936 593600|3204026684
PUT 5937 593700|1938946965
PUT 5938 593800|2716708356
PUT 5939 593900|1820705965
PUT 5940 594000|2242752889
PUT 5941 594100|1220926416
PUT 5942 594200|3289145962
PUT 5943 594300|157550787
PUT 5944 594400|116266847
PUT 5945 594500|3414588918
PUT 5946 594600|1196409932
PUT 5947 594700|2317856485
PUT 5948 594800|1482423156
PUT 5949 594900|2503184861
PUT 5950 595000|711639647
PUT 5951 595100|3875711222
PUT 5952 595200|1808470348
PUT 5953 595300|2795731941
PUT 5954 595400|2838062201
PUT 5955 595500|1681985232
PUT 5956 595600|3901273962
PUT 5957 595700|635493827
PUT 5958 595800|4154230866
PUT 5959 595900|989127419
PUT 5960 596000|22172020
PUT 5961 596100|3426368477
PUT 5962 596200|1089700455
PUT 5963 596300|2375805134
PUT 5964 596400|2182215506
PUT 5965 596500|1333370363
PUT 5966 596600|3283100737
PUT 5967 596700|249057000
PUT 5968 596800|3701742457
PUT 5969 596900|298611152
PUT 5970 597000|2929009234
PUT 5971 597100|1677543675
PUT 5972 597200|4013224257
PUT 5973 597300|576494568
PUT 5974 597400|769033332
PUT 5975 597500|3770609373
PUT 5976 597600|1819760487
PUT 5977 597700|2703179214
PUT 5978 597800|1935894623
PUT 5979 597900|3188392694
PUT 5980 598000|693108181
PUT 5981 598100|3827799932
PUT 5982 598200|1760440006
PUT 5983 598300|2777039983
PUT 5984 598400|2852936691
PUT 5985 598500|1734619482
PUT 5986 598600|3954018528
PUT 5987 598700|650502729
PUT 5988 598800|4105811928
PUT 5989 598900|970055025
PUT 5990 599000|2257096435
PUT 5991 599100|1273029722
PUT 5992 599200|3341376992
PUT 5993 599300|172046153
PUT 5994 599400|97200341
PUT 5995 599500|3366142588
PUT 5996 599600|1147861958
PUT 5997 599700|2298646895
PUT 5998 599800|1535034622
PUT 5999 599900|2518068823
PUT 6000 600000|3109038646
PUT 6001 600100|1949843615
PUT 6002 600200|4176607525
PUT 6003 600300|899257228
PUT 6004 600400|974359568
PUT 6005 600500|4152092345
PUT 6006 600600|2075287299
PUT 6007 600700|3067753898
PUT 6008 600800|1688625211
PUT 6009 600900|2848852626
PUT 6010 601000|379017488
PUT 6011 601100|3690935225
PUT 6012 601200|1463192067
PUT 6013 601300|2589909162
PUT 6014 601400|2513764150
PUT 6015 601500|1488754079
PUT 6016 601600|3564448805
PUT 6017 601700|421349004
PUT 6018 601800|3412136733
PUT 6019 601900|101284276
PUT 6020 602000|1034930747
PUT 6021 602100|4039614610
PUT 6022 602200|2081298728
PUT 6023 602300|2976281473
PUT 6024 602400|3203165213
PUT 6025 602500|1938032308
PUT 6026 602600|4283285262
PUT 6027 602700|841340327
PUT 6028 602800|3763961910
PUT 6029 602900|758246047
PUT 6030 603000|2456336669
PUT 6031 603100|1593889716
PUT 6032 603200|3553192462
PUT 6033 603300|513867943
PUT 6034 603400|288038715
PUT 6035 603500|3695408530
PUT 6036 603600|1351273512
PUT 6037 603700|2648876673
PUT 6038 603800|1335816976
PUT 6039 603900|2197199289
PUT 6040 604000|1809771629
PUT 6041 604100|2796979908
PUT 6042 604200|712982398
PUT 6043 604300|3877066199
PUT 6044 604400|3902622283
PUT 6045 604500|636821730
PUT 6046 604600|2839320920
PUT 6047 604700|1683289073
PUT 6048 604800|3056117344
PUT 6049 604900|2067844297
PUT 6050 605000|3290013515
PUT 6051 605100|158463458
PUT 6052 605200|2243447896
PUT 6053 605300|1221601009
PUT 6054 605400|1197095277
PUT 6055 605500|2318554052
PUT 6056 605600|117172862
PUT 6057 605700|3415441623
PUT 6058 605800|435148102
PUT 6059 605900|3565666287
PUT 6060 606000|4011920480
PUT 6061 606100|575235785
PUT 6062 606200|2927681395
PUT 6063 606300|1676195290
PUT 6064 606400|1818405446
PUT 6065 606500|2701836527
PUT 6066 606600|767785301
PUT 6067 606700|3769308156
PUT 6068 606800|852969069
PUT 6069 606900|4290718916
PUT 6070 607000|1088847686
PUT 6071 607100|2374899183
PUT 6072 607200|21474389
PUT 6073 607300|3425683196
PUT 6074 607400|3282426208
PUT 6075 607500|248361929
PUT 6076 607600|2181302899
PUT 6077 607700|1332502746
PUT 6078 607800|2635085131
PUT 6079 607900|1350066146
PUT 6080 608000|3342639297
PUT 6081 608100|173329000
PUT 6082 608200|2258465746
PUT 6083 608300|1274354043
PUT 6084 608400|1149175527
PUT 6085 608500|2300013646
PUT 6086 608600|98489844
PUT 6087 608700|3367419741
PUT 6088 608800|449505996
PUT 6089 608900|3617751141
PUT 6090 609000|1761334247
PUT 6091 609100|2777921870
PUT 6092 609200|693764340
PUT 6093 609300|3828509277
PUT 6094 609400|3954734529
PUT 6095 609500|651173736
PUT 6096 609600|2853807826
PUT 6097 609700|1735511163
PUT 6098 609800|3037567466
PUT 6099 609900|2019947331
PUT 6100 610000|1811048632
PUT 6101 610100|2795110929
PUT 6102 610200|710130603
PUT 6103 610300|3879457026
PUT 6104 610400|3903966878
PUT 6105 610500|635020343
PUT 6106 610600|2836405645
PUT 6107 610700|1685616420
PUT 6108 610800|3053724341
PUT 6109 610900|2070693916
PUT 6110 611000|3291814814
PUT 6111 611100|157118775
PUT 6112 611200|2241120397
PUT 6113 611300|1224516132
PUT 6114 611400|1198964152
PUT 6115 611500|2317276945
PUT 6116 611600|114781867
PUT 6117 611700|3418293250
PUT 6118 611800|432230803
PUT 6119 611900|3567991610
PUT 6120 612000|4010641589
PUT 6121 612100|577102364
PUT 6122 612200|2930531238
PUT 6123 612300|1673801999
PUT 6124 612400|1817063059
PUT 6125 612500|2703639610
PUT 6126 612600|770702720
PUT 6127 612700|3766982441
PUT 6128 612800|855360184
PUT 6129 612900|4287866897
PUT 6130 613000|1087044499
PUT 6131 613100|2376241466
PUT 6132 613200|23799936
PUT 6133 613300|3422765609
PUT 6134 613400|3280559541
PUT 6135 613500|249640732
PUT 6136 613600|2183696038
PUT 6137 613700|1329652751
PUT 6138 613800|2638000542
PUT 6139 613900|1347738423
PUT 6140 614000|3111956195
PUT 6141 614100|1947518026
PUT 6142 614200|4175265264
PUT 6143 614300|901060441
PUT 6144 614400|977209541
PUT 6145 614500|4149699180
PUT 6146 614600|2074008534
PUT 6147 614700|3069620607
PUT 6148 614800|1686824174
PUT 6149 614900|2850197063
PUT 6150 615000|381410757
PUT 6151 615100|3688085356
PUT 6152 615200|1461325526
PUT 6153 615300|2591188095
PUT 6154 615400|2516089827
PUT 6155 615500|1485836618
PUT 6156 615600|3562645744
PUT 6157 615700|422691417
PUT 6158 615800|3410859976
PUT 6159 615900|103152993
PUT 6160 616000|1032015598
PUT 6161 616100|4041942087
PUT 6162 616200|2082643453
PUT 6163 616300|2974480212
PUT 6164 616400|3200313544
PUT 6165 616500|1940423265
PUT 6166 616600|4284562395
PUT 6167 616700|839471474
PUT 6168 616800|3765765347
PUT 6169 616900|756903498
PUT 6170 617000|2453945800
PUT 6171 617100|1596741473
PUT 6172 617200|3555061467
PUT 6173 617300|512590962
PUT 6174 617400|285711342
PUT 6175 617500|3698323783
PUT 6176 617600|1353074941
PUT 6177 617700|2647532116
PUT 6178 617800|1337096133
PUT 6179 617900|2195332460
PUT 6180 618000|362734159
PUT 6181 618100|3640035558
PUT 6182 618200|1413427548
PUT 6183 618300|2572639221
PUT 6184 618400|2531083369
PUT 6185 618500|1538600640
PUT 6186 618600|3615266682
PUT 6187 618700|437583315
PUT 6188 618800|3362302018
PUT 6189 618900|83935979
PUT 6190 619000|3126432105
PUT 6191 619100|1999764416
PUT 6192 619200|4227351162
PUT 6193 619300|915417299
PUT 6194 619400|958019407
PUT 6195 619500|4101135846
PUT 6196 619600|2025579612
PUT 6197 619700|3050540789
PUT 6198 619800|1739578212
PUT 6199 619900|2865213901
PUT 6200 620000|3345328491
PUT 6201 620100|168674242
PUT 6202 620200|2261023352
PUT 6203 620300|1269567697
PUT 6204 620400|1143344973
PUT 6205 620500|2303616484
PUT 6206 620600|92789854
PUT 6207 620700|3371153143
PUT 6208 620800|445899622
PUT 6209 620900|3623586255
PUT 6210 621000|1755503181
PUT 6211 621100|2781524196
PUT 6212 621200|688064862
PUT 6213 621300|3832243191
PUT 6214 621400|3957423211
PUT 6215 621500|646518466
PUT 6216 621600|2856365944
PUT 6217 621700|1730725329
PUT 6218 621800|3042218048
PUT 6219 621900|2017262313
PUT 6220 622000|1134184806
PUT 6221 622100|2398233551
PUT 6222 622200|37460597
PUT 6223 622300|3478384860
PUT 6224 622400|3235508032
PUT 6225 622500|229737961
PUT 6226 622600|2172140627
PUT 6227 622700|1276139258
PUT 6228 622800|2657878891
PUT 6229 622900|1392798146
PUT 6230 623000|3965532736
PUT 6231 623100|557142249
PUT 6232 623200|2919033171
PUT 6233 623300|1620345850
PUT 6234 623400|1864277094
PUT 6235 623500|2725705423
PUT 6236 623600|784289653
PUT 6237 623700|3822527964
PUT 6238 623800|833318989
PUT 6239 623900|4240644836
PUT 6240 624000|367750960
PUT 6241 624100|3632465305
PUT 6242 624200|1414183971
PUT 6243 624300|2569197194
PUT 6244 624400|2527643926
PUT 6245 624500|1539351487
PUT 6246 624600|3607697925
PUT 6247 624700|442593452
PUT 6248 624800|3357353277
PUT 6249 624900|91574164
PUT 6250 625000|3123452950
PUT 6251 625100|2000975551
PUT 6252 625200|4220374789
PUT 6253 625300|921019820
PUT 6254 625400|963623472
PUT 6255 625500|4094152857
PUT 6256 625600|2026793251
PUT 6257 625700|3047555978
PUT 6258 625800|1742362139
PUT 6259 625900|2863807666
PUT 6260 626000|2434043709
PUT 6261 626100|1551689108
PUT 6262 626200|3501546542
PUT 6263 626300|501036679
PUT 6264 626400|307702043
PUT 6265 626500|3745465266
PUT 6266 626600|1408694792
PUT 6267 626700|2661191841
PUT 6268 626800|1289930032
PUT 6269 626900|2173349785
PUT 6270 627000|1054080027
PUT 6271 627100|4089157298
PUT 6272 627200|2138189576
PUT 6273 627300|2988066209
PUT 6274 627400|3180354109
PUT 6275 627500|1895313556
PUT 6276 627600|4231104814
PUT 6277 627700|827974535
PUT 6278 627800|3810899478
PUT 6279 627900|776854719
PUT 6280 628000|3104383900
PUT 6281 628100|1952532789
PUT 6282 628200|4171821199
PUT 6283 628300|901814822
PUT 6284 628400|977962426
PUT 6285 628500|4146261779
PUT 6286 628600|2079020713
PUT 6287 628700|3062053888
PUT 6288 628800|1694460305
PUT 6289 628900|2845246264
PUT 6290 629000|382619834
PUT 6291 629100|3685104147
PUT 6292 629200|1466925993
PUT 6293 629300|2584209664
PUT 6294 629400|2509108892
PUT 6295 629500|1491442741
PUT 6296 629600|3559662991
PUT 6297 629700|423907110
PUT 6298 629800|3409451703
PUT 6299 629900|105934878
PUT 6300 630000|365423589
PUT 6301 630100|3635380556
PUT 6302 630200|1415985398
PUT 6303 630300|2567852639
PUT 6304 630400|2525253059
PUT 6305 630500|1542203242
PUT 6306 630600|3609566928
PUT 6307 630700|441316473
PUT 6308 630800|3358695912
PUT 6309 630900|89770817
PUT 6310 631000|3120601283
PUT 6311 631100|2003366506
PUT 6312 631200|4221651920
PUT 6313 631300|919150969
PUT 6314 631400|960708325
PUT 6315 631500|4096480332
PUT 6316 631600|2028137974
PUT 6317 631700|3045754719
PUT 6318 631800|1744229070
PUT 6319 631900|2862528615
PUT 6320 632000|2436369384
PUT 6321 632100|1548771649
PUT 6322 632200|3499743483
PUT 6323 632300|502379090
PUT 6324 632400|310095310
PUT 6325 632500|3742615399
PUT 6326 632600|1406828253
PUT 6327 632700|2662470772
PUT 6328 632800|1288585701
PUT 6329 632900|2175150924
PUT 6330 633000|1056929998
PUT 6331 633100|4086764135
PUT 6332 633200|2136910813
PUT 6333 633300|2989932916
PUT 6334 633400|3183271656
PUT 6335 633500|1892987969
PUT 6336 633600|4229762555
PUT 6337 633700|829777746
PUT 6338 633800|3809030851
PUT 6339 633900|778131562
PUT 6340 634000|3343461822
PUT 6341 634100|169953047
PUT 6342 634200|2263416493
PUT 6343 634300|1266717700
PUT 6344 634400|1141541784
PUT 6345 634500|2304958769
PUT 6346 634600|95115403
PUT 6347 634700|3368235554
PUT 6348 634800|448751539
PUT 6349 634900|3621195034
PUT 6350 635000|1754160792
PUT 6351 635100|2783327281
PUT 6352 635200|690982283
PUT 6353 635300|3829917474
PUT 6354 635400|3956144318
PUT 6355 635500|648385047
PUT 6356 635600|2859215789
PUT 6357 635700|1728332036
PUT 6358 635800|3044545685
PUT 6359 635900|2014346812
PUT 6360 636000|1136053683
PUT 6361 636100|2396956442
PUT 6362 636200|35069600
PUT 6363 636300|3481236489
PUT 6364 636400|3237309333
PUT 6365 636500|228393276
PUT 6366 636600|2169813126
PUT 6367 636700|1279054383
PUT 6368 636800|2655029182
PUT 6369 636900|1395191063
PUT 6370 637000|3966877333
PUT 6371 637100|555340860
PUT 6372 637200|2916117894
PUT 6373 637300|1622673199
PUT 6374 637400|1865554099
PUT 6375 637500|2723836442
PUT 6376 637600|781437856
PUT 6377 637700|3824918793
PUT 6378 637800|830993560
PUT 6379 637900|4243562033
PUT 6380 638000|1806393618
PUT 6381 638100|2797800379
PUT 6382 638200|705344001
PUT 6383 638300|3882014888
PUT 6384 638400|3907569460
PUT 6385 638500|629190045
PUT 6386 638600|2840138791
PUT 6387 638700|1679916686
PUT 6388 638800|3059559199
PUT 6389 638900|2067087798
PUT 6390 639000|3295416884
PUT 6391 639100|151287965
PUT 6392 639200|2244854055
PUT 6393 639300|1218816910
PUT 6394 639400|1194308626
PUT 6395 639500|2319965883
PUT 6396 639600|109995777
PUT 6397 639700|3420851624
PUT 6398 639800|429545529
PUT 6399 639900|3572642448
PUT 6400 640000|1161505932
PUT 6401 640100|2287158821
PUT 6402 640200|77266847
PUT 6403 640300|3388118326
PUT 6404 640400|3329788586
PUT 6405 640500|185655299
PUT 6406 640600|2279168441
PUT 6407 640700|1253126928
PUT 6408 640800|2563597953
PUT 6409 640900|1436879912
PUT 6410 641000|3942408106
PUT 6411 641100|664024323
PUT 6412 641200|2875034809
PUT 6413 641300|1714808336
PUT 6414 641400|1774188940
PUT 6415 641500|2765591333
PUT 6416 641600|673065631
PUT 6417 641700|3849732150
PUT 6418 641800|923407783
PUT 6419 641900|4200759054
PUT 6420 642000|3250900097
PUT 6421 642100|212641320
PUT 6422 642200|2154110866
PUT 6423 642300|1292727611
PUT 6424 642400|1116170919
PUT 6425 642500|2414805006
PUT 6426 642600|52869556
PUT 6427 642700|3461272349
PUT 6428 642800|473073292
PUT 6429 642900|3512396837
PUT 6430 643000|1845739431
PUT 6431 643100|2741753102
PUT 6432 643200|799173812
PUT 6433 643300|3804890653
PUT 6434 643400|3980401025
PUT 6435 643500|539521832
PUT 6436 643600|2900478610
PUT 6437 643700|1636409403
PUT 6438 643800|3019240874
PUT 6439 643900|2124259075
PUT 6440 644000|2545281751
PUT 6441 644100|1524465790
PUT 6442 644200|3591649732
PUT 6443 644300|461132653
PUT 6444 644400|351685873
PUT 6445 644500|3651020376
PUT 6446 644600|1431805922
PUT 6447 644700|2554328395
PUT 6448 644800|1245946074
PUT 6449 644900|2267794035
PUT 6450 645000|947034609
PUT 6451 645100|4112184152
PUT 6452 645200|2043890402
PUT 6453 645300|3032162379
PUT 6454 645400|3140566999
PUT 6455 645500|1985566078
PUT 6456 645600|4203801796
PUT 6457 645700|939034221
PUT 6458 645800|3850687484
PUT 6459 645900|686602581
PUT 6460 646000|323619546
PUT 6461 646100|3726794867
PUT 6462 646200|1391188425
PUT 6463 646300|2676208480
PUT 6464 646400|2416553212
PUT 6465 646500|1566688853
PUT 6466 646600|3517480943
PUT 6467 646700|482350406
PUT 6468 646800|3468443863
PUT 6469 646900|64236158
PUT 6470 647000|3163388412
PUT 6471 647100|1910838101
PUT 6472 647200|4247562991
PUT 6473 647300|809812038
PUT 6474 647400|1070522330
PUT 6475 647500|4071011699
PUT 6476 647600|2121206985
PUT 6477 647700|3003606624
PUT 6478 647800|1635464177
PUT 6479 647900|2886949208
PUT 6480 648000|995599995
PUT 6481 648100|4131376338
PUT 6482 648200|2062972264
PUT 6483 648300|3080593345
PUT 6484 648400|3088318557
PUT 6485 648500|1971088116
PUT 6486 648600|4189442894
PUT 6487 648700|886946279
PUT 6488 648800|3869371510
PUT 6489 648900|734627551
PUT 6490 649000|2492519773
PUT 6491 649100|1509474292
PUT 6492 649200|3576759886
PUT 6493 649300|408513767
PUT 6494 649400|399733627
PUT 6495 649500|3669694930
PUT 6496 649600|1450352744
PUT 6497 649700|2602224321
PUT 6498 649800|1231462224
PUT 6499 649900|2215572985
PUT 6500 650000|2543414786
PUT 6501 650100|1525744811
PUT 6502 650200|3594042641
PUT 6503 650300|458282936
PUT 6504 650400|349882404
PUT 6505 650500|3652362893
PUT 6506 650600|1434131255
PUT 6507 650700|2551411102
PUT 6508 650800|1248797711
PUT 6509 650900|2265403046
PUT 6510 651000|945691940
PUT 6511 651100|4113987469
PUT 6512 651200|2046807607
PUT 6513 651300|3029836958
PUT 6514 651400|3139287810
PUT 6515 651500|1987432875
PUT 6516 651600|4206651409
PUT 6517 651700|936641208
PUT 6518 651800|3853014825
PUT 6519 651900|683687296
PUT 6520 652000|325488143
PUT 6521 652100|3725517990
PUT 6522 652200|1388797212
PUT 6523 652300|2679060405
PUT 6524 652400|2418354217
PUT 6525 652500|1565344384
PUT 6526 652600|3515153210
PUT 6527 652700|485265811
PUT 6528 652800|3465593858
PUT 6529 652900|66629291
PUT 6530 653000|3164732713
PUT 6531 653100|1909036928
PUT 6532 653200|4244647482
PUT 6533 653300|812139667
PUT 6534 653400|1071799055
PUT 6535 653500|4069142950
PUT 6536 653600|2118354972
PUT 6537 653700|3005997749
PUT 6538 653800|1633138468
PUT 6539 653900|2889866637
PUT 6540 654000|1159178329
PUT 6541 654100|2290074352
PUT 6542 654200|79067978
PUT 6543 654300|3386773987
PUT 6544 654400|3327397503
PUT 6545 654500|188507350
PUT 6546 654600|2281037164
PUT 6547 654700|1251850181
PUT 6548 654800|2564940372
PUT 6549 654900|1435076861
PUT 6550 655000|3939556223
PUT 6551 655100|666415574
PUT 6552 655200|2876311660
PUT 6553 655300|1712939717
PUT 6554 655400|1771273561
PUT 6555 655500|2767919088
PUT 6556 655600|674410058
PUT 6557 655700|3847931107
PUT 6558 655800|925274482
PUT 6559 655900|4199480283
PUT 6560 656000|3253225556
PUT 6561 656100|209724157
PUT 6562 656200|2152307527
PUT 6563 656300|1294070254
PUT 6564 656400|1118563954
PUT 6565 656500|2411955419
PUT 6566 656600|51002721
PUT 6567 656700|3462551496
PUT 6568 656800|471728729
PUT 6569 656900|3514198256
PUT 6570 657000|1848589170
PUT 6571 657100|2739360219
PUT 6572 657200|797894753
PUT 6573 657300|3806757576
PUT 6574 657400|3983318356
PUT 6575 657500|537196541
PUT 6576 657600|2899136071
PUT 6577 657700|1638212846
PUT 6578 657800|3017372031
PUT 6579 657900|2125536214
PUT 6580 658000|3925206261
PUT 6581 658100|614305372
PUT 6582 658200|2824091622
PUT 6583 658300|1698454863
PUT 6584 658400|1790329555
PUT 6585 658500|2816354426
PUT 6586 658600|722964928
PUT 6587 658700|3867147113
PUT 6588 658800|872656632
PUT 6589 658900|4184589393
PUT 6590 659000|1177720787
PUT 6591 659100|2337996154
PUT 6592 659200|127091904
PUT 6593 659300|3405459049
PUT 6594 659400|3312529909
PUT 6595 659500|135879516
PUT 6596 659600|2228282086
PUT 6597 659700|1236830287
PUT 6598 659800|2613370334
PUT 6599 659900|1454159735
PUT 6600 660000|990818257
PUT 6601 660100|4133930360
PUT 6602 660200|2058321090
PUT 6603 660300|3083277931
PUT 6604 660400|3092056567
PUT 6605 660500|1965384542
PUT 6606 660600|4193049316
PUT 6607 660700|881111117
PUT 6608 660800|3875071452
PUT 6609 660900|730894197
PUT 6610 661000|2496257271
PUT 6611 661100|1503770206
PUT 6612 661200|3580366820
PUT 6613 661300|402679117
PUT 6614 661400|394951377
PUT 6615 661500|3672248440
PUT 6616 661600|1445702082
PUT 6617 661700|2604909419
PUT 6618 661800|1228904186
PUT 6619 661900|2220358739
PUT 6620 662000|3220262876
PUT 6621 662100|1922639221
PUT 6622 662200|4266695887
PUT 6623 662300|859371110
PUT 6624 662400|1018358266
PUT 6625 662500|4057629523
PUT 6626 662600|2098412265
PUT 6627 662700|2960871488
PUT 6628 662800|1644627409
PUT 6629 662900|2943315832
PUT 6630 663000|271990010
PUT 6631 663100|3713947219
PUT 6632 663200|1368911849
PUT 6633 663300|2633991488
PUT 6634 663400|2473958108
PUT 6635 663500|1579020405
PUT 6636 663600|3537127887
PUT 6637 663700|532423526
PUT 6638 663800|3451942647
PUT 6639 663900|11017310
PUT 6640 664000|3917506954
PUT 6641 664100|619184931
PUT 6642 664200|2820782745
PUT 6643 664300|1699336240
PUT 6644 664400|1791217580
PUT 6645 664500|2813043973
PUT 6646 664600|727850175
PUT 6647 664700|3859445270
PUT 6648 664800|880157575
PUT 6649 664900|4179511598
PUT 6650 665000|1179065004
PUT 6651 665100|2335141893
PUT 6652 665200|132565439
PUT 6653 665300|3398345494
PUT 6654 665400|3305421962
PUT 6655 665500|141350435
PUT 6656 665600|2225434521
PUT 6657 665700|1238172976
PUT 6658 665800|2612088993
PUT 6659 665900|1457076744
PUT 6660 666000|1837074823
PUT 6661 666100|2685920046
PUT 6662 666200|752769684
PUT 6663 666300|3786813501
PUT 6664 666400|3996921761
PUT 6665 666500|592725256
PUT 6666 666600|2946366642
PUT 6667 666700|1660261915
PUT 6668 666800|2961818506
PUT 6669 666900|2111940899
PUT 6670 667000|3266902689
PUT 6671 667100|265326600
PUT 6672 667200|2199464370
PUT 6673 667300|1316045595
PUT 6674 667400|1106992263
PUT 6675 667500|2358457902
PUT 6676 667600|5934996
PUT 6677 667700|3442664765
PUT 6678 667800|525250732
PUT 6679 667900|3525761541
PUT 6680 668000|1164059942
PUT 6681 668100|2282377103
PUT 6682 668200|79951413
PUT 6683 668300|3383467164
PUT 6684 668400|3324084992
PUT 6685 668500|189393321
PUT 6686 668600|2273333267
PUT 6687 668700|1256733370
PUT 6688 668800|2559864619
PUT 6689 668900|1442579842
PUT 6690 669000|3936704000
PUT 6691 669100|667761833
PUT 6692 669200|2869200147
PUT 6693 669300|1718415290
PUT 6694 669400|1776742438
PUT 6695 669500|2760809103
PUT 6696 669600|675750709
PUT 6697 669700|3845081500
PUT 6698 669800|928193549
PUT 6699 669900|4198200996
PUT 6700 670000|3920424287
PUT 6701 670100|616859638
PUT 6702 670200|2819440204
PUT 6703 670300|1701139685
PUT 6704 670400|1794067321
PUT 6705 670500|2810651088
PUT 6706 670600|726571114
PUT 6707 670700|3861312195
PUT 6708 670800|878356306
PUT 6709 670900|4180856315
PUT 6710 671000|1181458041
PUT 6711 671100|2332292304
PUT 6712 671200|130698602
PUT 6713 671300|3399624643
PUT 6714 671400|3307747423
PUT 6715 671500|138433270
PUT 6716 671600|2223631180
PUT 6717 671700|1239515621
PUT 6718 671800|2610812020
PUT 6719 671900|1458945757
PUT 6720 672000|1834159442
PUT 6721 672100|2688247803
PUT 6722 672200|754114113
PUT 6723 672300|3785012456
PUT 6724 672400|3994069876
PUT 6725 672500|595116509
PUT 6726 672600|2947643495
PUT 6727 672700|1658393294
PUT 6728 672800|2963621727
PUT 6729 672900|2110598646
PUT 6730 673000|3264511604
PUT 6731 673100|268178653
PUT 6732 673200|2201333095
PUT 6733 673300|1314768846
PUT 6734 673400|1104664658
PUT 6735 673500|2361373435
PUT 6736 673600|7736129
PUT 6737 673700|3441320424
PUT 6738 673800|526529657
PUT 6739 673900|3523894992
PUT 6740 674000|992094980
PUT 6741 674100|4132061613
PUT 6742 674200|2055469079
PUT 6743 674300|3085669054
PUT 6744 674400|3093400866
PUT 6745 674500|1963583371
PUT 6746 674600|4190133809
PUT 6747 674700|883438744
PUT 6748 674800|3872678153
PUT 6749 674900|733744032
PUT 6750 675000|2498058274
PUT 6751 675100|1502425739
PUT 6752 675200|3578039089
PUT 6753 675300|405594520
PUT 6754 675400|396819972
PUT 6755 675500|3670971565
PUT 6756 675600|1443310871
PUT 6757 675700|2607761342
PUT 6758 675800|1225986607
PUT 6759 675900|2222684294
PUT 6760 676000|3218983689
PUT 6761 676100|1924506016
PUT 6762 676200|4269545498
PUT 6763 676300|856978099
PUT 6764 676400|1017015599
PUT 6765 676500|4059432838
PUT 6766 676600|2101329468
PUT 6767 676700|2958546069
PUT 6768 676800|1647018244
PUT 6769 676900|2940464045
PUT 6770 677000|270186543
PUT 6771 677100|3715289734
PUT 6772 677200|1371237180
PUT 6773 677300|2631074197
PUT 6774 677400|2472091145
PUT 6775 677500|1580299424
PUT 6776 677600|3539520794
PUT 6777 677700|529573811
PUT 6778 677800|3454857762
PUT 6779 677900|8689803
PUT 6780 678000|2545969064
PUT 6781 678100|1520962817
PUT 6782 678200|3596727483
PUT 6783 678300|453631506
PUT 6784 678400|344179086
PUT 6785 678500|3656100647
PUT 6786 678600|1428296349
PUT 6787 678700|2555017268
PUT 6788 678800|1245064613
PUT 6789 678900|2271102732
PUT 6790 679000|939988110
PUT 6791 679100|4117724711
PUT 6792 679200|2040973213
PUT 6793 679300|3033443636
PUT 6794 679400|3141841576
PUT 6795 679500|1982650369
PUT 6796 679600|4209336763
PUT 6797 679700|931990290
PUT 6798 679800|3857800835
PUT 6799 679900|681129002
PUT 6800 680000|2599887107
PUT 6801 680100|1470057386
PUT 6802 680200|3679908368
PUT 6803 680300|373201081
PUT 6804 680400|431261477
PUT 6805 680500|3571248524
PUT 6806 680600|1477792822
PUT 6807 680700|2508013215
PUT 6808 680800|1191275278
PUT 6809 680900|2322137511
PUT 6810 681000|892359205
PUT 6811 681100|4166531212
PUT 6812 681200|1955692854
PUT 6813 681300|3120163743
PUT 6814 681400|3061052419
PUT 6815 681500|2065407658
PUT 6816 681600|4157744912
PUT 6817 681700|985288121
PUT 6818 681800|3905296424
PUT 6819 681900|632189569
PUT 6820 682000|503890190
PUT 6821 682100|3546327975
PUT 6822 682200|1604915741
PUT 6823 682300|2462152884
PUT 6824 682400|2638964520
PUT 6825 682500|1344474497
PUT 6826 682600|3706369083
PUT 6827 682700|293789330
PUT 6828 682800|3288238851
PUT 6829 682900|244769194
PUT 6830 683000|2983178792
PUT 6831 683100|2091374721
PUT 6832 683200|4033765691
PUT 6833 683300|1023806354
PUT 6834 683400|848040974
PUT 6835 683500|4293164711
PUT 6836 683600|1932379933
PUT 6837 683700|3192237492
PUT 6838 683800|1815738405
PUT 6839 683900|2706477708
PUT 6840 684000|1215948632
PUT 6841 684100|2232520177
PUT 6842 684200|165164107
PUT 6843 684300|3299892962
PUT 6844 684400|3409592702
PUT 6845 684500|106048471
PUT 6846 684600|2325451373
PUT 6847 684700|1207171268
PUT 6848 684800|2509221205
PUT 6849 684900|1491585020
PUT 6850 685000|3888026750
PUT 6851 685100|718733015
PUT 6852 685200|2787067757
PUT 6853 685300|1802972612
PUT 6854 685400|1694315096
PUT 6855 685500|2845137137
PUT 6856 685600|626843979
PUT 6857 685700|3895757794
PUT 6858 685800|977854067
PUT 6859 685900|4146115802
PUT 6860 686000|3431335765
PUT 6861 686100|32402940
PUT 6862 686200|2368197702
PUT 6863 686300|1078968047
PUT 6864 686400|1338351987
PUT 6865 686500|2192427994
PUT 6866 686600|241463904
PUT 6867 686700|3272349897
PUT 6868 686800|292572504
PUT 6869 686900|3692570609
PUT 6870 687000|1665234035
PUT 6871 687100|2921930458
PUT 6872 687200|585148256
PUT 6873 687300|4018720201
PUT 6874 687400|3758281301
PUT 6875 687500|761968892
PUT 6876 687600|2711814470
PUT 6877 687700|1825270767
PUT 6878 687800|3199680126
PUT 6879 687900|1944016087
PUT 6880 688000|3835407348
PUT 6881 688100|703840605
PUT 6882 688200|2772072679
PUT 6883 688300|1750209102
PUT 6884 688400|1742212562
PUT 6885 688500|2863687547
PUT 6886 688600|645521089
PUT 6887 688700|3943806056
PUT 6888 688800|963502585
PUT 6889 688900|4094004048
PUT 6890 689000|1264376018
PUT 6891 689100|2251600507
PUT 6892 689200|184355777
PUT 6893 689300|3348455784
PUT 6894 689400|3357507316
PUT 6895 689500|91690077
PUT 6896 689600|2310974951
PUT 6897 689700|1154926414
PUT 6898 689800|2527761119
PUT 6899 689900|1539504246
PUT 6900 690000|1213555597
PUT 6901 690100|2235369764
PUT 6902 690200|167030942
PUT 6903 690300|3298613815
PUT 6904 690400|3407267243
PUT 6905 690500|108965634
PUT 6906 690600|2327254712
PUT 6907 690700|1205828625
PUT 6908 690800|2510498176
PUT 6909 690900|1489716009
PUT 6910 691000|3885109419
PUT 6911 691100|721058306
PUT 6912 691200|2788410296
PUT 6913 691300|1801169169
PUT 6914 691400|1691465357
PUT 6915 691500|2847530020
PUT 6916 691600|628123038
PUT 6917 691700|3893890871
PUT 6918 691800|979655334
PUT 6919 691900|4144771087
PUT 6920 692000|3433726848
PUT 6921 692100|29550889
PUT 6922 692200|2366328979
PUT 6923 692300|1080244794
PUT 6924 692400|1340679590
PUT 6925 692500|2189512463
PUT 6926 692600|239662773
PUT 6927 692700|3273694236
PUT 6928 692800|291293581
PUT 6929 692900|3694437156
PUT 6930 693000|1668149414
PUT 6931 693100|2919602703
PUT 6932 693200|583803829
PUT 6933 693300|4020521244
PUT 6934 693400|3761133184
PUT 6935 693500|759577641
PUT 6936 693600|2710537619
PUT 6937 693700|1827139386
PUT 6938 693800|3197876907
PUT 6939 693900|1945358338
PUT 6940 694000|2598086102
PUT 6941 694100|1471401855
PUT 6942 694200|3682236101
PUT 6943 694300|370285676
PUT 6944 694400|429392880
PUT 6945 694500|3572525401
PUT 6946 694600|1480184035
PUT 6947 694700|2505161290
PUT 6948 694800|1194192859
PUT 6949 694900|2319811954
PUT 6950 695000|891082480
PUT 6951 695100|4168399961
PUT 6952 695200|1958544867
PUT 6953 695300|3117772618
PUT 6954 695400|3059708118
PUT 6955 695500|2067208831
PUT 6956 695600|4160660421
PUT 6957 695700|982960492
PUT 6958 695800|3907689725
PUT 6959 695900|629339732
PUT 6960 696000|505693659
PUT 6961 696100|3544985458
PUT 6962 696200|1602590408
PUT 6963 696300|2465070177
PUT 6964 696400|2640831485
PUT 6965 696500|1343195476
PUT 6966 696600|3703976174
PUT 6967 696700|296639047
PUT 6968 696800|3285323734
PUT 6969 696900|247096703
PUT 6970 697000|2984457981
PUT 6971 697100|2089507924
PUT 6972 697200|4030916078
PUT 6973 697300|1026199367
PUT 6974 697400|849383643
PUT 6975 697500|4291361394
PUT 6976 697600|1929462728
PUT 6977 697700|3194562913
PUT 6978 697800|1813347568
PUT 6979 697900|2709329497
PUT 6980 698000|909764986
PUT 6981 698100|4216423379
PUT 6982 698200|2006465129
PUT 6983 698300|3136311488
PUT 6984 698400|3044691804
PUT 6985 698500|2014455285
PUT 6986 698600|4108033103
PUT 6987 698700|968095462
PUT 6988 698800|3956253559
PUT 6989 698900|648530398
PUT 6990 699000|2583599708
PUT 6991 699100|1419178229
PUT 6992 699200|3630123343
PUT 6993 699300|355935206
PUT 6994 699400|448609402
PUT 6995 699500|3621082835
PUT 6996 699600|1528622953
PUT 6997 699700|2524218816
PUT 6998 699800|1141428305
PUT 6999 699900|2304817912
PUT 7000 700000|3011651155
PUT 7001 700100|2129284346
PUT 7002 700200|4062442816
PUT 7003 700300|1061920745
PUT 7004 700400|817987701
PUT 7005 700500|4255771356
PUT 7006 700600|1902138214
PUT 7007 700700|3154655695
PUT 7008 700800|1853123678
PUT 7009 700900|2736522999
PUT 7010 701000|474305909
PUT 7011 701100|3509403612
PUT 7012 701200|1575257702
PUT 7013 701300|2425154767
PUT 7014 701400|2668032851
PUT 7015 701500|1382980090
PUT 7016 701600|3735494720
PUT 7017 701700|332352233
PUT 7018 701800|3249741688
PUT 7019 701900|215709137
PUT 7020 702000|930989662
PUT 7021 702100|4195724535
PUT 7022 702200|1994134861
PUT 7023 702300|3149168612
PUT 7024 702400|3023986808
PUT 7025 702500|2035682001
PUT 7026 702600|4120884075
PUT 7027 702700|955767234
PUT 7028 702800|3935013971
PUT 7029 702900|669247226
PUT 7030 703000|2562372984
PUT 7031 703100|1439883217
PUT 7032 703200|3642451563
PUT 7033 703300|343084226
PUT 7034 703400|469308254
PUT 7035 703500|3599858167
PUT 7036 703600|1515765837
PUT 7037 703700|2536549092
PUT 7038 703800|1162674037
PUT 7039 703900|2284099036
PUT 7040 704000|1628233736
PUT 7041 704100|2892270241
PUT 7042 704200|548221723
PUT 7043 704300|3989133746
PUT 7044 704400|3796846126
PUT 7045 704500|791096455
PUT 7046 704600|2750321981
PUT 7047 704700|1854341012
PUT 7048 704800|3170544133
PUT 7049 704900|1905442988
PUT 7050 705000|3469447982
PUT 7051 705100|61077895
PUT 7052 705200|2406105149
PUT 7053 705300|1107438228
PUT 7054 705400|1300772104
PUT 7055 705500|2162188193
PUT 7056 705600|204072475
PUT 7057 705700|3242298546
PUT 7058 705800|322820387
PUT 7059 705900|3730158474
PUT 7060 706000|3857907717
PUT 7061 706100|681274028
PUT 7062 706200|2756891414
PUT 7063 706300|1765456319
PUT 7064 706400|1722852899
PUT 7065 706500|2883112074
PUT 7066 706600|655455536
PUT 7067 706700|3933806489
PUT 7068 706800|939870728
PUT 7069 706900|4117569697
PUT 7070 707000|1244951331
PUT 7071 707100|2270960010
PUT 7072 707200|194355248
PUT 7073 707300|3338521241
PUT 7074 707400|3380073733
PUT 7075 707500|69189548
PUT 7076 707600|2295727638
PUT 7077 707700|1170107583
PUT 7078 707800|2546088238
PUT 7079 707900|1521111943
PUT 7080 708000|3454971044
PUT 7081 708100|8832525
PUT 7082 708200|2354020279
PUT 7083 708300|1093080350
PUT 7084 708400|1319963266
PUT 7085 708500|2210750507
PUT 7086 708600|252500369
PUT 7087 708700|3261379384
PUT 7088 708800|270067369
PUT 7089 708900|3715140608
PUT 7090 709000|1646911362
PUT 7091 709100|2940319019
PUT 7092 709200|596118673
PUT 7093 709300|4007683640
PUT 7094 709400|3781851556
PUT 7095 709500|738333453
PUT 7096 709600|2697702071
PUT 7097 709700|1839448094
PUT 7098 709800|3219101071
PUT 7099 709900|1924661030
PUT 7100 710000|1629512925
PUT 7101 710100|2890403444
PUT 7102 710200|545372110
PUT 7103 710300|3991526759
PUT 7104 710400|3798188795
PUT 7105 710500|789293138
PUT 7106 710600|2747404776
PUT 7107 710700|1856666433
PUT 7108 710800|3168153296
PUT 7109 710900|1908294777
PUT 7110 711000|3471251451
PUT 7111 711100|59735378
PUT 7112 711200|2403779816
PUT 7113 711300|1110355521
PUT 7114 711400|1302639069
PUT 7115 711500|2160909172
PUT 7116 711600|201679566
PUT 7117 711700|3245148263
PUT 7118 711800|319905270
PUT 7119 711900|3732485983
PUT 7120 712000|3856630992
PUT 7121 712100|683142777
PUT 7122 712200|2759743427
PUT 7123 712300|1763065194
PUT 7124 712400|1721508598
PUT 7125 712500|2884913247
PUT 7126 712600|658371045
PUT 7127 712700|3931478860
PUT 7128 712800|942264029
PUT 7129 712900|4114719860
PUT 7130 713000|1243150326
PUT 7131 713100|2272304479
PUT 7132 713200|196682981
PUT 7133 713300|3335605836
PUT 7134 713400|3378205136
PUT 7135 713500|70466425
PUT 7136 713600|2298118851
PUT 7137 713700|1167255658
PUT 7138 713800|2549005819
PUT 7139 713900|1518786386
PUT 7140 714000|3014566534
PUT 7141 714100|2126956591
PUT 7142 714200|4061098389
PUT 7143 714300|1063721788
PUT 7144 714400|820839584
PUT 7145 714500|4253380105
PUT 7146 714600|1900861363
PUT 7147 714700|3156524314
PUT 7148 714800|1851320459
PUT 7149 714900|2737865250
PUT 7150 715000|476696992
PUT 7151 715100|3506551561
PUT 7152 715200|1573388979
PUT 7153 715300|2426431514
PUT 7154 715400|2670360454
PUT 7155 715500|1380064559
PUT 7156 715600|3733693589
PUT 7157 715700|333696572
PUT 7158 715800|3248462765
PUT 7159 715900|217575684
PUT 7160 716000|928072331
PUT 7161 716100|4198049826
PUT 7162 716200|1995477400
PUT 7163 716300|3147365169
PUT 7164 716400|3021137069
PUT 7165 716500|2038074884
PUT 7166 716600|4122163134
PUT 7167 716700|953900311
PUT 7168 716800|3936815238
PUT 7169 716900|667902511
PUT 7170 717000|2559979949
PUT 7171 717100|1442732804
PUT 7172 717200|3644318398
PUT 7173 717300|341805079
PUT 7174 717400|466982795
PUT 7175 717500|3602775330
PUT 7176 717600|1517569176
PUT 7177 717700|2535206449
PUT 7178 717800|1163951008
PUT 7179 717900|2282230025
PUT 7180 718000|525135402
PUT 7181 718100|3525608579
PUT 7182 718200|1592606009
PUT 7183 718300|2474989456
PUT 7184 718400|2618247180
PUT 7185 718500|1365713573
PUT 7186 718600|3719207711
PUT 7187 718700|281473462
PUT 7188 718800|3267011623
PUT 7189 718900|265473678
PUT 7190 719000|2961939724
PUT 7191 719100|2112092069
PUT 7192 719200|4046081567
PUT 7193 719300|1010967734
PUT 7194 719400|868760362
PUT 7195 719500|4271919491
PUT 7196 719600|1919543353
PUT 7197 719700|3204547216
PUT 7198 719800|1836963585
PUT 7199 719900|2685779368
PUT 7200 720000|3451364622
PUT 7201 720100|14667687
PUT 7202 720200|2350282269
PUT 7203 720300|1098783924
PUT 7204 720400|1324614440
PUT 7205 720500|2208065921
PUT 7206 720600|257282107
PUT 7207 720700|3258825362
PUT 7208 720800|272756483
PUT 7209 720900|3710485930
PUT 7210 721000|1651562024
PUT 7211 721100|2937633921
PUT 7212 721200|600900923
PUT 7213 721300|4005130130
PUT 7214 721400|3778244622
PUT 7215 721500|744168103
PUT 7216 721600|2693964573
PUT 7217 721700|1845152180
PUT 7218 721800|3213270053
PUT 7219 721900|1928263308
PUT 7220 722000|1229473027
PUT 7221 722100|2216701866
PUT 7222 722200|149526032
PUT 7223 722300|3313630393
PUT 7224 722400|3389776677
PUT 7225 722500|123963788
PUT 7226 722600|2343186486
PUT 7227 722700|1187142303
PUT 7228 722800|2495483662
PUT 7229 722900|1507222951
PUT 7230 723000|3868145189
PUT 7231 723100|736582796
PUT 7232 723200|2804868406
PUT 7233 723300|1783009183
PUT 7234 723400|1707905027
PUT 7235 723500|2829384362
PUT 7236 723600|611140368
PUT 7237 723700|3909429689
PUT 7238 723800|997817384
PUT 7239 723900|4128315009
PUT 7240 724000|523854677
PUT 7241 724100|3528526332
PUT 7242 724200|1587064902
PUT 7243 724300|2482035439
PUT 7244 724400|2625291635
PUT 7245 724500|1360179162
PUT 7246 724600|3722122848
PUT 7247 724700|280198345
PUT 7248 724800|3268356440
PUT 7249 724900|262620145
PUT 7250 725000|2969440371
PUT 7251 725100|2107013850
PUT 7252 725200|4049584992
PUT 7253 725300|1010280905
PUT 7254 725400|868070997
PUT 7255 725500|4275428604
PUT 7256 725600|1914463558
PUT 7257 725700|3212054511
PUT 7258 725800|1829263998
PUT 7259 725900|2690658519
PUT 7260 726000|2613478232
PUT 7261 726100|1454303729
PUT 7262 726200|3664203851
PUT 7263 726300|386874082
PUT 7264 726400|411379070
PUT 7265 726500|3589099479
PUT 7266 726600|1495594605
PUT 7267 726700|2488048836
PUT 7268 726800|1177602389
PUT 7269 726900|2337842172
PUT 7270 727000|872542334
PUT 7271 727100|4184447703
PUT 7272 727200|1973429101
PUT 7273 727300|3100133828
PUT 7274 727400|3074578008
PUT 7275 727500|2049588465
PUT 7276 727600|4142105931
PUT 7277 727700|999026658
PUT 7278 727800|3925326451
PUT 7279 727900|614453466
PUT 7280 728000|3017486329
PUT 7281 728100|2125677904
PUT 7282 728200|4068146410
PUT 7283 728300|1058182723
PUT 7284 728400|815303135
PUT 7285 728500|4260422518
PUT 7286 728600|1899584204
PUT 7287 728700|3159437413
PUT 7288 728800|1848468980
PUT 7289 728900|2739212125
PUT 7290 729000|471620831
PUT 7291 729100|3514054262
PUT 7292 729200|1572704204
PUT 7293 729300|2429936997
PUT 7294 729400|2673867513
PUT 7295 729500|1379373136
PUT 7296 729600|3741198826
PUT 7297 729700|328614723
PUT 7298 729800|3253343954
PUT 7299 729900|209878139
PUT 7300 730000|521529216
PUT 7301 730100|3531443497
PUT 7302 730200|1588868243
PUT 7303 730300|2480692794
PUT 7304 730400|2622898598
PUT 7305 730500|1363028751
PUT 7306 730600|3723989685
PUT 7307 730700|278919196
PUT 7308 730800|3269701005
PUT 7309 730900|260818724
PUT 7310 731000|2966590630
PUT 7311 731100|2109406735
PUT 7312 731200|4050864053
PUT 7313 731300|1008413980
PUT 7314 731400|865153664
PUT 7315 731500|4277753897
PUT 7316 731600|1915806099
PUT 7317 731700|3210251066
PUT 7318 731800|1831132843
PUT 7319 731900|2689381378
PUT 7320 732000|2615805837
PUT 7321 732100|1451388196
PUT 7322 732200|3662402718
PUT 7323 732300|388218423
PUT 7324 732400|413770155
PUT 7325 732500|3586247426
PUT 7326 732600|1493725880
PUT 7327 732700|2489325585
PUT 7328 732800|1176259968
PUT 7329 732900|2339645225
PUT 7330 733000|875394219
PUT 7331 733100|4182056450
PUT 7332 733200|1972152248
PUT 7333 733300|3102002449
PUT 7334 733400|3077493389
PUT 7335 733500|2047260708
PUT 7336 733600|4140761502
PUT 7337 733700|1000827703
PUT 7338 733800|3923459750
PUT 7339 733900|615732239
PUT 7340 734000|3449496027
PUT 7341 734100|15944562
PUT 7342 734200|2352673480
PUT 7343 734300|1095932001
PUT 7344 734400|1322813437
PUT 7345 734500|2209410388
PUT 7346 734600|259609838
PUT 7347 734700|3255909959
PUT 7348 734800|275606486
PUT 7349 734900|3708092799
PUT 7350 735000|1650217725
PUT 7351 735100|2939435092
PUT 7352 735200|603816430
PUT 7353 735300|4002802503
PUT 7354 735400|3776967899
PUT 7355 735500|746036850
PUT 7356 735600|2696816584
PUT 7357 735700|1842761057
PUT 7358 735800|3215595760
PUT 7359 735900|1925345881
PUT 7360 736000|1231339990
PUT 7361 736100|2215422847
PUT 7362 736200|147133125
PUT 7363 736300|3316480108
PUT 7364 736400|3391580144
PUT 7365 736500|122621273
PUT 7366 736600|2340861155
PUT 7367 736700|1190059594
PUT 7368 736800|2492632027
PUT 7369 736900|1509613938
PUT 7370 737000|3869487856
PUT 7371 737100|734779481
PUT 7372 737200|2801951203
PUT 7373 737300|1785334602
PUT 7374 737400|1709184214
PUT 7375 737500|2827517567
PUT 7376 737600|608290757
PUT 7377 737700|3911822700
PUT 7378 737800|995490045
PUT 7379 737900|4131230292
PUT 7380 738000|1635347831
PUT 7381 738100|2886797278
PUT 7382 738200|551075428
PUT 7383 738300|3987789005
PUT 7384 738400|3795503953
PUT 7385 738500|793944568
PUT 7386 738600|2744850498
PUT 7387 738700|1861448427
PUT 7388 738800|3163498362
PUT 7389 738900|1910984147
PUT 7390 739000|3468566097
PUT 7391 739100|64386296
PUT 7392 739200|2401226050
PUT 7393 739300|1115138027
PUT 7394 739400|1308473463
PUT 7395 739500|2157302494
PUT 7396 739600|207383396
PUT 7397 739700|3241411021
PUT 7398 739800|323507292
PUT 7399 739900|3726655221
PUT 7400 740000|1340678377
PUT 7401 740100|2189511232
PUT 7402 740200|239662074
PUT 7403 740300|3273693523
PUT 7404 740400|3433727695
PUT 7405 740500|29551718
PUT 7406 740600|2366330332
PUT 7407 740700|1080246133
PUT 7408 740800|2451532516
PUT 7409 740900|1601634381
PUT 7410 741000|3761132495
PUT 7411 741100|759576934
PUT 7412 741200|2710536412
PUT 7413 741300|1827138165
PUT 7414 741400|1668150761
PUT 7415 741500|2919604032
PUT 7416 741600|583804666
PUT 7417 741700|4020522067
PUT 7418 741800|1037572546
PUT 7419 741900|4038095723
PUT 7420 742000|3407266020
PUT 7421 742100|108964429
PUT 7422 742200|2327254007
PUT 7423 742300|1205827934
PUT 7424 742400|1213556418
PUT 7425 742500|2235370603
PUT 7426 742600|167032273
PUT 7427 742700|3298615160
PUT 7428 742800|383814377
PUT 7429 742900|3683180608
PUT 7430 743000|1691464642
PUT 7431 743100|2847529323
PUT 7432 743200|628121809
PUT 7433 743300|3893889656
PUT 7434 743400|3885110756
PUT 7435 743500|721059661
PUT 7436 743600|2788411127
PUT 7437 743700|1801170014
PUT 7438 743800|3106404815
PUT 7439 743900|1951372134
PUT 7440 744000|2640832178
PUT 7441 744100|1343196187
PUT 7442 744200|3703977377
PUT 7443 744300|296640264
PUT 7444 744400|505692308
PUT 7445 744500|3544984125
PUT 7446 744600|1602589575
PUT 7447 744700|2465069358
PUT 7448 744800|1083288767
PUT 7449 744900|2381956630
PUT 7450 745000|849384852
PUT 7451 745100|4291362621
PUT 7452 745200|1929463431
PUT 7453 745300|3194563630
PUT 7454 745400|2984457138
PUT 7455 745500|2089507099
PUT 7456 745600|4030914721
PUT 7457 745700|1026198024
PUT 7458 745800|4015447961
PUT 7459 745900|574534960
PUT 7460 746000|429393599
PUT 7461 746100|3572526102
PUT 7462 746200|1480185260
PUT 7463 746300|2505162501
PUT 7464 746400|2598084761
PUT 7465 746500|1471400496
PUT 7466 746600|3682235274
PUT 7467 746700|370284835
PUT 7468 746800|3295562930
PUT 7469 746900|151397915
PUT 7470 747000|3059709337
PUT 7471 747100|2067210032
PUT 7472 747200|4160661130
PUT 7473 747300|982961187
PUT 7474 747400|891081663
PUT 7475 747500|4168399126
PUT 7476 747600|1958543532
PUT 7477 747700|3117771269
PUT 7478 747800|1806253972
PUT 7479 747900|2797688125
PUT 7480 748000|830843422
PUT 7481 748100|4243439799
PUT 7482 748200|1881438477
PUT 7483 748300|3175879588
PUT 7484 748400|2999323704
PUT 7485 748500|2142135953
PUT 7486 748600|4083670827
PUT 7487 748700|1041216898
PUT 7488 748800|3967016979
PUT 7489 748900|555453114
PUT 7490 749000|2655181112
PUT 7491 749100|1395307409
PUT 7492 749200|3756198443
PUT 7493 749300|311124098
PUT 7494 749400|486637342
PUT 7495 749500|3496547767
PUT 7496 749600|1554033677
PUT 7497 749700|2445854372
PUT 7498 749800|1135907637
PUT 7499 749900|2396846492
PUT 7500 750000|2638963303
PUT 7501 750100|1344473294
PUT 7502 750200|3706368372
PUT 7503 750300|293788637
PUT 7504 750400|503891009
PUT 7505 750500|3546328808
PUT 7506 750600|1604917074
PUT 7507 750700|2462154235
PUT 7508 750800|1086138474
PUT 7509 750900|2379563715
PUT 7510 751000|848040257
PUT 7511 751100|4293164008
PUT 7512 751200|1932378706
PUT 7513 751300|3192236283
PUT 7514 751400|2983180135
PUT 7515 751500|2091376078
PUT 7516 751600|4033766516
PUT 7517 751700|1023807197
PUT 7518 751800|4017773388
PUT 7519 751900|571617765
PUT 7520 752000|431260266
PUT 7521 752100|3571247299
PUT 7522 752200|1477792121
PUT 7523 752300|2508012496
PUT 7524 752400|2599887948
PUT 7525 752500|1470058213
PUT 7526 752600|3679909727
PUT 7527 752700|373202422
PUT 7528 752800|3292711015
PUT 7529 752900|153789134
PUT 7530 753000|3061051724
PUT 7531 753100|2065406949
PUT 7532 753200|4157743711
PUT 7533 753300|985286902
PUT 7534 753400|892360554
PUT 7535 753500|4166532547
PUT 7536 753600|1955693689
PUT 7537 753700|3120164560
PUT 7538 753800|1803926337
PUT 7539 753900|2800603624
PUT 7540 754000|1338352700
PUT 7541 754100|2192428693
PUT 7542 754200|241465135
PUT 7543 754300|3272351110
PUT 7544 754400|3431334426
PUT 7545 754500|32401587
PUT 7546 754600|2368196873
PUT 7547 754700|1078967200
PUT 7548 754800|2452876849
PUT 7549 754900|1599833240
PUT 7550 755000|3758282522
PUT 7551 755100|761970099
PUT 7552 755200|2711815177
PUT 7553 755300|1825271456
PUT 7554 755400|1665233212
PUT 7555 755500|2921929621
PUT 7556 755600|585146927
PUT 7557 755700|4018718854
PUT 7558 755800|1039441175
PUT 7559 755900|4036818878
PUT 7560 756000|3409593393
PUT 7561 756100|106049176
PUT 7562 756200|2325452578
PUT 7563 756300|1207172491
PUT 7564 756400|1215947287
PUT 7565 756500|2232518846
PUT 7566 756600|165163268
PUT 7567 756700|3299892141
PUT 7568 756800|382471740
PUT 7569 756900|3684983957
PUT 7570 757000|1694316311
PUT 7571 757100|2845138366
PUT 7572 757200|626844676
PUT 7573 757300|3895758509
PUT 7574 757400|3888025905
PUT 7575 757500|718732184
PUT 7576 757600|2787066402
PUT 7577 757700|1802971275
PUT 7578 757800|3104537882
PUT 7579 757900|1952651187
PUT 7580 758000|3811043472
PUT 7581 758100|776962617
PUT 7582 758200|2726706051
PUT 7583 758300|1877889322
PUT 7584 758400|1617186486
PUT 7585 758500|2903254047
PUT 7586 758600|566599077
PUT 7587 758700|3970823948
PUT 7588 758800|1053926045
PUT 7589 758900|4089038900
PUT 7590 759000|1289788342
PUT 7591 759100|2173235487
PUT 7592 759200|222382245
PUT 7593 759300|3223921164
PUT 7594 759400|3483581840
PUT 7595 759500|46880569
PUT 7596 759600|2382556803
PUT 7597 759700|1131054122
PUT 7598 759800|2434191803
PUT 7599 759900|1551809298
PUT 7600 760000|836543412
PUT 7601 760100|4239706397
PUT 7602 760200|1887269031
PUT 7603 760300|3172276750
PUT 7604 760400|2996766098
PUT 7605 760500|2146922299
PUT 7606 760600|4080981633
PUT 7607 760700|1045871656
PUT 7608 760800|3962235321
PUT 7609 760900|558007056
PUT 7610 761000|2652622994
PUT 7611 761100|1400093243
PUT 7612 761200|3753509761
PUT 7613 761300|315779368
PUT 7614 761400|492336820
PUT 7615 761500|3492813853
PUT 7616 761600|1559864743
PUT 7617 761700|2442252046
PUT 7618 761800|1139645087
PUT 7619 761900|2391142454
PUT 7620 762000|3038987193
PUT 7621 762100|2018191632
PUT 7622 762200|4102197418
PUT 7623 762300|971700739
PUT 7624 762400|912319903
PUT 7625 762500|4211642166
PUT 7626 762600|2009151116
PUT 7627 762700|3131661349
PUT 7628 762800|1758792116
PUT 7629 762900|2780652317
PUT 7630 763000|451162271
PUT 7631 763100|3616299574
PUT 7632 763200|1531306892
PUT 7633 763300|2519566629
PUT 7634 763400|2577897145
PUT 7635 763500|1422916624
PUT 7636 763600|3624289706
PUT 7637 763700|359542531
PUT 7638 763800|3339877010
PUT 7639 763900|175771707
PUT 7640 764000|3813828079
PUT 7641 764100|775556934
PUT 7642 764200|2733881084
PUT 7643 764300|1872485461
PUT 7644 764400|1611776969
PUT 7645 764500|2910431584
PUT 7646 764600|565186778
PUT 7647 764700|3973610099
PUT 7648 764800|1050947554
PUT 7649 764900|4090250571
PUT 7650 765000|1284839113
PUT 7651 765100|2180873312
PUT 7652 765200|221562330
PUT 7653 765300|3227299699
PUT 7654 765400|3486953711
PUT 7655 765500|46062150
PUT 7656 765600|2390189052
PUT 7657 765700|1126107477
PUT 7658 765800|2439208132
PUT 7659 765900|1544238701
PUT 7660 766000|1739425250
PUT 7661 766100|2865098571
PUT 7662 766200|638342897
PUT 7663 766300|3949214808
PUT 7664 766400|3840811972
PUT 7665 766500|696666477
PUT 7666 766600|2773479639
PUT 7667 766700|1747425918
PUT 7668 766800|3126579183
PUT 7669 766900|1999873350
PUT 7670 767000|3362453188
PUT 7671 767100|84057197
PUT 7672 767200|2311792087
PUT 7673 767300|1151553406
PUT 7674 767400|1260998882
PUT 7675 767500|2252421707
PUT 7676 767600|176718833
PUT 7677 767700|3353405784
PUT 7678 767800|362593481
PUT 7679 767900|3639924320
PUT 7680 768000|1336944963
PUT 7681 768100|2195211242
PUT 7682 768200|236059216
PUT 7683 768300|3279524089
PUT 7684 768400|3438514021
PUT 7685 768500|26994124
PUT 7686 768600|2370985078
PUT 7687 768700|1077556959
PUT 7688 768800|2454086478
PUT 7689 768900|1596852711
PUT 7690 769000|3765918309
PUT 7691 769100|757018828
PUT 7692 769200|2715191670
PUT 7693 769300|1824449503
PUT 7694 769400|1664416835
PUT 7695 769500|2925303530
PUT 7696 769600|580202320
PUT 7697 769700|4026353145
PUT 7698 769800|1031868520
PUT 7699 769900|4041833153
PUT 7700 770000|3816743226
PUT 7701 770100|773229459
PUT 7702 770200|2732536361
PUT 7703 770300|1874286720
PUT 7704 770400|1614628636
PUT 7705 770500|2908040629
PUT 7706 770600|563909647
PUT 7707 770700|3975478950
PUT 7708 770800|1049144119
PUT 7709 770900|4091593118
PUT 7710 771000|1287229980
PUT 7711 771100|2178021557
PUT 7712 771200|219693327
PUT 7713 771300|3228576678
PUT 7714 771400|3489281082
PUT 7715 771500|43146899
PUT 7716 771600|2388387625
PUT 7717 771700|1127452032
PUT 7718 771800|2437928977
PUT 7719 771900|1546105528
PUT 7720 772000|1736507703
PUT 7721 772100|2867424158
PUT 7722 772200|639685156
PUT 7723 772300|3947411597
PUT 7724 772400|3837962001
PUT 7725 772500|699059640
PUT 7726 772600|2774758402
PUT 7727 772700|1745559211
PUT 7728 772800|3128380218
PUT 7729 772900|1998528915
PUT 7730 773000|3360059921
PUT 7731 773100|86907064
PUT 7732 773200|2313658626
PUT 7733 773300|1150274475
PUT 7734 773400|1258673207
PUT 7735 773500|2255339166
PUT 7736 773600|178521892
PUT 7737 773700|3352063373
PUT 7738 773800|363870236
PUT 7739 773900|3638055605
PUT 7740 774000|837822305
PUT 7741 774100|4237839816
PUT 7742 774200|1884419186
PUT 7743 774300|3174670043
PUT 7744 774400|2998108487
PUT 7745 774500|2145119214
PUT 7746 774600|4078064212
PUT 7747 774700|1048197373
PUT 7748 774800|3959844204
PUT 7749 774900|560859077
PUT 7750 775000|2654426183
PUT 7751 775100|1398750958
PUT 7752 775200|3751184212
PUT 7753 775300|318696957
PUT 7754 775400|494203489
PUT 7755 775500|3491535048
PUT 7756 775600|1557471602
PUT 7757 775700|2445102043
PUT 7758 775800|1136729674
PUT 7759 775900|2393470179
PUT 7760 776000|3037710188
PUT 7761 776100|2020060613
PUT 7762 776200|4105049215
PUT 7763 776300|969309910
PUT 7764 776400|910975306
PUT 7765 776500|4213443555
PUT 7766 776600|2012066393
PUT 7767 776700|3129334000
PUT 7768 776800|1761185121
PUT 7769 776900|2777802696
PUT 7770 777000|449360970
PUT 7771 777100|3617644259
PUT 7772 777200|1533634393
PUT 7773 777300|2516651504
PUT 7774 777400|2576028268
PUT 7775 777500|1424193733
PUT 7776 777600|3626680703
PUT 7777 777700|356690902
PUT 7778 777800|3342794311
PUT 7779 777900|173446382
PUT 7780 778000|2635230157
PUT 7781 778100|1350173028
PUT 7782 778200|3702765790
PUT 7783 778300|299618935
PUT 7784 778400|508677611
PUT 7785 778500|3543770946
PUT 7786 778600|1609572088
PUT 7787 778700|2459464785
PUT 7788 778800|1088692672
PUT 7789 778900|2374781801
PUT 7790 779000|852826347
PUT 7791 779100|4290605634
PUT 7792 779200|1937034232
PUT 7793 779300|3189547345
PUT 7794 779400|2979446477
PUT 7795 779500|2097075300
PUT 7796 779600|4030164446
PUT 7797 779700|1029638007
PUT 7798 779800|4012069606
PUT 7799 779900|575354959
PUT 7800 780000|2418355558
PUT 7801 780100|1565345743
PUT 7802 780200|3515154037
PUT 7803 780300|485266652
PUT 7804 780400|325487424
PUT 7805 780500|3725517289
PUT 7806 780600|1388795987
PUT 7807 780700|2679059194
PUT 7808 780800|1305700203
PUT 7809 780900|2159742402
PUT 7810 781000|1071799872
PUT 7811 781100|4069143785
PUT 7812 781200|2118356307
PUT 7813 781300|3005999098
PUT 7814 781400|3164731494
PUT 7815 781500|1909035727
PUT 7816 781600|4244646773
PUT 7817 781700|812138972
PUT 7818 781800|3792966733
PUT 7819 781900|796688100
PUT 7820 782000|349883755
PUT 7821 782100|3652364226
PUT 7822 782200|1434132088
PUT 7823 782300|2551411921
PUT 7824 782400|2543414093
PUT 7825 782500|1525744100
PUT 7826 782600|3594041438
PUT 7827 782700|458281719
PUT 7828 782800|3375138662
PUT 7829 782900|71626191
PUT 7830 783000|3139288653
PUT 7831 783100|1987433700
PUT 7832 783200|4206652766
PUT 7833 783300|936642551
PUT 7834 783400|945690731
PUT 7835 783500|4113986242
PUT 7836 783600|2046806904
PUT 7837 783700|3029836241
PUT 7838 783800|1726739520
PUT 7839 783900|2877529833
PUT 7840 784000|1118563133
PUT 7841 784100|2411954580
PUT 7842 784200|51001390
PUT 7843 784300|3462550151
PUT 7844 784400|3253226779
PUT 7845 784500|209725362
PUT 7846 784600|2152308232
PUT 7847 784700|1294070945
PUT 7848 784800|2673713456
PUT 7849 784900|1379257241
PUT 7850 785000|3983317019
PUT 7851 785100|537195186
PUT 7852 785200|2899135240
PUT 7853 785300|1638212001
PUT 7854 785400|1848589885
PUT 7855 785500|2739360916
PUT 7856 785600|797895982
PUT 7857 785700|3806758791
PUT 7858 785800|815452694
PUT 7859 785900|4260542655
PUT 7860 786000|3327396656
PUT 7861 786100|188506521
PUT 7862 786200|2281035811
PUT 7863 786300|1251848842
PUT 7864 786400|1159179542
PUT 7865 786500|2290075583
PUT 7866 786600|79068677
PUT 7867 786700|3386774700
PUT 7868 786800|463618365
PUT 7869 786900|3603573652
PUT 7870 787000|1771272214
PUT 7871 787100|2767917759
PUT 7872 787200|674409221
PUT 7873 787300|3847930284
PUT 7874 787400|3939556912
PUT 7875 787500|666416281
PUT 7876 787600|2876312867
PUT 7877 787700|1712940938
PUT 7878 787800|3026530843
PUT 7879 787900|2030917810
PUT 7880 788000|3997804433
PUT 7881 788100|589417784
PUT 7882 788200|2951246978
PUT 7883 788300|1652563499
PUT 7884 788400|1829372343
PUT 7885 788500|2690804510
PUT 7886 788600|749458084
PUT 7887 788700|3787700237
PUT 7888 788800|868216220
PUT 7889 788900|4275537717
PUT 7890 789000|1099879607
PUT 7891 789100|2363932190
PUT 7892 789200|3082148
PUT 7893 789300|3444010253
PUT 7894 789400|3268244113
PUT 7895 789500|262477880
PUT 7896 789600|2204934530
PUT 7897 789700|1308937003
PUT 7898 789800|2625150650
PUT 7899 789900|1360065555
PUT 7900 790000|1116172264
PUT 7901 790100|2414806337
PUT 7902 790200|52870395
PUT 7903 790300|3461273170
PUT 7904 790400|3250899406
PUT 7905 790500|212640615
PUT 7906 790600|2154109661
PUT 7907 790700|1292726388
PUT 7908 790800|2674992613
PUT 7909 790900|1377390412
PUT 7910 791000|3980401870
PUT 7911 791100|539522663
PUT 7912 791200|2900479965
PUT 7913 791300|1636410740
PUT 7914 791400|1845738216
PUT 7915 791500|2741751873
PUT 7916 791600|799173115
PUT 7917 791700|3804889938
PUT 7918 791800|817256131
PUT 7919 791900|4259200106
PUT 7920 792000|3329789925
PUT 7921 792100|185656652
PUT 7922 792200|2279169270
PUT 7923 792300|1253127775
PUT 7924 792400|1161505219
PUT 7925 792500|2287158122
PUT 7926 792600|77265616
PUT 7927 792700|3388117113
PUT 7928 792800|462341608
PUT 7929 792900|3605442369
PUT 7930 793000|1774189763
PUT 7931 793100|2765592170
PUT 7932 793200|673066960
PUT 7933 793300|3849733497
PUT 7934 793400|3942406885
PUT 7935 793500|664023116
PUT 7936 793600|2875034102
PUT 7937 793700|1714807647
PUT 7938 793800|3024729806
PUT 7939 793900|2032262247
PUT 7940 794000|2416552371
PUT 7941 794100|1566688026
PUT 7942 794200|3517479584
PUT 7943 794300|482349065
PUT 7944 794400|323620757
PUT 7945 794500|3726796092
PUT 7946 794600|1391189126
PUT 7947 794700|2676209199
PUT 7948 794800|1308615614
PUT 7949 794900|2157414679
PUT 7950 795000|1070520981
PUT 7951 795100|4071010364
PUT 7952 795200|2121206150
PUT 7953 795300|3003605807
PUT 7954 795400|3163389107
PUT 7955 795500|1910838810
PUT 7956 795600|4247564192
PUT 7957 795700|809813257
PUT 7958 795800|3795357848
PUT 7959 795900|793836081
PUT 7960 796000|351685054
PUT 7961 796100|3651019543
PUT 7962 796200|1431804589
PUT 7963 796300|2554327044
PUT 7964 796400|2545282968
PUT 7965 796500|1524466993
PUT 7966 796600|3591650443
PUT 7967 796700|461133346
PUT 7968 796800|3372221363
PUT 7969 796900|73951514
PUT 7970 797000|3140565656
PUT 7971 797100|1985564721
PUT 7972 797200|4203800971
PUT 7973 797300|939033378
PUT 7974 797400|947035326
PUT 7975 797500|4112184855
PUT 7976 797600|2043891629
PUT 7977 797700|3032163588
PUT 7978 797800|1724346517
PUT 7979 797900|2880379452
PUT 7980 798000|1022092575
PUT 7981 798100|4051931062
PUT 7982 798200|2102015500
PUT 7983 798300|2955041957
PUT 7984 798400|3215475513
PUT 7985 798500|1925196176
PUT 7986 798600|4262039594
PUT 7987 798700|862059139
PUT 7988 798800|3776818962
PUT 7989 798900|745915835
PUT 7990 799000|2469172793
PUT 7991 799100|1581579408
PUT 7992 799200|3532473642
PUT 7993 799300|535113603
PUT 7994 799400|275722271
PUT 7995 799500|3708246710
PUT 7996 799600|1372513036
PUT 7997 799700|2628159909
PUT 7998 799800|1322966068
PUT 7999 799900|2209527453
PUT 8000 800000|3509346368
PUT 8001 800100|474221289
PUT 8002 800200|2425205587
PUT 8003 800300|1575344634
PUT 8004 800400|1383056998
PUT 8005 800500|2668080335
PUT 8006 800600|332273013
PUT 8007 800700|3735453660
PUT 8008 800800|215624269
PUT 8009 800900|3249684708
PUT 8010 801000|2129335142
PUT 8011 801100|3011738063
PUT 8012 801200|1061863541
PUT 8013 801300|4062358236
PUT 8014 801400|4255692096
PUT 8015 801500|817946601
PUT 8016 801600|3154732627
PUT 8017 801700|1902185722
PUT 8018 801800|2736609643
PUT 8019 801900|1853174722
PUT 8020 802000|1439924301
PUT 8021 802100|2562452196
PUT 8022 802200|343036766
PUT 8023 802300|3642374647
PUT 8024 802400|3599771243
PUT 8025 802500|469257410
PUT 8026 802600|2536633720
PUT 8027 802700|1515823057
PUT 8028 802800|2284177984
PUT 8029 802900|1162715369
PUT 8030 803000|4195677035
PUT 8031 803100|930912706
PUT 8032 803200|3149209720
PUT 8033 803300|1994214097
PUT 8034 803400|2035766605
PUT 8035 803500|3024044004
PUT 8036 803600|955680350
PUT 8037 803700|4120833271
PUT 8038 803800|669170022
PUT 8039 803900|3934966735
PUT 8040 804000|60991003
PUT 8041 804100|3469397170
PUT 8042 804200|1107522824
PUT 8043 804300|2406162337
PUT 8044 804400|2162229309
PUT 8045 804500|1300851348
PUT 8046 804600|3242251054
PUT 8047 804700|203995527
PUT 8048 804800|3730107414
PUT 8049 804900|322733759
PUT 8050 805000|2892354877
PUT 8051 805100|1628290964
PUT 8052 805200|3989046830
PUT 8053 805300|548170887
PUT 8054 805400|791048987
PUT 8055 805500|3796769202
PUT 8056 805600|1854382088
PUT 8057 805700|2750401185
PUT 8058 805800|1905499952
PUT 8059 805900|3170629017
PUT 8060 806000|2271036950
PUT 8061 806100|1244998847
PUT 8062 806200|3338441989
PUT 8063 806300|194314156
PUT 8064 806400|69132336
PUT 8065 806500|3379989145
PUT 8066 806600|1170158371
PUT 8067 806700|2295814538
PUT 8068 806800|1521159195
PUT 8069 806900|2546165426
PUT 8070 807000|681194800
PUT 8071 807100|3857866649
PUT 8072 807200|1765533219
PUT 8073 807300|2756938890
PUT 8074 807400|2883162902
PUT 8075 807500|1722939839
PUT 8076 807600|3933749253
PUT 8077 807700|655370924
PUT 8078 807800|4117528381
PUT 8079 807900|939791764
PUT 8080 808000|2940267191
PUT 8081 808100|1646821406
PUT 8082 808200|4007737764
PUT 8083 808300|596202253
PUT 8084 808400|738413713
PUT 8085 808500|3781895736
PUT 8086 808600|1839374210
PUT 8087 808700|2697655595
PUT 8088 808800|1924571322
PUT 8089 808900|3219048979
PUT 8090 809000|8886673
PUT 8091 809100|3455054648
PUT 8092 809200|1093028482
PUT 8093 809300|2353930283
PUT 8094 809400|2210676663
PUT 8095 809500|1319916830
PUT 8096 809600|3261459620
PUT 8097 809700|252544525
PUT 8098 809800|3715224476
PUT 8099 809900|270121269
PUT 8100 810000|59646670
PUT 8101 810100|3471198311
PUT 8102 810200|1110438365
PUT 8103 810300|2403834740
PUT 8104 810400|2160952552
PUT 8105 810500|1302720065
PUT 8106 810600|3245103099
PUT 8107 810700|201604434
PUT 8108 810800|3732433091
PUT 8109 810900|319816298
PUT 8110 811000|2890486248
PUT 8111 811100|1629567809
PUT 8112 811200|3991438075
PUT 8113 811300|545318994
PUT 8114 811400|789247950
PUT 8115 811500|3798113639
PUT 8116 811600|1856709853
PUT 8117 811700|2747485812
PUT 8118 811800|1908349925
PUT 8119 811900|3168235852
PUT 8120 812000|2272379587
PUT 8121 812100|1243195498
PUT 8122 812200|3335524816
PUT 8123 812300|196639609
PUT 8124 812400|70411493
PUT 8125 812500|3378122316
PUT 8126 812600|1167308790
PUT 8127 812700|2298207583
PUT 8128 812800|1518831822
PUT 8129 812900|2549080679
PUT 8130 813000|683061733
PUT 8131 813100|3856587596
PUT 8132 813200|1763140342
PUT 8133 813300|2759788639
PUT 8134 813400|2884966339
PUT 8135 813500|1721597290
PUT 8136 813600|3931423952
PUT 8137 813700|658288249
PUT 8138 813800|4114676712
PUT 8139 813900|942182721
PUT 8140 814000|3506496661
PUT 8141 814100|476614204
PUT 8142 814200|2426484614
PUT 8143 814300|1573477679
PUT 8144 814400|1380139699
PUT 8145 814500|2670405658
PUT 8146 814600|333615520
PUT 8147 814700|3733650185
PUT 8148 814800|217493144
PUT 8149 814900|3248407601
PUT 8150 815000|2127009715
PUT 8151 815100|3014655258
PUT 8152 815200|1063666848
PUT 8153 815300|4061015561
PUT 8154 815400|4253299093
PUT 8155 815500|820796220
PUT 8156 815600|3156599430
PUT 8157 815700|1900906543
PUT 8158 815800|2737954238
PUT 8159 815900|1851373335
PUT 8160 816000|1442776216
PUT 8161 816100|2560060977
PUT 8162 816200|341759883
PUT 8163 816300|3644243234
PUT 8164 816400|3602686654
PUT 8165 816500|466929687
PUT 8166 816600|2535289261
PUT 8167 816700|1517624068
PUT 8168 816800|2282311317
PUT 8169 816900|1163994172
PUT 8170 817000|4198004670
PUT 8171 817100|927997207
PUT 8172 817200|3147408557
PUT 8173 817300|1995558404
PUT 8174 817400|2038157720
PUT 8175 817500|3021191985
PUT 8176 817600|953811595
PUT 8177 817700|4122109986
PUT 8178 817800|667827635
PUT 8179 817900|3936769818
PUT 8180 818000|2112006201
PUT 8181 818100|2961883792
PUT 8182 818200|1011055402
PUT 8183 818300|4046131587
PUT 8184 818400|4271967775
PUT 8185 818500|868836534
PUT 8186 818600|3204504844
PUT 8187 818700|1919465381
PUT 8188 818800|2685723188
PUT 8189 818900|1836877981
PUT 8190 819000|3525696287
PUT 8191 819100|525185462
PUT 8192 819200|2474903564
PUT 8193 819300|1592550053
PUT 8194 819400|1365671225
PUT 8195 819500|2618169232
PUT 8196 819600|281521706
PUT 8197 819700|3719283843
PUT 8198 819800|265523474
PUT 8199 819900|3267099579
PUT 8200 820000|2937709341
PUT 8201 820100|1651607988
PUT 8202 820200|4005048334
PUT 8203 820300|600857255
PUT 8204 820400|744113467
PUT 8205 820500|3778162578
PUT 8206 820600|1845204520
PUT 8207 820700|2694052993
PUT 8208 820800|1928309008
PUT 8209 820900|3213345721
PUT 8210 821000|14585915
PUT 8211 821100|3451320978
PUT 8212 821200|1098859304
PUT 8213 821300|2350328193
PUT 8214 821400|2208118301
PUT 8215 821500|1324702900
PUT 8216 821600|3258770702
PUT 8217 821700|257200039
PUT 8218 821800|3710442038
PUT 8219 821900|272674975
PUT 8220 822000|736494352
PUT 8221 822100|3868092857
PUT 8222 822200|1783091203
PUT 8223 822300|2804923050
PUT 8224 822400|2829428022
PUT 8225 822500|1707986847
PUT 8226 822600|3909383717
PUT 8227 822700|611064972
PUT 8228 822800|4128262429
PUT 8229 822900|997729204
PUT 8230 823000|2216783926
PUT 8231 823100|1229527711
PUT 8232 823200|3313541925
PUT 8233 823300|149473676
PUT 8234 823400|123917840
PUT 8235 823500|3389701305
PUT 8236 823600|1187185923
PUT 8237 823700|2343268266
PUT 8238 823800|1507277371
PUT 8239 823900|2495565970
PUT 8240 824000|2107057478
PUT 8241 824100|2969522159
PUT 8242 824200|1010234965
PUT 8243 824300|4049509628
PUT 8244 824400|4275340128
PUT 8245 824500|868018633
PUT 8246 824600|3212136563
PUT 8247 824700|1914518234
PUT 8248 824800|2690740043
PUT 8249 824900|1829307874
PUT 8250 825000|3528480352
PUT 8251 825100|523779273
PUT 8252 825200|2482079091
PUT 8253 825300|1587146714
PUT 8254 825400|1360261190
PUT 8255 825500|2625346287
PUT 8256 825600|280109909
PUT 8257 825700|3722070524
PUT 8258 825800|262544493
PUT 8259 825900|3268310724
PUT 8260 826000|4184393035
PUT 8261 826100|872460258
PUT 8262 826200|3100186200
PUT 8263 826300|1973517553
PUT 8264 826400|2049663853
PUT 8265 826500|3074623940
PUT 8266 826600|998944894
PUT 8267 826700|4142062295
PUT 8268 826800|614371142
PUT 8269 826900|3925272047
PUT 8270 827000|1454356077
PUT 8271 827100|2613566660
PUT 8272 827200|386819454
PUT 8273 827300|3664121815
PUT 8274 827400|3589017675
PUT 8275 827500|411335394
PUT 8276 827600|2488124248
PUT 8277 827700|1495640561
PUT 8278 827800|2337930336
PUT 8279 827900|1177654985
PUT 8280 828000|3514132970
PUT 8281 828100|471663427
PUT 8282 828200|2429860601
PUT 8283 828300|1572655184
PUT 8284 828400|1379323852
PUT 8285 828500|2673780069
PUT 8286 828600|328670431
PUT 8287 828700|3741283958
PUT 8288 828800|209920999
PUT 8289 828900|3253422414
PUT 8290 829000|2125601484
PUT 8291 829100|3017437285
PUT 8292 829200|1058261471
PUT 8293 829300|4068189046
PUT 8294 829400|4260478186
PUT 8295 829500|815388227
PUT 8296 829600|3159388153
PUT 8297 829700|1899496784
PUT 8298 829800|2739163329
PUT 8299 829900|1848392296
PUT 8300 830000|2109448595
PUT 8301 830100|2966670138
PUT 8302 830200|1008366208
PUT 8303 830300|4050786345
PUT 8304 830400|4277667765
PUT 8305 830500|865103132
PUT 8306 830600|3210335398
PUT 8307 830700|1915862543
PUT 8308 830800|2689461150
PUT 8309 830900|1831174455
PUT 8310 831000|3531395765
PUT 8311 831100|521451548
PUT 8312 831200|2480734630
PUT 8313 831300|1588947727
PUT 8314 831400|1363113107
PUT 8315 831500|2622955066
PUT 8316 831600|278833024
PUT 8317 831700|3723939113
PUT 8318 831800|260741304
PUT 8319 831900|3269653009
PUT 8320 832000|4182000030
PUT 8321 832100|875309879
PUT 8322 832200|3102053005
PUT 8323 832300|1972238372
PUT 8324 832400|2047338424
PUT 8325 832500|3077541137
PUT 8326 832600|1000748203
PUT 8327 832700|4140719618
PUT 8328 832800|615648147
PUT 8329 832900|3923403066
PUT 8330 833000|1451438776
PUT 8331 833100|2615891985
PUT 8332 833200|388161963
PUT 8333 833300|3662318338
PUT 8334 833400|3586167966
PUT 8335 833500|413728311
PUT 8336 833600|2489403277
PUT 8337 833700|1493773604
PUT 8338 833800|2339731637
PUT 8339 833900|1176310300
PUT 8340 834000|2939512776
PUT 8341 834100|1650265441
PUT 8342 834200|4002723035
PUT 8343 834300|603774578
PUT 8344 834400|745980398
PUT 8345 834500|3776883527
PUT 8346 834600|1842811645
PUT 8347 834700|2696902740
PUT 8348 834800|1925393861
PUT 8349 834900|3215673196
PUT 8350 835000|15865070
PUT 8351 835100|3449454151
PUT 8352 835200|1096009725
PUT 8353 835300|2352721236
PUT 8354 835400|2209460936
PUT 8355 835500|1322899553
PUT 8356 835600|3255853531
PUT 8357 835700|259525490
PUT 8358 835800|3708051171
PUT 8359 835900|275526730
PUT 8360 836000|734693317
PUT 8361 836100|3869437292
PUT 8362 836200|1785418966
PUT 8363 836300|2802007679
PUT 8364 836400|2827559395
PUT 8365 836500|1709263690
PUT 8366 836600|3911774960
PUT 8367 836700|608213081
PUT 8368 836800|4131179976
PUT 8369 836900|995403617
PUT 8370 837000|2215507171
PUT 8371 837100|1231396426
PUT 8372 837200|3316393968
PUT 8373 837300|147082585
PUT 8374 837400|122573509
PUT 8375 837500|3391502444
PUT 8376 837600|1190101462
PUT 8377 837700|2340940671
PUT 8378 837800|1509670638
PUT 8379 837900|2492716103
PUT 8380 838000|64432996
PUT 8381 838100|3468640717
PUT 8382 838200|1115093111
PUT 8383 838300|2401145566
PUT 8384 838400|2157219138
PUT 8385 838500|1308420075
PUT 8386 838600|3241500241
PUT 8387 838700|207435000
PUT 8388 838800|3726729577
PUT 8389 838900|323554240
PUT 8390 839000|2886752322
PUT 8391 839100|1635267307
PUT 8392 839200|3987835729
PUT 8393 839300|551150072
PUT 8394 839400|794033764
PUT 8395 839500|3795555533
PUT 8396 839600|1861365111
PUT 8397 839700|2744797150
PUT 8398 839800|1910903375
PUT 8399 839900|3163453670
PUT 8400 840000|759654138
PUT 8401 840100|3761179731
PUT 8402 840200|1827059177
PUT 8403 840300|2710495040
PUT 8404 840400|2919547100
PUT 8405 840500|1668065909
PUT 8406 840600|4020573135
PUT 8407 840700|583891302
PUT 8408 840800|4038143223
PUT 8409 840900|1037649502
PUT 8410 841000|2189432284
PUT 8411 841100|1340637045
PUT 8412 841200|3273770703
PUT 8413 841300|239709286
PUT 8414 841400|29602810
PUT 8415 841500|3433814355
PUT 8416 841600|1080189161
PUT 8417 841700|2366245440
PUT 8418 841800|1601593297
PUT 8419 841900|2451453304
PUT 8420 842000|2847442679
PUT 8421 842100|1691413598
PUT 8422 842200|3893974500
PUT 8423 842300|628178765
PUT 8424 842400|721101009
PUT 8425 842500|3885189752
PUT 8426 842600|1801122754
PUT 8427 842700|2788333931
PUT 8428 842800|1951321338
PUT 8429 842900|3106317907
PUT 8430 843000|109049297
PUT 8431 843100|3407323000
PUT 8432 843200|1205741250
PUT 8433 843300|2327202923
PUT 8434 843400|2235323383
PUT 8435 843500|1213479262
PUT 8436 843600|3298656484
PUT 8437 843700|167111245
PUT 8438 843800|3683237852
PUT 8439 843900|383898997
PUT 8440 844000|4291403937
PUT 8441 844100|849463816
PUT 8442 844200|3194516402
PUT 8443 844300|1929386267
PUT 8444 844400|2089420423
PUT 8445 844500|2984406062
PUT 8446 844600|1026282900
PUT 8447 844700|4030971709
PUT 8448 844800|574614188
PUT 8449 844900|4015489029
PUT 8450 845000|1343148935
PUT 8451 845100|2640754990
PUT 8452 845200|296681620
PUT 8453 845300|3704056381
PUT 8454 845400|3545068961
PUT 8455 845500|505749256
PUT 8456 845600|2464982706
PUT 8457 845700|1602538523
PUT 8458 845800|2381879690
PUT 8459 845900|1083241251
PUT 8460 846000|2067153068
PUT 8461 846100|3059624453
PUT 8462 846200|983012287
PUT 8463 846300|4160747798
PUT 8464 846400|4168476298
PUT 8465 846500|891128867
PUT 8466 846600|3117692313
PUT 8467 846700|1958502192
PUT 8468 846800|2797603489
PUT 8469 846900|1806196744
PUT 8470 847000|3572577162
PUT 8471 847100|429480227
PUT 8472 847200|2505105561
PUT 8473 847300|1480100400
PUT 8474 847400|1471321516
PUT 8475 847500|2598043397
PUT 8476 847600|370362047
PUT 8477 847700|3682282518
PUT 8478 847800|151484807
PUT 8479 847900|3295613742
PUT 8480 848000|1395387405
PUT 8481 848100|2655225508
PUT 8482 848200|311050014
PUT 8483 848300|3756152247
PUT 8484 848400|3496495659
PUT 8485 848500|486547586
PUT 8486 848600|2445908280
PUT 8487 848700|1554117521
PUT 8488 848800|2396890624
PUT 8489 848900|1135987881
PUT 8490 849000|4243365675
PUT 8491 849100|830797186
PUT 8492 849200|3175959608
PUT 8493 849300|1881482897
PUT 8494 849400|2142189837
PUT 8495 849500|2999407524
PUT 8496 849600|1041164830
PUT 8497 849700|4083581111
PUT 8498 849800|555406630
PUT 8499 849900|3966943119
PUT 8500 850000|4293207156
PUT 8501 850100|848121565
PUT 8502 850200|3192190823
PUT 8503 850300|1932303822
PUT 8504 850400|2091287122
PUT 8505 850500|2983127291
PUT 8506 850600|1023889729
PUT 8507 850700|4033821672
PUT 8508 850800|571698809
PUT 8509 850900|4017816784
PUT 8510 851000|1344427858
PUT 8511 851100|2638888443
PUT 8512 851200|293831745
PUT 8513 851300|3706449640
PUT 8514 851400|3546411380
PUT 8515 851500|503946205
PUT 8516 851600|2462065255
PUT 8517 851700|1604864206
PUT 8518 851800|2379488607
PUT 8519 851900|1086093302
PUT 8520 852000|2065351801
PUT 8521 852100|3060969168
PUT 8522 852200|985339754
PUT 8523 852300|4157832643
PUT 8524 852400|4166607455
PUT 8525 852500|892406006
PUT 8526 852600|3120083276
PUT 8527 852700|1955650533
PUT 8528 852800|2800520820
PUT 8529 852900|1803871453
PUT 8530 853000|3571300191
PUT 8531 853100|431349238
PUT 8532 853200|2507957324
PUT 8533 853300|1477709541
PUT 8534 853400|1469976953
PUT 8535 853500|2599844816
PUT 8536 853600|373277290
PUT 8537 853700|3679955139
PUT 8538 853800|153877842
PUT 8539 853900|3292764155
PUT 8540 854000|762044975
PUT 8541 854100|3758327942
PUT 8542 854200|1825190204
PUT 8543 854300|2711772053
PUT 8544 854400|2921874441
PUT 8545 854500|1665150624
PUT 8546 854600|4018771738
PUT 8547 854700|585235891
PUT 8548 854800|4036864034
PUT 8549 854900|1039516299
PUT 8550 855000|2192347401
PUT 8551 855100|1338309536
PUT 8552 855200|3272426010
PUT 8553 855300|241510579
PUT 8554 855400|32454447
PUT 8555 855500|3431423366
PUT 8556 855600|1078912060
PUT 8557 855700|2368114325
PUT 8558 855800|1599789828
PUT 8559 855900|2452795821
PUT 8560 856000|2845049378
PUT 8561 856100|1694263435
PUT 8562 856200|3895841073
PUT 8563 856300|626899864
PUT 8564 856400|718775300
PUT 8565 856500|3888107181
PUT 8566 856600|1802925847
PUT 8567 856700|2786991550
PUT 8568 856800|1952598063
PUT 8569 856900|3104449158
PUT 8570 857000|106131716
PUT 8571 857100|3409648557
PUT 8572 857200|1207083543
PUT 8573 857300|2325399742
PUT 8574 857400|2232473378
PUT 8575 857500|1215872395
PUT 8576 857600|3299935281
PUT 8577 857700|165244568
PUT 8578 857800|3685038857
PUT 8579 857900|382554528
PUT 8580 858000|2173283971
PUT 8581 858100|1289864234
PUT 8582 858200|3223879056
PUT 8583 858300|222304057
PUT 8584 858400|46794917
PUT 8585 858500|3483525644
PUT 8586 858600|1131142070
PUT 8587 858700|2382606623
PUT 8588 858800|1551885454
PUT 8589 858900|2434240039
PUT 8590 859000|776920485
PUT 8591 859100|3810965260
PUT 8592 859200|1877937846
PUT 8593 859300|2726781983
PUT 8594 859400|2903341955
PUT 8595 859500|1617236266
PUT 8596 859600|3970738320
PUT 8597 859700|566542905
PUT 8598 859800|4088960936
PUT 8599 859900|1053883649
PUT 8600 860000|1400038823
PUT 8601 860100|2652540686
PUT 8602 860200|315831988
PUT 8603 860300|3753597981
PUT 8604 860400|3492889473
PUT 8605 860500|492382504
PUT 8606 860600|2442170514
PUT 8607 860700|1559820859
PUT 8608 860800|2391060394
PUT 8609 860900|1139590403
PUT 8610 861000|4239758977
PUT 8611 861100|836631592
PUT 8612 861200|3172222354
PUT 8613 861300|1887186747
PUT 8614 861400|2146840743
PUT 8615 861500|2996722190
PUT 8616 861600|1045947316
PUT 8617 861700|4081027357
PUT 8618 861800|558095500
PUT 8619 861900|3962287653
PUT 8620 862000|3616343466
PUT 8621 862100|451243779
PUT 8622 862200|2519520953
PUT 8623 862300|1531231248
PUT 8624 862400|1422828428
PUT 8625 862500|2577844517
PUT 8626 862600|359624863
PUT 8627 862700|3624344118
PUT 8628 862800|175853479
PUT 8629 862900|3339920654
PUT 8630 863000|2018145932
PUT 8631 863100|3038911525
PUT 8632 863200|971744671
PUT 8633 863300|4102278966
PUT 8634 863400|4211724458
PUT 8635 863500|912374275
PUT 8636 863600|3131573177
PUT 8637 863700|2009098512
PUT 8638 863800|2780576897
PUT 8639 863900|1758746152
PUT 8640 864000|2180785148
PUT 8641 864100|1284786517
PUT 8642 864200|3227381999
PUT 8643 864300|221616710
PUT 8644 864400|46106074
PUT 8645 864500|3487035251
PUT 8646 864600|1126061769
PUT 8647 864700|2390113376
PUT 8648 864800|1544186353
PUT 8649 864900|2439119704
PUT 8650 865000|775639258
PUT 8651 865100|3813882483
PUT 8652 865200|1872397257
PUT 8653 865300|2733828448
PUT 8654 865400|2910385916
PUT 8655 865500|1611701333
PUT 8656 865600|3973653999
PUT 8657 865700|565268294
PUT 8658 865800|4090305239
PUT 8659 865900|1051029630
PUT 8660 866000|84132849
PUT 8661 866100|3362498904
PUT 8662 866200|1151471842
PUT 8663 866300|2311748171
PUT 8664 866400|2252367319
PUT 8665 866500|1260916606
PUT 8666 866600|3353458372
PUT 8667 866700|176807021
PUT 8668 866800|3639970300
PUT 8669 866900|362668885
PUT 8670 867000|2865017047
PUT 8671 867100|1739381374
PUT 8672 867200|3949290436
PUT 8673 867300|638388589
PUT 8674 867400|696719089
PUT 8675 867500|3840900184
PUT 8676 867600|1747371490
PUT 8677 867700|2773397323
PUT 8678 867800|1999829722
PUT 8679 867900|3126497395
PUT 8680 868000|756969296
PUT 8681 868100|3765831161
PUT 8682 868200|1824504899
PUT 8683 868300|2715277034
PUT 8684 868400|2925382006
PUT 8685 868500|1664459743
PUT 8686 868600|4026276453
PUT 8687 868700|580153548
PUT 8688 868800|4041745757
PUT 8689 868900|1031819252
PUT 8690 869000|2195266678
PUT 8691 869100|1337030367
PUT 8692 869200|3279474533
PUT 8693 869300|235972044
PUT 8694 869400|26917456
PUT 8695 869500|3438465273
PUT 8696 869600|1077635395
PUT 8697 869700|2371027946
PUT 8698 869800|1596937851
PUT 8699 869900|2454142162
PUT 8700 870000|2177935145
PUT 8701 870100|1287179648
PUT 8702 870200|3228660794
PUT 8703 870300|219750035
PUT 8704 870400|43188495
PUT 8705 870500|3489360806
PUT 8706 870600|1127404060
PUT 8707 870700|2388310197
PUT 8708 870800|1546054948
PUT 8709 870900|2437842829
PUT 8710 871000|773313551
PUT 8711 871100|3816799910
PUT 8712 871200|1874200348
PUT 8713 871300|2732486069
PUT 8714 871400|2907992617
PUT 8715 871500|1614551168
PUT 8716 871600|3975520570
PUT 8717 871700|563989395
PUT 8718 871800|4091649538
PUT 8719 871900|1049228459
PUT 8720 872000|86984484
PUT 8721 872100|3360107917
PUT 8722 872200|1150194743
PUT 8723 872300|2313617054
PUT 8724 872400|2255282434
PUT 8725 872500|1258589099
PUT 8726 872600|3352113681
PUT 8727 872700|178608312
PUT 8728 872800|3638103337
PUT 8729 872900|363947904
PUT 8730 873000|2867344386
PUT 8731 873100|1736466091
PUT 8732 873200|3947489041
PUT 8733 873300|639733176
PUT 8734 873400|699109924
PUT 8735 873500|3838048397
PUT 8736 873600|1745502519
PUT 8737 873700|2774674334
PUT 8738 873800|1998487055
PUT 8739 873900|3128300710
PUT 8740 874000|1398694258
PUT 8741 874100|2654342107
PUT 8742 874200|318747233
PUT 8743 874300|3751270600
PUT 8744 874400|3491612500
PUT 8745 874500|494251517
PUT 8746 874600|2445022279
PUT 8747 874700|1557429998
PUT 8748 874800|2393385855
PUT 8749 874900|1136673238
PUT 8750 875000|4237890132
PUT 8751 875100|837908733
PUT 8752 875200|3174613319
PUT 8753 875300|1884335086
PUT 8754 875400|2145039474
PUT 8755 875500|2998066907
PUT 8756 875600|1048274785
PUT 8757 875700|4078112200
PUT 8758 875800|560945241
PUT 8759 875900|3959894768
PUT 8760 876000|3617685887
PUT 8761 876100|449440726
PUT 8762 876200|2516603500
PUT 8763 876300|1533556933
PUT 8764 876400|1424107353
PUT 8765 876500|2575977968
PUT 8766 876600|356774986
PUT 8767 876700|3626737379
PUT 8768 876800|173525874
PUT 8769 876900|3342836187
PUT 8770 877000|2020012633
PUT 8771 877100|3037632752
PUT 8772 877200|969351498
PUT 8773 877300|4105128931
PUT 8774 877400|4213527679
PUT 8775 877500|911032022
PUT 8776 877600|3129247596
PUT 8777 877700|2012016069
PUT 8778 877800|2777725012
PUT 8779 877900|1761137405
PUT 8780 878000|4290522590
PUT 8781 878100|852772727
PUT 8782 878200|3189636813
PUT 8783 878300|1937085540
PUT 8784 878400|2097122296
PUT 8785 878500|2979520849
PUT 8786 878600|1029593323
PUT 8787 878700|4030083650
PUT 8788 878800|575301587
PUT 8789 878900|4011986298
PUT 8790 879000|1350262520
PUT 8791 879100|2635281489
PUT 8792 879200|299535851
PUT 8793 879300|3702712130
PUT 8794 879400|3543726302
PUT 8795 879500|508596855
PUT 8796 879600|2459511757
PUT 8797 879700|1609646436
PUT 8798 879800|2374833397
PUT 8799 879900|1088781916
PUT 8800 880000|4069223285
PUT 8801 880100|1071841756
PUT 8802 880200|3005921382
PUT 8803 880300|2118308559
PUT 8804 880400|1908985171
PUT 8805 880500|3164645370
PUT 8806 880600|812195392
PUT 8807 880700|4244731113
PUT 8808 880800|796729720
PUT 8809 880900|3793046481
PUT 8810 881000|1565268051
PUT 8811 881100|2418307834
PUT 8812 881200|485346112
PUT 8813 881300|3515195881
PUT 8814 881400|3725573749
PUT 8815 881500|325571804
PUT 8816 881600|2679008614
PUT 8817 881700|1388709839
PUT 8818 881800|2159694430
PUT 8819 881900|1305622775
PUT 8820 882000|1987349368
PUT 8821 882100|3139232209
PUT 8822 882200|936728683
PUT 8823 882300|4206703298
PUT 8824 882400|4114034014
PUT 8825 882500|945768439
PUT 8826 882600|3029794381
PUT 8827 882700|2046727396
PUT 8828 882800|2877473141
PUT 8829 882900|1726655452
PUT 8830 883000|3652450398
PUT 8831 883100|349934327
PUT 8832 883200|2551327565
PUT 8833 883300|1434075620
PUT 8834 883400|1525702264
PUT 8835 883500|2543334609
PUT 8836 883600|458329451
PUT 8837 883700|3594119106
PUT 8838 883800|71676499
PUT 8839 883900|3375225082
PUT 8840 884000|537242926
PUT 8841 884100|3983394695
PUT 8842 884200|1638170173
PUT 8843 884300|2899055764
PUT 8844 884400|2739276552
PUT 8845 884500|1848533409
PUT 8846 884600|3806844955
PUT 8847 884700|797946546
PUT 8848 884800|4260620067
PUT 8849 884900|815500682
PUT 8850 885000|2411912712
PUT 8851 885100|1118483617
PUT 8852 885200|3462597915
PUT 8853 885300|51079090
PUT 8854 885400|209811502
PUT 8855 885500|3253277319
PUT 8856 885600|1293986621
PUT 8857 885700|2152251796
PUT 8858 885800|1379177477
PUT 8859 885900|2673671852
PUT 8860 886000|2767867171
PUT 8861 886100|1771186058
PUT 8862 886200|3847986736
PUT 8863 886300|674493593
PUT 8864 886400|666495749
PUT 8865 886500|3939598764
PUT 8866 886600|1712863254
PUT 8867 886700|2876265151
PUT 8868 886800|2030831406
PUT 8869 886900|3026480519
PUT 8870 887000|188562949
PUT 8871 887100|3327481004
PUT 8872 887200|1251798294
PUT 8873 887300|2280949695
PUT 8874 887400|2289997859
PUT 8875 887500|1159131786
PUT 8876 887600|3386854192
PUT 8877 887700|79110553
PUT 8878 887800|3603657736
PUT 8879 887900|463675041
PUT 8880 888000|2364006786
PUT 8881 888100|1099926315
PUT 8882 888200|3443929745
PUT 8883 888300|3037240
PUT 8884 888400|262424484
PUT 8885 888500|3268160781
PUT 8886 888600|1308988599
PUT 8887 888700|2205023774
PUT 8888 888800|1360112527
PUT 8889 888900|2625224998
PUT 8890 889000|589337252
PUT 8891 889100|3997759501
PUT 8892 889200|1652638135
PUT 8893 889300|2951293726
PUT 8894 889400|2690856066
PUT 8895 889500|1829461547
PUT 8896 889600|3787646865
PUT 8897 889700|749374776
PUT 8898 889800|4275493033
PUT 8899 889900|868135424
PUT 8900 890000|539568635
PUT 8901 890100|3980477266
PUT 8902 890200|1636367080
PUT 8903 890300|2900398145
PUT 8904 890400|2741669853
PUT 8905 890500|1845683572
PUT 8906 890600|3804978382
PUT 8907 890700|799225447
PUT 8908 890800|4259275766
PUT 8909 890900|817301855
PUT 8910 891000|2414762717
PUT 8911 891100|1116090484
PUT 8912 891200|3461319118
PUT 8913 891300|52945767
PUT 8914 891400|212729083
PUT 8915 891500|3250951762
PUT 8916 891600|1292644328
PUT 8917 891700|2154054977
PUT 8918 891800|1377308880
PUT 8919 891900|2674948729
PUT 8920 892000|2765539830
PUT 8921 892100|1774101343
PUT 8922 892200|3849788133
PUT 8923 892300|673149004
PUT 8924 892400|664104912
PUT 8925 892500|3942450553
PUT 8926 892600|1714732227
PUT 8927 892700|2874988138
PUT 8928 892800|2032174075
PUT 8929 892900|3024677202
PUT 8930 893000|185711312
PUT 8931 893100|3329871993
PUT 8932 893200|1253075395
PUT 8933 893300|2279080810
PUT 8934 893400|2287082742
PUT 8935 893500|1161459295
PUT 8936 893600|3388198885
PUT 8937 893700|77309260
PUT 8938 893800|3605524701
PUT 8939 893900|462396020
PUT 8940 894000|4071092128
PUT 8941 894100|1070564617
PUT 8942 894200|3003530419
PUT 8943 894300|2121160218
PUT 8944 894400|1910786438
PUT 8945 894500|3163300655
PUT 8946 894600|809867925
PUT 8947 894700|4247646268
PUT 8948 894800|793879981
PUT 8949 894900|3795439364
PUT 8950 895000|1566612614
PUT 8951 895100|2416506415
PUT 8952 895200|482430869
PUT 8953 895300|3517523260
PUT 8954 895400|3726850720
PUT 8955 895500|323702793
PUT 8956 895600|2676156851
PUT 8957 895700|1391100698
PUT 8958 895800|2157368971
PUT 8959 895900|1308539938
PUT 8960 896000|1985482669
PUT 8961 896100|3140510980
PUT 8962 896200|939121854
PUT 8963 896300|4203853335
PUT 8964 896400|4112230795
PUT 8965 896500|947110690
PUT 8966 896600|3032119960
PUT 8967 896700|2043809841
PUT 8968 896800|2880325024
PUT 8969 896900|1724264201
PUT 8970 897000|3651107979
PUT 8971 897100|351737378
PUT 8972 897200|2554245016
PUT 8973 897300|1431749937
PUT 8974 897400|1524423341
PUT 8975 897500|2545201156
PUT 8976 897600|461179326
PUT 8977 897700|3591725847
PUT 8978 897800|74004102
PUT 8979 897900|3372309551
PUT 8980 898000|1581622028
PUT 8981 898100|2469251493
PUT 8982 898200|535064607
PUT 8983 898300|3532397238
PUT 8984 898400|3708159274
PUT 8985 898500|275672963
PUT 8986 898600|2628245049
PUT 8987 898700|1372568720
PUT 8988 898800|2209605889
PUT 8989 898900|1323008936
PUT 8990 899000|4051882026
PUT 8991 899100|1022016131
PUT 8992 899200|2955084601
PUT 8993 899300|2102094224
PUT 8994 899400|1925281292
PUT 8995 899500|3215531173
PUT 8996 899600|861971743
PUT 8997 899700|4261990326
PUT 8998 899800|745839143
PUT 8999 899900|3776770190
PUT 9000 900000|3690884133
PUT 9001 900100|378930828
PUT 9002 900200|2589966134
PUT 9003 900300|1463276959
PUT 9004 900400|1488833027
PUT 9005 900500|2513805482
PUT 9006 900600|421271824
PUT 9007 900700|3564401593
PUT 9008 900800|101197352
PUT 9009 900900|3412085889
PUT 9010 901000|1949900547
PUT 9011 901100|3109123498
PUT 9012 901200|899206160
PUT 9013 901300|4176520889
PUT 9014 901400|4152015141
PUT 9015 901500|974312332
PUT 9016 901600|3067832886
PUT 9017 901700|2075328671
PUT 9018 901800|2848937230
PUT 9019 901900|1688682407
PUT 9020 902000|1593936936
PUT 9021 902100|2456413825
PUT 9022 902200|513826619
PUT 9023 902300|3553113490
PUT 9024 902400|3695323662
PUT 9025 902500|287981735
PUT 9026 902600|2648963357
PUT 9027 902700|1351324596
PUT 9028 902800|2197276197
PUT 9029 902900|1335864460
PUT 9030 903000|4039573262
PUT 9031 903100|1034851751
PUT 9032 903200|2976328733
PUT 9033 903300|2081375924
PUT 9034 903400|1938118952
PUT 9035 903500|3203216257
PUT 9036 903600|841255483
PUT 9037 903700|4283228306
PUT 9038 903800|758166787
PUT 9039 903900|3763920810
PUT 9040 904000|158378622
PUT 9041 904100|3289956567
PUT 9042 904200|1221687661
PUT 9043 904300|2243498948
PUT 9044 904400|2318601304
PUT 9045 904500|1197172465
PUT 9046 904600|3415400267
PUT 9047 904700|117093858
PUT 9048 904800|3565609075
PUT 9049 904900|435063514
PUT 9050 905000|2797066584
PUT 9051 905100|1809822705
PUT 9052 905200|3876981323
PUT 9053 905300|712925410
PUT 9054 905400|636780414
PUT 9055 905500|3902543319
PUT 9056 905600|1683336301
PUT 9057 905700|2839398084
PUT 9058 905800|2067895125
PUT 9059 905900|3056204284
PUT 9060 906000|2374978163
PUT 9061 906100|1088889050
PUT 9062 906200|3425605984
PUT 9063 906300|21427145
PUT 9064 906400|248310869
PUT 9065 906500|3282339580
PUT 9066 906600|1332559686
PUT 9067 906700|2181387759
PUT 9068 906800|1350107262
PUT 9069 906900|2635164375
PUT 9070 907000|575158613
PUT 9071 907100|4011873276
PUT 9072 907200|1676274246
PUT 9073 907300|2927722735
PUT 9074 907400|2701893491
PUT 9075 907500|1818490330
PUT 9076 907600|3769257056
PUT 9077 907700|767698633
PUT 9078 907800|4290671448
PUT 9079 907900|852892145
PUT 9080 908000|2777867986
PUT 9081 908100|1761250427
PUT 9082 908200|3828561345
PUT 9083 908300|693854056
PUT 9084 908400|651247860
PUT 9085 908500|3954780765
PUT 9086 908600|1735431143
PUT 9087 908700|2853763406
PUT 9088 908800|2019863775
PUT 9089 908900|3037513334
PUT 9090 909000|173381108
PUT 9091 909100|3342729053
PUT 9092 909200|1274300135
PUT 9093 909300|2258381902
PUT 9094 909400|2299933650
PUT 9095 909500|1149131131
PUT 9096 909600|3367493825
PUT 9097 909700|98536040
PUT 9098 909800|3617841145
PUT 9099 909900|449557840
PUT 9100 910000|157036203
PUT 9101 910100|3291759618
PUT 9102 910200|1224605112
PUT 9103 910300|2241173265
PUT 9104 910400|2317322381
PUT 9105 910500|1199039012
PUT 9106 910600|3418250142
PUT 9107 910700|114700599
PUT 9108 910800|3567936678
PUT 9109 910900|432147983
PUT 9110 911000|2795199885
PUT 9111 911100|1811101476
PUT 9112 911200|3879374494
PUT 9113 911300|710075447
PUT 9114 911400|634977195
PUT 9115 911500|3903885570
PUT 9116 911600|1685661880
PUT 9117 911700|2836480529
PUT 9118 911800|2070747008
PUT 9119 911900|3053813033
PUT 9120 912000|2376322726
PUT 9121 912100|1087087631
PUT 9122 912200|3422690741
PUT 9123 912300|23754524
PUT 9124 912400|249587840
PUT 9125 912500|3280470569
PUT 9126 912600|1329707923
PUT 9127 912700|2183778618
PUT 9128 912800|1347781803
PUT 9129 912900|2638081538
PUT 9130 913000|577027456
PUT 9131 913100|4010596137
PUT 9132 913200|1673883283
PUT 9133 913300|2930574394
PUT 9134 913400|2703694758
PUT 9135 913500|1817145615
PUT 9136 913600|3766929589
PUT 9137 913700|770613788
PUT 9138 913800|4287821709
PUT 9139 913900|855285028
PUT 9140 914000|3688032496
PUT 9141 914100|381321817
PUT 9142 914200|2591243235
PUT 9143 914300|1461408074
PUT 9144 914400|1485917910
PUT 9145 914500|2516132991
PUT 9146 914600|422616517
PUT 9147 914700|3562600300
PUT 9148 914800|103064317
PUT 9149 914900|3410806868
PUT 9150 915000|1947573206
PUT 9151 915100|3112038783
PUT 9152 915200|901007557
PUT 9153 915300|4175176300
PUT 9154 915400|4149624304
PUT 9155 915500|977164121
PUT 9156 915600|3069701859
PUT 9157 915700|2074051658
PUT 9158 915800|2850279899
PUT 9159 915900|1686879090
PUT 9160 916000|1596786941
PUT 9161 916100|2454020692
PUT 9162 916200|512547822
PUT 9163 916300|3554980167
PUT 9164 916400|3698241243
PUT 9165 916500|285656178
PUT 9166 916600|2647621064
PUT 9167 916700|1353127777
PUT 9168 916800|2195407600
PUT 9169 916900|1337141337
PUT 9170 917000|4041898971
PUT 9171 917100|1031934322
PUT 9172 917200|2974525640
PUT 9173 917300|2082718305
PUT 9174 917400|1940512253
PUT 9175 917500|3200366420
PUT 9176 917600|839388910
PUT 9177 917700|4284507207
PUT 9178 917800|756822486
PUT 9179 917900|3765721983
PUT 9180 918000|1999676508
PUT 9181 918100|3126382325
PUT 9182 918200|915502927
PUT 9183 918300|4227407334
PUT 9184 918400|4101177978
PUT 9185 918500|958097619
PUT 9186 918600|3050492265
PUT 9187 918700|2025503680
PUT 9188 918800|2865163857
PUT 9189 918900|1739490552
PUT 9190 919000|3640121210
PUT 9191 919100|362790355
PUT 9192 919200|2572551273
PUT 9193 919300|1413377728
PUT 9194 919400|1538552156
PUT 9195 919500|2531007477
PUT 9196 919600|437625423
PUT 9197 919700|3615344870
PUT 9198 919800|83991927
PUT 9199 919900|3362387934
PUT 9200 920000|2781605752
PUT 9201 920100|1755547089
PUT 9202 920200|3832167531
PUT 9203 920300|688019138
PUT 9204 920400|646465886
PUT 9205 920500|3957335031
PUT 9206 920600|1730779725
PUT 9207 920700|2856448228
PUT 9208 920800|2017305973
PUT 9209 920900|3042299868
PUT 9210 921000|168598622
PUT 9211 921100|3345282807
PUT 9212 921200|1269649229
PUT 9213 921300|2261067236
PUT 9214 921400|2303670904
PUT 9215 921500|1143427281
PUT 9216 921600|3371100523
PUT 9217 921700|92701634
PUT 9218 921800|3623540307
PUT 9219 921900|445824250
PUT 9220 922000|557059957
PUT 9221 922100|3965478364
PUT 9222 922200|1620434022
PUT 9223 922300|2919085775
PUT 9224 922400|2725751123
PUT 9225 922500|1864352762
PUT 9226 922600|3822484032
PUT 9227 922700|784208105
PUT 9228 922800|4240590200
PUT 9229 922900|833236945
PUT 9230 923000|2398321747
PUT 9231 923100|1134237434
PUT 9232 923200|3478302528
PUT 9233 923300|37406185
PUT 9234 923400|229694069
PUT 9235 923500|3235426524
PUT 9236 923600|1276184934
PUT 9237 923700|2172216271
PUT 9238 923800|1392850526
PUT 9239 923900|2657967351
PUT 9240 924000|2001021219
PUT 9241 924100|3123528586
PUT 9242 924200|920975920
PUT 9243 924300|4220293273
PUT 9244 924400|4094070533
PUT 9245 924500|963569068
PUT 9246 924600|3047644182
PUT 9247 924700|2026845887
PUT 9248 924800|2863883054
PUT 9249 924900|1742408071
PUT 9250 925000|3632421381
PUT 9251 925100|367669420
PUT 9252 925200|2569242902
PUT 9253 925300|1414259647
PUT 9254 925400|1539439651
PUT 9255 925500|2527696522
PUT 9256 925600|442511152
PUT 9257 925700|3607643545
PUT 9258 925800|91492360
PUT 9259 925900|3357309601
PUT 9260 926000|4089104686
PUT 9261 926100|1053991815
PUT 9262 926200|2988120637
PUT 9263 926300|2138271892
PUT 9264 926400|1895395080
PUT 9265 926500|3180397985
PUT 9266 926600|827898907
PUT 9267 926700|4231059122
PUT 9268 926800|776766243
PUT 9269 926900|3810847114
PUT 9270 927000|1551743496
PUT 9271 927100|2434125985
PUT 9272 927200|500984091
PUT 9273 927300|3501458354
PUT 9274 927400|3745389614
PUT 9275 927500|307656327
PUT 9276 927600|2661273405
PUT 9277 927700|1408738708
PUT 9278 927800|2173431813
PUT 9279 927900|1289984684
PUT 9280 928000|3685180815
PUT 9281 928100|382668582
PUT 9282 928200|2584131228
PUT 9283 928300|1466883125
PUT 9284 928400|1491387305
PUT 9285 928500|2509023488
PUT 9286 928600|423956666
PUT 9287 928700|3559750163
PUT 9288 928800|105983874
PUT 9289 928900|3409528107
PUT 9290 929000|1952454313
PUT 9291 929100|3104340992
PUT 9292 929200|901891514
PUT 9293 929300|4171869971
PUT 9294 929400|4146311311
PUT 9295 929500|978049574
PUT 9296 929600|3061998492
PUT 9297 929700|2078935349
PUT 9298 929800|2845203620
PUT 9299 929900|1694381581
PUT 9300 930000|2003414518
PUT 9301 930100|3120678751
PUT 9302 930200|919109349
PUT 9303 930300|4221572172
PUT 9304 930400|4096396240
PUT 9305 930500|960651641
PUT 9306 930600|3045841091
PUT 9307 930700|2028188266
PUT 9308 930800|2862606331
PUT 9309 930900|1744276818
PUT 9310 931000|3635338960
PUT 9311 931100|365343865
PUT 9312 931200|2567900611
PUT 9313 931300|1416062826
PUT 9314 931400|1542289654
PUT 9315 931500|2525303391
PUT 9316 931600|441232357
PUT 9317 931700|3609510220
PUT 9318 931800|89691357
PUT 9319 931900|3358654068
PUT 9320 932000|4086713851
PUT 9321 932100|1056843602
PUT 9322 932200|2989989608
PUT 9323 932300|2136994881
PUT 9324 932400|1893067741
PUT 9325 932500|3183313268
PUT 9326 932600|829700302
PUT 9327 932700|4229714535
PUT 9328 932800|778045430
PUT 9329 932900|3808980319
PUT 9330 933000|1548828381
PUT 9331 933100|2436453492
PUT 9332 933200|502328782
PUT 9333 933300|3499657063
PUT 9334 933400|3742537979
PUT 9335 933500|310047314
PUT 9336 933600|2662550504
PUT 9337 933700|1406869825
PUT 9338 933800|2175235280
PUT 9339 933900|1288642169
PUT 9340 934000|2783407021
PUT 9341 934100|1754202372
PUT 9342 934200|3829840062
PUT 9343 934300|690934295
PUT 9344 934400|648334731
PUT 9345 934500|3956057890
PUT 9346 934600|1728388760
PUT 9347 934700|2859299889
PUT 9348 934800|2014388640
PUT 9349 934900|3044625161
PUT 9350 935000|169875595
PUT 9351 935100|3343413794
PUT 9352 935200|1266797464
PUT 9353 935300|2263458097
PUT 9354 935400|2305015469
PUT 9355 935500|1141625860
PUT 9356 935600|3368185278
PUT 9357 935700|95029015
PUT 9358 935800|3621147270
PUT 9359 935900|448673839
PUT 9360 936000|555256736
PUT 9361 936100|3966820617
PUT 9362 936200|1622759603
PUT 9363 936300|2916168218
PUT 9364 936400|2723884422
PUT 9365 936500|1865631535
PUT 9366 936600|3824877205
PUT 9367 936700|781358140
PUT 9368 936800|4243505581
PUT 9369 936900|830909188
PUT 9370 937000|2397042822
PUT 9371 937100|1136103983
PUT 9372 937200|3481152405
PUT 9373 937300|35012924
PUT 9374 937400|228351648
PUT 9375 937500|3237229577
PUT 9376 937600|1279102387
PUT 9377 937700|2169890586
PUT 9378 937800|1395241611
PUT 9379 937900|2655115298
PUT 9380 938000|151332609
PUT 9381 938100|3295497640
PUT 9382 938200|1218769938
PUT 9383 938300|2244779707
PUT 9384 938400|2319876391
PUT 9385 938500|1194257294
PUT 9386 938600|3420934708
PUT 9387 938700|110049437
PUT 9388 938800|3572722956
PUT 9389 938900|429590437
PUT 9390 939000|2797753383
PUT 9391 939100|1806319246
PUT 9392 939200|3882059572
PUT 9393 939300|705424797
PUT 9394 939400|629273089
PUT 9395 939500|3907623080
PUT 9396 939600|1679827218
PUT 9397 939700|2840087483
PUT 9398 939800|2067013162
PUT 9399 939900|3059512451
PUT 9400 940000|664103583
PUT 9401 940100|3942449206
PUT 9402 940200|1714731404
PUT 9403 940300|2874987301
PUT 9404 940400|2765540537
PUT 9405 940500|1774102032
PUT 9406 940600|3849789354
PUT 9407 940700|673150211
PUT 9408 940800|4200800402
PUT 9409 940900|923486779
PUT 9410 941000|2287081913
PUT 9411 941100|1161458448
PUT 9412 941200|3388197546
PUT 9413 941300|77307907
PUT 9414 941400|185712543
PUT 9415 941500|3329873206
PUT 9416 941600|1253076108
PUT 9417 941700|2279081509
PUT 9418 941800|1436832692
PUT 9419 941900|2563520797
PUT 9420 942000|2741668498
PUT 9421 942100|1845682235
PUT 9422 942200|3804977537
PUT 9423 942300|799224616
PUT 9424 942400|539569332
PUT 9425 942500|3980477981
PUT 9426 942600|1636368295
PUT 9427 942700|2900399374
PUT 9428 942800|2124202143
PUT 9429 942900|3019156022
PUT 9430 943000|212728244
PUT 9431 943100|3250950941
PUT 9432 943200|1292642983
PUT 9433 943300|2154053646
PUT 9434 943400|2414763922
PUT 9435 943500|1116091707
PUT 9436 943600|3461319809
PUT 9437 943700|52946472
PUT 9438 943800|3512447929
PUT 9439 943900|473159952
PUT 9440 944000|4112231620
PUT 9441 944100|947111533
PUT 9442 944200|3032121303
PUT 9443 944300|2043811198
PUT 9444 944400|1985481442
PUT 9445 944500|3140509771
PUT 9446 944600|939121137
PUT 9447 944700|4203852632
PUT 9448 944800|686679753
PUT 9449 944900|3850734688
PUT 9450 945000|1524424674
PUT 9451 945100|2545202507
PUT 9452 945200|461180145
PUT 9453 945300|3591726680
PUT 9454 945400|3651107268
PUT 9455 945500|351736685
PUT 9456 945600|2554243799
PUT 9457 945700|1431748734
PUT 9458 945800|2267715055
PUT 9459 945900|1245904710
PUT 9460 946000|1910787273
PUT 9461 946100|3163301472
PUT 9462 946200|809869274
PUT 9463 946300|4247647603
PUT 9464 946400|4071090927
PUT 9465 946500|1070563398
PUT 9466 946600|3003529724
PUT 9467 946700|2121159509
PUT 9468 946800|2886862532
PUT 9469 946900|1635413101
PUT 9470 947000|3726852079
PUT 9471 947100|323704134
PUT 9472 947200|2676157692
PUT 9473 947300|1391101525
PUT 9474 947400|1566611913
PUT 9475 947500|2416505696
PUT 9476 947600|482429658
PUT 9477 947700|3517522035
PUT 9478 947800|64320994
PUT 9479 947900|3468500811
PUT 9480 948000|1509548136
PUT 9481 948100|2492566209
PUT 9482 948200|408433531
PUT 9483 948300|3576715730
PUT 9484 948400|3669640782
PUT 9485 948500|399650023
PUT 9486 948600|2602276189
PUT 9487 948700|1450442740
PUT 9488 948800|2215619173
PUT 9489 948900|1231536332
PUT 9490 949000|4131296078
PUT 9491 949100|995555815
PUT 9492 949200|3080667229
PUT 9493 949300|2063018740
PUT 9494 949400|1971139944
PUT 9495 949500|3088408513
PUT 9496 949600|886892155
PUT 9497 949700|4189359314
PUT 9498 949800|734583107
PUT 9499 949900|3869291498
PUT 9500 950000|4114032657
PUT 9501 950100|945767096
PUT 9502 950200|3029793538
PUT 9503 950300|2046726571
PUT 9504 950400|1987350071
PUT 9505 950500|3139232926
PUT 9506 950600|936729892
PUT 9507 950700|4206704525
PUT 9508 950800|683762204
PUT 9509 950900|3853060277
PUT 9510 951000|1525701431
PUT 9511 951100|2543333790
PUT 9512 951200|458328100
PUT 9513 951300|3594117773
PUT 9514 951400|3652451601
PUT 9515 951500|349935544
PUT 9516 951600|2551328258
PUT 9517 951700|1434076331
PUT 9518 951800|2265321786
PUT 9519 951900|1248754579
PUT 9520 952000|1908983836
PUT 9521 952100|3164644021
PUT 9522 952200|812194575
PUT 9523 952300|4244730278
PUT 9524 952400|4069223994
PUT 9525 952500|1071842451
PUT 9526 952600|3005922601
PUT 9527 952700|2118309760
PUT 9528 952800|2889777681
PUT 9529 952900|1633085624
PUT 9530 953000|3725572922
PUT 9531 953100|325570963
PUT 9532 953200|2679007273
PUT 9533 953300|1388708480
PUT 9534 953400|1565269276
PUT 9535 953500|2418309045
PUT 9536 953600|485346831
PUT 9537 953700|3515196582
PUT 9538 953800|66711863
PUT 9539 953900|3465649054
PUT 9540 954000|666496586
PUT 9541 954100|3939599587
PUT 9542 954200|1712864601
PUT 9543 954300|2876266480
PUT 9544 954400|2767865964
PUT 9545 954500|1771184837
PUT 9546 954600|3847986047
PUT 9547 954700|674492886
PUT 9548 954800|4199523399
PUT 9549 954900|925355758
PUT 9550 955000|2289999212
PUT 9551 955100|1159133125
PUT 9552 955200|3386855039
PUT 9553 955300|79111382
PUT 9554 955400|188562250
PUT 9555 955500|3327480291
PUT 9556 955600|1251797081
PUT 9557 955700|2280948464
PUT 9558 955800|1435031393
PUT 9559 955900|2564865480
PUT 9560 956000|2739277383
PUT 9561 956100|1848534254
PUT 9562 956200|3806846292
PUT 9563 956300|797947901
PUT 9564 956400|537241697
PUT 9565 956500|3983393480
PUT 9566 956600|1638169458
PUT 9567 956700|2899055067
PUT 9568 956800|2125481034
PUT 9569 956900|3017289443
PUT 9570 957000|209812833
PUT 9571 957100|3253278664
PUT 9572 957200|1293987442
PUT 9573 957300|2152252635
PUT 9574 957400|2411912007
PUT 9575 957500|1118482926
PUT 9576 957600|3462596692
PUT 9577 957700|51077885
PUT 9578 957800|3514251116
PUT 9579 957900|471817669
PUT 9580 958000|2338038502
PUT 9581 958100|1177798735
PUT 9582 958200|3405410805
PUT 9583 958300|127015772
PUT 9584 958400|135791808
PUT 9585 958500|3312479849
PUT 9586 958600|1236916179
PUT 9587 958700|2228338042
PUT 9588 958800|1454237931
PUT 9589 958900|2613412418
PUT 9590 959000|614257088
PUT 9591 959100|3925130089
PUT 9592 959200|1698497235
PUT 9593 959300|2824169594
PUT 9594 959400|2816440294
PUT 9595 959500|1790385487
PUT 9596 959600|3867059445
PUT 9597 959700|722914908
PUT 9598 959800|4184513485
PUT 9599 959900|872608100
PUT 9600 960000|1503717826
PUT 9601 960100|2496168811
PUT 9602 960200|402733777
PUT 9603 960300|3580448888
PUT 9604 960400|3672330212
PUT 9605 960500|394995021
PUT 9606 960600|2604834039
PUT 9607 960700|1445656158
PUT 9608 960800|2220270543
PUT 9609 960900|1228851558
PUT 9610 961000|4133984996
PUT 9611 961100|990900301
PUT 9612 961200|3083225591
PUT 9613 961300|2058232670
PUT 9614 961400|1965309122
PUT 9615 961500|3092010603
PUT 9616 961600|881192913
PUT 9617 961700|4193092984
PUT 9618 961800|730976489
PUT 9619 961900|3875125824
PUT 9620 962000|3713993167
PUT 9621 962100|272065382
PUT 9622 962200|2633947868
PUT 9623 962300|1368830069
PUT 9624 962400|1578938345
PUT 9625 962500|2473903424
PUT 9626 962600|532511994
PUT 9627 962700|3537180243
PUT 9628 962800|11092930
PUT 9629 962900|3451988331
PUT 9630 963000|1922595561
PUT 9631 963100|3220181056
PUT 9632 963200|859417082
PUT 9633 963300|4266771283
PUT 9634 963400|4057717967
PUT 9635 963500|1018410598
PUT 9636 963600|2960789468
PUT 9637 963700|2098357621
PUT 9638 963800|2943234276
PUT 9639 963900|1644583501
PUT 9640 964000|2335059865
PUT 9641 964100|1179010352
PUT 9642 964200|3398433930
PUT 9643 964300|132617763
PUT 9644 964400|141396415
PUT 9645 964500|3305497366
PUT 9646 964600|1238129324
PUT 9647 964700|2225352709
PUT 9648 964800|1457022356
PUT 9649 964900|2612006717
PUT 9650 965000|619273407
PUT 9651 965100|3917559318
PUT 9652 965200|1699254188
PUT 9653 965300|2820728069
PUT 9654 965400|2813000345
PUT 9655 965500|1791135792
PUT 9656 965600|3859491210
PUT 9657 965700|727925539
PUT 9658 965800|4179564210
PUT 9659 965900|880245787
PUT 9660 966000|265408404
PUT 9661 966100|3266946365
PUT 9662 966200|1315970183
PUT 9663 966300|2199418414
PUT 9664 966400|2358405554
PUT 9665 966500|1106903835
PUT 9666 966600|3442719393
PUT 9667 966700|6017032
PUT 9668 966800|3525805465
PUT 9669 966900|525332272
PUT 9670 967000|2685844658
PUT 9671 967100|1837028891
PUT 9672 967200|3786895265
PUT 9673 967300|752813320
PUT 9674 967400|592779924
PUT 9675 967500|3997003837
PUT 9676 967600|1660209543
PUT 9677 967700|2946278190
PUT 9678 967800|2111895231
PUT 9679 967900|2961742870
PUT 9680 968000|667706165
PUT 9681 968100|3936618908
PUT 9682 968200|1718464550
PUT 9683 968300|2869287567
PUT 9684 968400|2760885523
PUT 9685 968500|1776791482
PUT 9686 968600|3845002752
PUT 9687 968700|675708073
PUT 9688 968800|4198115640
PUT 9689 968900|928138129
PUT 9690 969000|2282426387
PUT 9691 969100|1164147386
PUT 9692 969200|3383411456
PUT 9693 969300|79866281
PUT 9694 969400|189314613
PUT 9695 969500|3324042396
PUT 9696 969600|1256809766
PUT 9697 969700|2273382287
PUT 9698 969800|1442667038
PUT 9699 969900|2559914167
PUT 9700 970000|2332207948
PUT 9701 970100|1181401573
PUT 9702 970200|3399710815
PUT 9703 970300|130749174
PUT 9704 970400|138481002
PUT 9705 970500|3307825091
PUT 9706 970600|1239473785
PUT 9707 970700|2223551696
PUT 9708 970800|1458889025
PUT 9709 970900|2610727912
PUT 9710 971000|616945770
PUT 9711 971100|3920474819
PUT 9712 971200|1701055353
PUT 9713 971300|2819383760
PUT 9714 971400|2810609228
PUT 9715 971500|1793987813
PUT 9716 971600|3861359967
PUT 9717 971700|726648822
PUT 9718 971800|4180906599
PUT 9719 971900|878442702
PUT 9720 972000|268258113
PUT 9721 972100|3264553448
PUT 9722 972200|1314691154
PUT 9723 972300|2201285371
PUT 9724 972400|2361322855
PUT 9725 972500|1104578510
PUT 9726 972600|3441376884
PUT 9727 972700|7820509
PUT 9728 972800|3523936588
PUT 9729 972900|526609381
PUT 9730 973000|2688170087
PUT 9731 973100|1834111694
PUT 9732 973200|3785091956
PUT 9733 973300|754155997
PUT 9734 973400|595172929
PUT 9735 973500|3994154216
PUT 9736 973600|1658342738
PUT 9737 973700|2947557371
PUT 9738 973800|2110550634
PUT 9739 973900|2963544259
PUT 9740 974000|1502375191
PUT 9741 974100|2497972158
PUT 9742 974200|405650948
PUT 9743 974300|3578123437
PUT 9744 974400|3671051057
PUT 9745 974500|396861848
PUT 9746 974600|2607683618
PUT 9747 974700|1443263115
PUT 9748 974800|2222597914
PUT 9749 974900|1225936307
PUT 9750 975000|4132118065
PUT 9751 975100|992179352
PUT 9752 975200|3085618466
PUT 9753 975300|2055382923
PUT 9754 975400|1963505687
PUT 9755 975500|3093353150
PUT 9756 975600|883518212
PUT 9757 975700|4190175661
PUT 9758 975800|733828156
PUT 9759 975900|3872734869
PUT 9760 976000|3715337498
PUT 9761 976100|270264243
PUT 9762 976200|2631032329
PUT 9763 976300|1371157664
PUT 9764 976400|1580215100
PUT 9765 976500|2472034709
PUT 9766 976600|529659951
PUT 9767 976700|3539571334
PUT 9768 976800|8767255
PUT 9769 976900|3454905790
PUT 9770 977000|1924464188
PUT 9771 977100|3218904213
PUT 9772 977200|857025839
PUT 9773 977300|4269623174
PUT 9774 977400|4059519002
PUT 9775 977500|1017066163
PUT 9776 977600|2958461705
PUT 9777 977700|2101272992
PUT 9778 977800|2940384305
PUT 9779 977900|1646976664
PUT 9780 978000|4117635515
PUT 9781 978100|939936530
PUT 9782 978200|3033526952
PUT 9783 978300|2041026561
PUT 9784 978400|1982695325
PUT 9785 978500|3141922100
PUT 9786 978600|931943566
PUT 9787 978700|4209262119
PUT 9788 978800|681077686
PUT 9789 978900|3857711391
PUT 9790 979000|1521046173
PUT 9791 979100|2546022452
PUT 9792 979200|453542286
PUT 9793 979300|3596675879
PUT 9794 979400|3656053947
PUT 9795 979500|344104466
PUT 9796 979600|2555062184
PUT 9797 979700|1428376833
PUT 9798 979800|2271156368
PUT 9799 979900|1245147705
PUT 9800 980000|4166608656
PUT 9801 980100|892407225
PUT 9802 980200|3120083971
PUT 9803 980300|1955651242
PUT 9804 980400|2065350966
PUT 9805 980500|3060968351
PUT 9806 980600|985338405
PUT 9807 980700|4157831308
PUT 9808 980800|632237341
PUT 9809 980900|3905374132
PUT 9810 981000|1469977654
PUT 9811 981100|2599845535
PUT 9812 981200|373278501
PUT 9813 981300|3679956364
PUT 9814 981400|3571298832
PUT 9815 981500|431347897
PUT 9816 981600|2507956483
PUT 9817 981700|1477708714
PUT 9818 981800|2322095675
PUT 9819 981900|1191195794
PUT 9820 982000|2091288349
PUT 9821 982100|2983128500
PUT 9822 982200|1023890446
PUT 9823 982300|4033822375
PUT 9824 982400|4293206331
PUT 9825 982500|848120722
PUT 9826 982600|3192189480
PUT 9827 982700|1932302465
PUT 9828 982800|2706427152
PUT 9829 982900|1815652281
PUT 9830 983000|3546412091
PUT 9831 983100|503946898
PUT 9832 983200|2462066472
PUT 9833 983300|1604865409
PUT 9834 983400|1344426525
PUT 9835 983500|2638887092
PUT 9836 983600|293830926
PUT 9837 983700|3706448807
PUT 9838 983800|244825654
PUT 9839 983900|3288323231
PUT 9840 984000|718774603
PUT 9841 984100|3888106466
PUT 9842 984200|1802924632
PUT 9843 984300|2786990321
PUT 9844 984400|2845050733
PUT 9845 984500|1694264772
PUT 9846 984600|3895841918
PUT 9847 984700|626900695
PUT 9848 984800|4146195270
PUT 9849 984900|977895919
PUT 9850 985000|2232472173
PUT 9851 985100|1215871172
PUT 9852 985200|3299934590
PUT 9853 985300|165243863
PUT 9854 985400|106132555
PUT 9855 985500|3409649378
PUT 9856 985600|1207084888
PUT 9857 985700|2325401073
PUT 9858 985800|1491507296
PUT 9859 985900|2509173449
PUT 9860 986000|2921873734
PUT 9861 986100|1665149935
PUT 9862 986200|4018770517
PUT 9863 986300|585234684
PUT 9864 986400|762046304
PUT 9865 986500|3758329289
PUT 9866 986600|1825191027
PUT 9867 986700|2711772890
PUT 9868 986800|1943931723
PUT 9869 986900|3199623650
PUT 9870 987000|32453216
PUT 9871 987100|3431422153
PUT 9872 987200|1078911347
PUT 9873 987300|2368113626
PUT 9874 987400|2192348230
PUT 9875 987500|1338310383
PUT 9876 987600|3272427349
PUT 9877 987700|241511932
PUT 9878 987800|3692656749
PUT 9879 987900|292623044
PUT 9880 988000|2251681255
PUT 9881 988100|1264420686
PUT 9882 988200|3348381428
PUT 9883 988300|184308829
PUT 9884 988400|91638721
PUT 9885 988500|3357417832
PUT 9886 988600|1154980050
PUT 9887 988700|2311058043
PUT 9888 988800|1539549162
PUT 9889 988900|2527841603
PUT 9890 989000|703766209
PUT 9891 989100|3835360360
PUT 9892 989200|1750289874
PUT 9893 989300|2772117371
PUT 9894 989400|2863741159
PUT 9895 989500|1742295630
PUT 9896 989600|3943754740
PUT 9897 989700|645431645
PUT 9898 989800|4093957324
PUT 9899 989900|963427941
PUT 9900 990000|721102238
PUT 9901 990100|3885190967
PUT 9902 990200|1801123469
PUT 9903 990300|2788334628
PUT 9904 990400|2847441848
PUT 9905 990500|1691412753
PUT 9906 990600|3893973163
PUT 9907 990700|628177410
PUT 9908 990800|4144852883
PUT 9909 990900|979699002
PUT 9910 991000|2235324088
PUT 9911 991100|1213479953
PUT 9912 991200|3298657707
PUT 9913 991300|167112450
PUT 9914 991400|109047966
PUT 9915 991500|3407321655
PUT 9916 991600|1205740429
PUT 9917 991700|2327202084
PUT 9918 991800|1489640629
PUT 9919 991900|2510452252
PUT 9920 992000|2919548307
PUT 9921 992100|1668067130
PUT 9922 992200|4020573824
PUT 9923 992300|583892009
PUT 9924 992400|759653301
PUT 9925 992500|3761178908
PUT 9926 992600|1827057830
PUT 9927 992700|2710493711
PUT 9928 992800|1945276318
PUT 9929 992900|3197822263
PUT 9930 993000|29603509
PUT 9931 993100|3433815068
PUT 9932 993200|1080190374
PUT 9933 993300|2366246671
PUT 9934 993400|2189430931
PUT 9935 993500|1340635706
PUT 9936 993600|3273769856
PUT 9937 993700|239708457
PUT 9938 993800|3694525624
PUT 9939 993900|291345937
PUT 9940 994000|4168475589
PUT 9941 994100|891128172
PUT 9942 994200|3117691094
PUT 9943 994300|1958500991
PUT 9944 994400|2067154403
PUT 9945 994500|3059625802
PUT 9946 994600|983013104
PUT 9947 994700|4160748633
PUT 9948 994800|629385672
PUT 9949 994900|3907765089
PUT 9950 995000|1471320291
PUT 9951 995100|2598042186
PUT 9952 995200|370361328
PUT 9953 995300|3682281817
PUT 9954 995400|3572577989
PUT 9955 995500|429481068
PUT 9956 995600|2505106902
PUT 9957 995700|1480101759
PUT 9958 995800|2319768302
PUT 9959 995900|1194111047
PUT 9960 996000|2089419720
PUT 9961 996100|2984405345
PUT 9962 996200|1026281691
PUT 9963 996300|4030970482
PUT 9964 996400|4291405294
PUT 9965 996500|849465159
PUT 9966 996600|3194517245
PUT 9967 996700|1929387092
PUT 9968 996800|2709277125
PUT 9969 996900|1813259116
PUT 9970 997000|3545067758
PUT 9971 997100|505748039
PUT 9972 997200|2464982013
PUT 9973 997300|1602537812
PUT 9974 997400|1343149768
PUT 9975 997500|2640755809
PUT 9976 997600|296682971
PUT 9977 997700|3704057714
PUT 9978 997800|247151331
PUT 9979 997900|3285405770
PUT 9980 998000|1419226985
PUT 9981 998100|2583676352
PUT 9982 998200|355892346
PUT 9983 998300|3630044883
PUT 9984 998400|3620997455
PUT 9985 998500|448553958
PUT 9986 998600|2524306012
PUT 9987 998700|1528672501
PUT 9988 998800|2304894308
PUT 9989 998900|1141477325
PUT 9990 999000|4216380495
PUT 9991 999100|909686502
PUT 9992 999200|3136360284
PUT 9993 999300|2006541813
PUT 9994 999400|2014542441
PUT 9995 999500|3044741312
PUT 9996 999600|968010106
PUT 9997 999700|4107977683
PUT 9998 999800|648451650
PUT 9999 999900|3956210923
